================================================================
== Design Size Report
================================================================

* Total Instructions per Compilation Phase
+---------------+-----------------------------+--------------+----------------------------------------------------------------------------------------+
| Phase         | Step                        | Instructions | Description                                                                            |
+---------------+-----------------------------+--------------+----------------------------------------------------------------------------------------+
| Compile/Link  |                             | 539          | After all functions are compiled and linked into a single design                       |
|               |                             |              |                                                                                        |
| Unroll/Inline |                             |              | After user unroll and inline pragmas are applied                                       |
|               | (1) unroll                  | 312          | user unroll pragmas are applied                                                        |
|               | (2) simplification          | 293          | simplification of applied user unroll pragmas                                          |
|               | (3) inline                  | 293          | user inline pragmas are applied                                                        |
|               | (4) simplification          | 293          | simplification of applied user inline pragmas                                          |
|               |                             |              |                                                                                        |
| Array/Struct  |                             |              | After user array partition and struct aggregate/disaggregate pragmas are applied       |
|               | (1) array partition         | 296          | user array partition pragmas are applied                                               |
|               | (2) simplification          | 296          | simplification of applied user array partition & struct aggregate/disaggregate pragmas |
|               | (3) aggregate/disaggregate  | 296          | user struct aggregate/disaggregate pragmas are applied                                 |
|               | (4) array reshape           | 296          | apply array reshape pragmas                                                            |
|               | (5) access patterns         | 296          | array access pattern optmizations                                                      |
|               |                             |              |                                                                                        |
| Performance   |                             |              | After transformations are applied to meet performance pragma targets                   |
|               | (1) loop simplification     | 296          | loop and instruction simplification                                                    |
|               | (2) parallelization         | 296          | loops are unrolled or pipelined to meet performance targets                            |
|               | (3) array partition         | 261          | arrays are partitioned to meet performance targets                                     |
|               | (4) simplification          | 261          | simplification of design after performance transformations                             |
|               |                             |              |                                                                                        |
| HW Transforms |                             |              | After hardware transfomations                                                          |
|               | (1) lowering                | 273          | initial conversion to HW specific instructions                                         |
|               | (2) optimizations           | 275          | high level synthesis optimizations                                                     |
+---------------+-----------------------------+--------------+----------------------------------------------------------------------------------------+

* Instructions per Function for each Compilation Phase
+--------------------------+------------------------+--------------+---------------+--------------+-------------+---------------+
| Function                 | Location               | Compile/Link | Unroll/Inline | Array/Struct | Performance | HW Transforms |
+--------------------------+------------------------+--------------+---------------+--------------+-------------+---------------+
| + HW_dwt53_forward       | dwt_idwt_cdf_5_3.c:103 | 539          | 293           | 296          | 261         | 275           |
|    HW_dwt53_forward_core | dwt_idwt_cdf_5_3.c:42  | 339          | 150           | 153          | 121         | 121           |
+--------------------------+------------------------+--------------+---------------+--------------+-------------+---------------+

* Design Size Message Settings
+---------------------------------------------+--------+------------------------------------------------------------------+
| Message Setting                             | Value  | Description                                                      |
+---------------------------------------------+--------+------------------------------------------------------------------+
| config_compile -design_size_maximum_warning | 100000 | Show a warning when total design instructions exceeds this value |
+---------------------------------------------+--------+------------------------------------------------------------------+


