

================================================================
== Vitis HLS Report for 'HW_dwt53_forward'
================================================================
* Date:           Thu Sep 25 08:40:49 2025

* Version:        2024.2 (Build 5238294 on Nov  8 2024)
* Project:        HW_dwt53_forward
* Solution:       hls (Vivado IP Flow Target)
* Product family: kintexuplus
* Target device:  xcku5p-ffvb676-2-e


================================================================
== Performance Estimates
================================================================
+ Timing: 
    * Summary: 
    +--------+----------+----------+------------+
    |  Clock |  Target  | Estimated| Uncertainty|
    +--------+----------+----------+------------+
    |ap_clk  |  10.00 ns|  3.869 ns|     2.70 ns|
    +--------+----------+----------+------------+

+ Latency: 
    * Summary: 
    +---------+---------+-----------+-----------+-----+-----+---------+
    |  Latency (cycles) |   Latency (absolute)  |  Interval | Pipeline|
    |   min   |   max   |    min    |    max    | min | max |   Type  |
    +---------+---------+-----------+-----------+-----+-----+---------+
    |        1|        1|  10.000 ns|  10.000 ns|    2|    2|       no|
    +---------+---------+-----------+-----------+-----+-----+---------+

    + Detail: 
        * Instance: 
        N/A

        * Loop: 
        N/A



================================================================
== Utilization Estimates
================================================================
* Summary: 
+-----------------+---------+------+--------+--------+-----+
|       Name      | BRAM_18K|  DSP |   FF   |   LUT  | URAM|
+-----------------+---------+------+--------+--------+-----+
|DSP              |        -|     -|       -|       -|    -|
|Expression       |        -|     -|       0|     703|    -|
|FIFO             |        -|     -|       -|       -|    -|
|Instance         |        -|     -|       -|       -|    -|
|Memory           |        -|     -|       -|       -|    -|
|Multiplexer      |        -|     -|       0|      14|    -|
|Register         |        -|     -|       2|       -|    -|
+-----------------+---------+------+--------+--------+-----+
|Total            |        0|     0|       2|     717|    0|
+-----------------+---------+------+--------+--------+-----+
|Available        |      960|  1824|  433920|  216960|   64|
+-----------------+---------+------+--------+--------+-----+
|Utilization (%)  |        0|     0|      ~0|      ~0|    0|
+-----------------+---------+------+--------+--------+-----+

+ Detail: 
    * Instance: 
    N/A

    * DSP: 
    N/A

    * Memory: 
    N/A

    * FIFO: 
    N/A

    * Expression: 
    +----------------------+----------+----+---+----+------------+------------+
    |     Variable Name    | Operation| DSP| FF| LUT| Bitwidth P0| Bitwidth P1|
    +----------------------+----------+----+---+----+------------+------------+
    |add_ln65_fu_336_p2    |         +|   0|  0|  16|           9|           9|
    |add_ln66_fu_366_p2    |         +|   0|  0|  16|           9|           9|
    |add_ln67_fu_396_p2    |         +|   0|  0|  16|           9|           9|
    |add_ln68_fu_430_p2    |         +|   0|  0|  16|           9|           9|
    |add_ln69_fu_464_p2    |         +|   0|  0|  16|           9|           9|
    |add_ln70_fu_498_p2    |         +|   0|  0|  16|           9|           9|
    |add_ln71_fu_532_p2    |         +|   0|  0|  16|           9|           9|
    |add_ln72_fu_566_p2    |         +|   0|  0|  16|           9|           9|
    |add_ln74_1_fu_610_p2  |         +|   0|  0|  18|          11|          11|
    |add_ln74_fu_600_p2    |         +|   0|  0|  17|          10|           2|
    |add_ln75_fu_634_p2    |         +|   0|  0|  18|          11|          11|
    |add_ln76_1_fu_668_p2  |         +|   0|  0|  18|          11|          11|
    |add_ln76_fu_658_p2    |         +|   0|  0|  17|          10|           2|
    |add_ln77_1_fu_702_p2  |         +|   0|  0|  18|          11|          11|
    |add_ln77_fu_692_p2    |         +|   0|  0|  17|          10|           2|
    |add_ln78_1_fu_736_p2  |         +|   0|  0|  18|          11|          11|
    |add_ln78_fu_726_p2    |         +|   0|  0|  17|          10|           2|
    |add_ln79_1_fu_770_p2  |         +|   0|  0|  18|          11|          11|
    |add_ln79_fu_760_p2    |         +|   0|  0|  17|          10|           2|
    |add_ln80_1_fu_804_p2  |         +|   0|  0|  18|          11|          11|
    |add_ln80_fu_794_p2    |         +|   0|  0|  17|          10|           2|
    |add_ln81_1_fu_838_p2  |         +|   0|  0|  18|          11|          11|
    |add_ln81_fu_828_p2    |         +|   0|  0|  17|          10|           2|
    |low_1_fu_868_p2       |         +|   0|  0|  23|          16|          16|
    |low_2_fu_874_p2       |         +|   0|  0|  23|          16|          16|
    |low_3_fu_880_p2       |         +|   0|  0|  23|          16|          16|
    |low_4_fu_886_p2       |         +|   0|  0|  23|          16|          16|
    |low_5_fu_892_p2       |         +|   0|  0|  23|          16|          16|
    |low_6_fu_898_p2       |         +|   0|  0|  23|          16|          16|
    |low_7_fu_904_p2       |         +|   0|  0|  23|          16|          16|
    |low_fu_862_p2         |         +|   0|  0|  23|          16|          16|
    |d_10_fu_416_p2        |         -|   0|  0|  16|           9|           9|
    |d_14_fu_552_p2        |         -|   0|  0|  16|           9|           9|
    |d_16_fu_386_p2        |         -|   0|  0|  16|           9|           9|
    |d_17_fu_450_p2        |         -|   0|  0|  16|           9|           9|
    |d_18_fu_484_p2        |         -|   0|  0|  16|           9|           9|
    |d_19_fu_518_p2        |         -|   0|  0|  16|           9|           9|
    |d_20_fu_586_p2        |         -|   0|  0|  16|           9|           9|
    |d_fu_356_p2           |         -|   0|  0|  16|           9|           9|
    +----------------------+----------+----+---+----+------------+------------+
    |Total                 |          |   0|  0| 703|         430|         374|
    +----------------------+----------+----+---+----+------------+------------+

    * Multiplexer: 
    +-----------+----+-----------+-----+-----------+
    |    Name   | LUT| Input Size| Bits| Total Bits|
    +-----------+----+-----------+-----+-----------+
    |ap_NS_fsm  |  14|          3|    1|          3|
    +-----------+----+-----------+-----+-----------+
    |Total      |  14|          3|    1|          3|
    +-----------+----+-----------+-----+-----------+

    * Register: 
    +-----------+---+----+-----+-----------+
    |    Name   | FF| LUT| Bits| Const Bits|
    +-----------+---+----+-----+-----------+
    |ap_CS_fsm  |  2|   0|    2|          0|
    +-----------+---+----+-----+-----------+
    |Total      |  2|   0|    2|          0|
    +-----------+---+----+-----+-----------+



================================================================
== Interface
================================================================
* Summary: 
+------------------+-----+-----+------------+------------------+--------------+
|     RTL Ports    | Dir | Bits|  Protocol  |   Source Object  |    C Type    |
+------------------+-----+-----+------------+------------------+--------------+
|ap_clk            |   in|    1|  ap_ctrl_hs|  HW_dwt53_forward|  return value|
|ap_rst            |   in|    1|  ap_ctrl_hs|  HW_dwt53_forward|  return value|
|ap_start          |   in|    1|  ap_ctrl_hs|  HW_dwt53_forward|  return value|
|ap_done           |  out|    1|  ap_ctrl_hs|  HW_dwt53_forward|  return value|
|ap_idle           |  out|    1|  ap_ctrl_hs|  HW_dwt53_forward|  return value|
|ap_ready          |  out|    1|  ap_ctrl_hs|  HW_dwt53_forward|  return value|
|op1               |   in|   64|     ap_none|               op1|        scalar|
|op2               |   in|   64|     ap_none|               op2|        scalar|
|p_low_03          |  out|   64|      ap_vld|          p_low_03|       pointer|
|p_low_03_ap_vld   |  out|    1|      ap_vld|          p_low_03|       pointer|
|p_low_47          |  out|   64|      ap_vld|          p_low_47|       pointer|
|p_low_47_ap_vld   |  out|    1|      ap_vld|          p_low_47|       pointer|
|p_high_03         |  out|   64|      ap_vld|         p_high_03|       pointer|
|p_high_03_ap_vld  |  out|    1|      ap_vld|         p_high_03|       pointer|
|p_high_47         |  out|   64|      ap_vld|         p_high_47|       pointer|
|p_high_47_ap_vld  |  out|    1|      ap_vld|         p_high_47|       pointer|
+------------------+-----+-----+------------+------------------+--------------+

