

================================================================
== Vitis HLS Report for 'HW_dwt53_inverse'
================================================================
* Date:           Thu Sep 25 08:43:59 2025

* Version:        2024.2 (Build 5238294 on Nov  8 2024)
* Project:        HW_dwt53_inverse
* Solution:       hls (Vivado IP Flow Target)
* Product family: kintexuplus
* Target device:  xcku5p-ffvb676-2-e


================================================================
== Performance Estimates
================================================================
+ Timing: 
    * Summary: 
    +--------+----------+----------+------------+
    |  Clock |  Target  | Estimated| Uncertainty|
    +--------+----------+----------+------------+
    |ap_clk  |  10.00 ns|  5.627 ns|     2.70 ns|
    +--------+----------+----------+------------+

+ Latency: 
    * Summary: 
    +---------+---------+-----------+-----------+-----+-----+---------+
    |  Latency (cycles) |   Latency (absolute)  |  Interval | Pipeline|
    |   min   |   max   |    min    |    max    | min | max |   Type  |
    +---------+---------+-----------+-----------+-----+-----+---------+
    |        1|        1|  10.000 ns|  10.000 ns|    2|    2|       no|
    +---------+---------+-----------+-----------+-----+-----+---------+

    + Detail: 
        * Instance: 
        N/A

        * Loop: 
        N/A

============================================================
+ Verbose Summary: Synthesis Manager
============================================================
InlineROM: 1
ExposeGlobal: 0
============================================================
+ Verbose Summary: CDFG Model
============================================================
IsTopModel: 1
ResetActiveHigh: 1
IsCombinational: 0
IsDatapathOnly: 0
HasWiredReturn: 1
HasMFsm: 0
HasVarLatency: 1
IsPipeline: 0
IsRtlPipelined: 0
IsInstanceOverlapped: 0
IsDontTouch: 0
HasImplIP: 0
IsGatedGlobalClock: 0


============================================================
+ Verbose Summary: Schedule
============================================================
* Number of FSM states : 2
* Pipeline : 0
* Dataflow Pipeline: 0

* FSM state transitions: 
1 --> 2 
2 --> 

* FSM state operations: 

State 1 <SV = 0> <Delay = 5.62>
ST_1 : Operation 3 [1/1] (0.00ns)   --->   "%high_47_read = read i64 @_ssdm_op_Read.ap_auto.i64, i64 %high_47" [../c_sources/dwt_idwt_cdf_5_3.c:238]   --->   Operation 3 'read' 'high_47_read' <Predicate = true> <Delay = 0.00>
ST_1 : Operation 4 [1/1] (0.00ns)   --->   "%high_03_read = read i64 @_ssdm_op_Read.ap_auto.i64, i64 %high_03" [../c_sources/dwt_idwt_cdf_5_3.c:238]   --->   Operation 4 'read' 'high_03_read' <Predicate = true> <Delay = 0.00>
ST_1 : Operation 5 [1/1] (0.00ns)   --->   "%low_47_read = read i64 @_ssdm_op_Read.ap_auto.i64, i64 %low_47" [../c_sources/dwt_idwt_cdf_5_3.c:238]   --->   Operation 5 'read' 'low_47_read' <Predicate = true> <Delay = 0.00>
ST_1 : Operation 6 [1/1] (0.00ns)   --->   "%low_03_read = read i64 @_ssdm_op_Read.ap_auto.i64, i64 %low_03" [../c_sources/dwt_idwt_cdf_5_3.c:238]   --->   Operation 6 'read' 'low_03_read' <Predicate = true> <Delay = 0.00>
ST_1 : Operation 7 [1/1] (0.00ns)   --->   "%in_low = partselect i16 @_ssdm_op_PartSelect.i16.i64.i32.i32, i64 %low_03_read, i32 48, i32 63" [../c_sources/dwt_idwt_cdf_5_3.c:247]   --->   Operation 7 'partselect' 'in_low' <Predicate = true> <Delay = 0.00>
ST_1 : Operation 8 [1/1] (0.00ns)   --->   "%in_low_1 = partselect i16 @_ssdm_op_PartSelect.i16.i64.i32.i32, i64 %low_03_read, i32 32, i32 47" [../c_sources/dwt_idwt_cdf_5_3.c:248]   --->   Operation 8 'partselect' 'in_low_1' <Predicate = true> <Delay = 0.00>
ST_1 : Operation 9 [1/1] (0.00ns)   --->   "%in_low_2 = partselect i16 @_ssdm_op_PartSelect.i16.i64.i32.i32, i64 %low_03_read, i32 16, i32 31" [../c_sources/dwt_idwt_cdf_5_3.c:249]   --->   Operation 9 'partselect' 'in_low_2' <Predicate = true> <Delay = 0.00>
ST_1 : Operation 10 [1/1] (0.00ns)   --->   "%in_low_3 = trunc i64 %low_03_read" [../c_sources/dwt_idwt_cdf_5_3.c:250]   --->   Operation 10 'trunc' 'in_low_3' <Predicate = true> <Delay = 0.00>
ST_1 : Operation 11 [1/1] (0.00ns)   --->   "%in_low_4 = partselect i16 @_ssdm_op_PartSelect.i16.i64.i32.i32, i64 %low_47_read, i32 48, i32 63" [../c_sources/dwt_idwt_cdf_5_3.c:251]   --->   Operation 11 'partselect' 'in_low_4' <Predicate = true> <Delay = 0.00>
ST_1 : Operation 12 [1/1] (0.00ns)   --->   "%in_low_5 = partselect i16 @_ssdm_op_PartSelect.i16.i64.i32.i32, i64 %low_47_read, i32 32, i32 47" [../c_sources/dwt_idwt_cdf_5_3.c:252]   --->   Operation 12 'partselect' 'in_low_5' <Predicate = true> <Delay = 0.00>
ST_1 : Operation 13 [1/1] (0.00ns)   --->   "%in_low_6 = partselect i16 @_ssdm_op_PartSelect.i16.i64.i32.i32, i64 %low_47_read, i32 16, i32 31" [../c_sources/dwt_idwt_cdf_5_3.c:253]   --->   Operation 13 'partselect' 'in_low_6' <Predicate = true> <Delay = 0.00>
ST_1 : Operation 14 [1/1] (0.00ns)   --->   "%in_low_7 = trunc i64 %low_47_read" [../c_sources/dwt_idwt_cdf_5_3.c:254]   --->   Operation 14 'trunc' 'in_low_7' <Predicate = true> <Delay = 0.00>
ST_1 : Operation 15 [1/1] (0.00ns)   --->   "%in_high = partselect i16 @_ssdm_op_PartSelect.i16.i64.i32.i32, i64 %high_03_read, i32 48, i32 63" [../c_sources/dwt_idwt_cdf_5_3.c:256]   --->   Operation 15 'partselect' 'in_high' <Predicate = true> <Delay = 0.00>
ST_1 : Operation 16 [1/1] (0.00ns)   --->   "%in_high_1 = partselect i16 @_ssdm_op_PartSelect.i16.i64.i32.i32, i64 %high_03_read, i32 32, i32 47" [../c_sources/dwt_idwt_cdf_5_3.c:257]   --->   Operation 16 'partselect' 'in_high_1' <Predicate = true> <Delay = 0.00>
ST_1 : Operation 17 [1/1] (0.00ns)   --->   "%in_high_2 = partselect i16 @_ssdm_op_PartSelect.i16.i64.i32.i32, i64 %high_03_read, i32 16, i32 31" [../c_sources/dwt_idwt_cdf_5_3.c:258]   --->   Operation 17 'partselect' 'in_high_2' <Predicate = true> <Delay = 0.00>
ST_1 : Operation 18 [1/1] (0.00ns)   --->   "%in_high_3 = trunc i64 %high_03_read" [../c_sources/dwt_idwt_cdf_5_3.c:259]   --->   Operation 18 'trunc' 'in_high_3' <Predicate = true> <Delay = 0.00>
ST_1 : Operation 19 [1/1] (0.00ns)   --->   "%in_high_4 = partselect i16 @_ssdm_op_PartSelect.i16.i64.i32.i32, i64 %high_47_read, i32 48, i32 63" [../c_sources/dwt_idwt_cdf_5_3.c:260]   --->   Operation 19 'partselect' 'in_high_4' <Predicate = true> <Delay = 0.00>
ST_1 : Operation 20 [1/1] (0.00ns)   --->   "%in_high_5 = partselect i16 @_ssdm_op_PartSelect.i16.i64.i32.i32, i64 %high_47_read, i32 32, i32 47" [../c_sources/dwt_idwt_cdf_5_3.c:261]   --->   Operation 20 'partselect' 'in_high_5' <Predicate = true> <Delay = 0.00>
ST_1 : Operation 21 [1/1] (0.00ns)   --->   "%in_high_6 = partselect i16 @_ssdm_op_PartSelect.i16.i64.i32.i32, i64 %high_47_read, i32 16, i32 31" [../c_sources/dwt_idwt_cdf_5_3.c:262]   --->   Operation 21 'partselect' 'in_high_6' <Predicate = true> <Delay = 0.00>
ST_1 : Operation 22 [1/1] (0.00ns)   --->   "%in_high_7 = trunc i64 %high_47_read" [../c_sources/dwt_idwt_cdf_5_3.c:263]   --->   Operation 22 'trunc' 'in_high_7' <Predicate = true> <Delay = 0.00>
ST_1 : Operation 23 [1/1] (5.62ns)   --->   "%call_ret = call i128 @HW_dwt53_inverse_core, i16 %in_low, i16 %in_low_1, i16 %in_low_2, i16 %in_low_3, i16 %in_low_4, i16 %in_low_5, i16 %in_low_6, i16 %in_low_7, i16 %in_high, i16 %in_high_1, i16 %in_high_2, i16 %in_high_3, i16 %in_high_4, i16 %in_high_5, i16 %in_high_6, i16 %in_high_7" [../c_sources/dwt_idwt_cdf_5_3.c:265]   --->   Operation 23 'call' 'call_ret' <Predicate = true> <Delay = 5.62> <CoreType = "Generic">   --->   Generic Core
ST_1 : Operation 24 [1/1] (0.00ns)   --->   "%out = extractvalue i128 %call_ret" [../c_sources/dwt_idwt_cdf_5_3.c:265]   --->   Operation 24 'extractvalue' 'out' <Predicate = true> <Delay = 0.00>
ST_1 : Operation 25 [1/1] (0.00ns)   --->   "%out_1 = extractvalue i128 %call_ret" [../c_sources/dwt_idwt_cdf_5_3.c:265]   --->   Operation 25 'extractvalue' 'out_1' <Predicate = true> <Delay = 0.00>
ST_1 : Operation 26 [1/1] (0.00ns)   --->   "%out_2 = extractvalue i128 %call_ret" [../c_sources/dwt_idwt_cdf_5_3.c:265]   --->   Operation 26 'extractvalue' 'out_2' <Predicate = true> <Delay = 0.00>
ST_1 : Operation 27 [1/1] (0.00ns)   --->   "%out_3 = extractvalue i128 %call_ret" [../c_sources/dwt_idwt_cdf_5_3.c:265]   --->   Operation 27 'extractvalue' 'out_3' <Predicate = true> <Delay = 0.00>
ST_1 : Operation 28 [1/1] (0.00ns)   --->   "%out_4 = extractvalue i128 %call_ret" [../c_sources/dwt_idwt_cdf_5_3.c:265]   --->   Operation 28 'extractvalue' 'out_4' <Predicate = true> <Delay = 0.00>
ST_1 : Operation 29 [1/1] (0.00ns)   --->   "%out_5 = extractvalue i128 %call_ret" [../c_sources/dwt_idwt_cdf_5_3.c:265]   --->   Operation 29 'extractvalue' 'out_5' <Predicate = true> <Delay = 0.00>
ST_1 : Operation 30 [1/1] (0.00ns)   --->   "%out_6 = extractvalue i128 %call_ret" [../c_sources/dwt_idwt_cdf_5_3.c:265]   --->   Operation 30 'extractvalue' 'out_6' <Predicate = true> <Delay = 0.00>
ST_1 : Operation 31 [1/1] (0.00ns)   --->   "%out_7 = extractvalue i128 %call_ret" [../c_sources/dwt_idwt_cdf_5_3.c:265]   --->   Operation 31 'extractvalue' 'out_7' <Predicate = true> <Delay = 0.00>
ST_1 : Operation 32 [1/1] (0.00ns)   --->   "%out_8 = extractvalue i128 %call_ret" [../c_sources/dwt_idwt_cdf_5_3.c:265]   --->   Operation 32 'extractvalue' 'out_8' <Predicate = true> <Delay = 0.00>
ST_1 : Operation 33 [1/1] (0.00ns)   --->   "%out_9 = extractvalue i128 %call_ret" [../c_sources/dwt_idwt_cdf_5_3.c:265]   --->   Operation 33 'extractvalue' 'out_9' <Predicate = true> <Delay = 0.00>
ST_1 : Operation 34 [1/1] (0.00ns)   --->   "%out_10 = extractvalue i128 %call_ret" [../c_sources/dwt_idwt_cdf_5_3.c:265]   --->   Operation 34 'extractvalue' 'out_10' <Predicate = true> <Delay = 0.00>
ST_1 : Operation 35 [1/1] (0.00ns)   --->   "%out_11 = extractvalue i128 %call_ret" [../c_sources/dwt_idwt_cdf_5_3.c:265]   --->   Operation 35 'extractvalue' 'out_11' <Predicate = true> <Delay = 0.00>
ST_1 : Operation 36 [1/1] (0.00ns)   --->   "%out_12 = extractvalue i128 %call_ret" [../c_sources/dwt_idwt_cdf_5_3.c:265]   --->   Operation 36 'extractvalue' 'out_12' <Predicate = true> <Delay = 0.00>
ST_1 : Operation 37 [1/1] (0.00ns)   --->   "%out_13 = extractvalue i128 %call_ret" [../c_sources/dwt_idwt_cdf_5_3.c:265]   --->   Operation 37 'extractvalue' 'out_13' <Predicate = true> <Delay = 0.00>
ST_1 : Operation 38 [1/1] (0.00ns)   --->   "%out_14 = extractvalue i128 %call_ret" [../c_sources/dwt_idwt_cdf_5_3.c:265]   --->   Operation 38 'extractvalue' 'out_14' <Predicate = true> <Delay = 0.00>
ST_1 : Operation 39 [1/1] (0.00ns)   --->   "%out_15 = extractvalue i128 %call_ret" [../c_sources/dwt_idwt_cdf_5_3.c:265]   --->   Operation 39 'extractvalue' 'out_15' <Predicate = true> <Delay = 0.00>
ST_1 : Operation 40 [1/1] (0.00ns)   --->   "%or_ln = bitconcatenate i64 @_ssdm_op_BitConcatenate.i64.i8.i8.i8.i8.i8.i8.i8.i8, i8 %out, i8 %out_1, i8 %out_2, i8 %out_3, i8 %out_4, i8 %out_5, i8 %out_6, i8 %out_7" [../c_sources/dwt_idwt_cdf_5_3.c:275]   --->   Operation 40 'bitconcatenate' 'or_ln' <Predicate = true> <Delay = 0.00>
ST_1 : Operation 41 [1/1] (0.00ns)   --->   "%write_ln275 = write void @_ssdm_op_Write.ap_auto.i64P0A, i64 %p_out_0, i64 %or_ln" [../c_sources/dwt_idwt_cdf_5_3.c:275]   --->   Operation 41 'write' 'write_ln275' <Predicate = true> <Delay = 0.00>
ST_1 : Operation 42 [1/1] (0.00ns)   --->   "%or_ln1 = bitconcatenate i64 @_ssdm_op_BitConcatenate.i64.i8.i8.i8.i8.i8.i8.i8.i8, i8 %out_8, i8 %out_9, i8 %out_10, i8 %out_11, i8 %out_12, i8 %out_13, i8 %out_14, i8 %out_15" [../c_sources/dwt_idwt_cdf_5_3.c:285]   --->   Operation 42 'bitconcatenate' 'or_ln1' <Predicate = true> <Delay = 0.00>
ST_1 : Operation 43 [1/1] (0.00ns)   --->   "%write_ln285 = write void @_ssdm_op_Write.ap_auto.i64P0A, i64 %p_out_1, i64 %or_ln1" [../c_sources/dwt_idwt_cdf_5_3.c:285]   --->   Operation 43 'write' 'write_ln285' <Predicate = true> <Delay = 0.00>

State 2 <SV = 1> <Delay = 0.00>
ST_2 : Operation 44 [1/1] (0.00ns)   --->   "%spectopmodule_ln238 = spectopmodule void @_ssdm_op_SpecTopModule, void @empty_1" [../c_sources/dwt_idwt_cdf_5_3.c:238]   --->   Operation 44 'spectopmodule' 'spectopmodule_ln238' <Predicate = true> <Delay = 0.00>
ST_2 : Operation 45 [1/1] (0.00ns)   --->   "%speclatency_ln240 = speclatency void @_ssdm_op_SpecLatency, i64 1, i64 65535, void @empty_0" [../c_sources/dwt_idwt_cdf_5_3.c:240]   --->   Operation 45 'speclatency' 'speclatency_ln240' <Predicate = true> <Delay = 0.00>
ST_2 : Operation 46 [1/1] (0.00ns)   --->   "%specbitsmap_ln0 = specbitsmap void @_ssdm_op_SpecBitsMap, i64 %low_03"   --->   Operation 46 'specbitsmap' 'specbitsmap_ln0' <Predicate = true> <Delay = 0.00>
ST_2 : Operation 47 [1/1] (0.00ns)   --->   "%specinterface_ln0 = specinterface void @_ssdm_op_SpecInterface, i64 %low_03, void @empty, i32 0, i32 0, void @empty_0, i32 0, i32 0, void @empty_0, void @empty_0, void @empty_0, i32 0, i32 0, i32 0, i32 0, void @empty_0, void @empty_0, i32 4294967295, i32 0, i32 0"   --->   Operation 47 'specinterface' 'specinterface_ln0' <Predicate = true> <Delay = 0.00>
ST_2 : Operation 48 [1/1] (0.00ns)   --->   "%specbitsmap_ln0 = specbitsmap void @_ssdm_op_SpecBitsMap, i64 %low_47"   --->   Operation 48 'specbitsmap' 'specbitsmap_ln0' <Predicate = true> <Delay = 0.00>
ST_2 : Operation 49 [1/1] (0.00ns)   --->   "%specinterface_ln0 = specinterface void @_ssdm_op_SpecInterface, i64 %low_47, void @empty, i32 0, i32 0, void @empty_0, i32 0, i32 0, void @empty_0, void @empty_0, void @empty_0, i32 0, i32 0, i32 0, i32 0, void @empty_0, void @empty_0, i32 4294967295, i32 0, i32 0"   --->   Operation 49 'specinterface' 'specinterface_ln0' <Predicate = true> <Delay = 0.00>
ST_2 : Operation 50 [1/1] (0.00ns)   --->   "%specbitsmap_ln0 = specbitsmap void @_ssdm_op_SpecBitsMap, i64 %high_03"   --->   Operation 50 'specbitsmap' 'specbitsmap_ln0' <Predicate = true> <Delay = 0.00>
ST_2 : Operation 51 [1/1] (0.00ns)   --->   "%specinterface_ln0 = specinterface void @_ssdm_op_SpecInterface, i64 %high_03, void @empty, i32 0, i32 0, void @empty_0, i32 0, i32 0, void @empty_0, void @empty_0, void @empty_0, i32 0, i32 0, i32 0, i32 0, void @empty_0, void @empty_0, i32 4294967295, i32 0, i32 0"   --->   Operation 51 'specinterface' 'specinterface_ln0' <Predicate = true> <Delay = 0.00>
ST_2 : Operation 52 [1/1] (0.00ns)   --->   "%specbitsmap_ln0 = specbitsmap void @_ssdm_op_SpecBitsMap, i64 %high_47"   --->   Operation 52 'specbitsmap' 'specbitsmap_ln0' <Predicate = true> <Delay = 0.00>
ST_2 : Operation 53 [1/1] (0.00ns)   --->   "%specinterface_ln0 = specinterface void @_ssdm_op_SpecInterface, i64 %high_47, void @empty, i32 0, i32 0, void @empty_0, i32 0, i32 0, void @empty_0, void @empty_0, void @empty_0, i32 0, i32 0, i32 0, i32 0, void @empty_0, void @empty_0, i32 4294967295, i32 0, i32 0"   --->   Operation 53 'specinterface' 'specinterface_ln0' <Predicate = true> <Delay = 0.00>
ST_2 : Operation 54 [1/1] (0.00ns)   --->   "%specbitsmap_ln0 = specbitsmap void @_ssdm_op_SpecBitsMap, i64 %p_out_0"   --->   Operation 54 'specbitsmap' 'specbitsmap_ln0' <Predicate = true> <Delay = 0.00>
ST_2 : Operation 55 [1/1] (0.00ns)   --->   "%specinterface_ln0 = specinterface void @_ssdm_op_SpecInterface, i64 %p_out_0, void @empty, i32 0, i32 0, void @empty_0, i32 0, i32 0, void @empty_0, void @empty_0, void @empty_0, i32 0, i32 0, i32 0, i32 0, void @empty_0, void @empty_0, i32 4294967295, i32 0, i32 0"   --->   Operation 55 'specinterface' 'specinterface_ln0' <Predicate = true> <Delay = 0.00>
ST_2 : Operation 56 [1/1] (0.00ns)   --->   "%specbitsmap_ln0 = specbitsmap void @_ssdm_op_SpecBitsMap, i64 %p_out_1"   --->   Operation 56 'specbitsmap' 'specbitsmap_ln0' <Predicate = true> <Delay = 0.00>
ST_2 : Operation 57 [1/1] (0.00ns)   --->   "%specinterface_ln0 = specinterface void @_ssdm_op_SpecInterface, i64 %p_out_1, void @empty, i32 0, i32 0, void @empty_0, i32 0, i32 0, void @empty_0, void @empty_0, void @empty_0, i32 0, i32 0, i32 0, i32 0, void @empty_0, void @empty_0, i32 4294967295, i32 0, i32 0"   --->   Operation 57 'specinterface' 'specinterface_ln0' <Predicate = true> <Delay = 0.00>
ST_2 : Operation 58 [1/1] (0.00ns)   --->   "%ret_ln286 = ret" [../c_sources/dwt_idwt_cdf_5_3.c:286]   --->   Operation 58 'ret' 'ret_ln286' <Predicate = true> <Delay = 0.00>


============================================================
+ Verbose Summary: Timing violations
============================================================
Target clock period: 10.000ns, clock uncertainty: 2.700ns.

 <State 1>: 5.627ns
The critical path consists of the following:
	wire read operation ('high_47', ../c_sources/dwt_idwt_cdf_5_3.c:238) on port 'high_47' (../c_sources/dwt_idwt_cdf_5_3.c:238) [21]  (0.000 ns)
	'call' operation 128 bit ('call_ret', ../c_sources/dwt_idwt_cdf_5_3.c:265) to 'HW_dwt53_inverse_core' [41]  (5.627 ns)

 <State 2>: 0.000ns
The critical path consists of the following:


============================================================
+ Verbose Summary: Binding
============================================================
N/A
* FSMD analyzer results:
  - Output states:
 - Input state : 
  - Chain level:
	State 1
	State 2


============================================================
+ Verbose Summary: Datapath Resource usage 
============================================================
N/A
