

================================================================
== Vitis HLS Report for 'HW_dwt53_inverse'
================================================================
* Date:           Thu Sep 25 08:43:59 2025

* Version:        2024.2 (Build 5238294 on Nov  8 2024)
* Project:        HW_dwt53_inverse
* Solution:       hls (Vivado IP Flow Target)
* Product family: kintexuplus
* Target device:  xcku5p-ffvb676-2-e


================================================================
== Performance Estimates
================================================================
+ Timing: 
    * Summary: 
    +--------+----------+----------+------------+
    |  Clock |  Target  | Estimated| Uncertainty|
    +--------+----------+----------+------------+
    |ap_clk  |  10.00 ns|  5.627 ns|     2.70 ns|
    +--------+----------+----------+------------+

+ Latency: 
    * Summary: 
    +---------+---------+-----------+-----------+-----+-----+---------+
    |  Latency (cycles) |   Latency (absolute)  |  Interval | Pipeline|
    |   min   |   max   |    min    |    max    | min | max |   Type  |
    +---------+---------+-----------+-----------+-----+-----+---------+
    |        1|        1|  10.000 ns|  10.000 ns|    2|    2|       no|
    +---------+---------+-----------+-----------+-----+-----+---------+

    + Detail: 
        * Instance: 
        +--------------------------------------+-----------------------+---------+---------+----------+----------+-----+-----+---------+
        |                                      |                       |  Latency (cycles) |  Latency (absolute) |  Interval | Pipeline|
        |               Instance               |         Module        |   min   |   max   |    min   |    max   | min | max |   Type  |
        +--------------------------------------+-----------------------+---------+---------+----------+----------+-----+-----+---------+
        |call_ret_HW_dwt53_inverse_core_fu_94  |HW_dwt53_inverse_core  |        0|        0|      0 ns|      0 ns|    0|    0|       no|
        +--------------------------------------+-----------------------+---------+---------+----------+----------+-----+-----+---------+

        * Loop: 
        N/A

============================================================
+ Verbose Summary: Synthesis Manager
============================================================
InlineROM: 1
ExposeGlobal: 0
============================================================
+ Verbose Summary: CDFG Model
============================================================
IsTopModel: 1
ResetActiveHigh: 1
IsCombinational: 0
IsDatapathOnly: 0
HasWiredReturn: 1
HasMFsm: 0
HasVarLatency: 1
IsPipeline: 0
IsRtlPipelined: 0
IsInstanceOverlapped: 0
IsDontTouch: 0
HasImplIP: 0
IsGatedGlobalClock: 0


============================================================
+ Verbose Summary: Schedule
============================================================
* Number of FSM states : 2
* Pipeline : 0
* Dataflow Pipeline: 0

* FSM state transitions: 
1 --> 2 
2 --> 

* FSM state operations: 

State 1 <SV = 0> <Delay = 5.62>
ST_1 : Operation 3 [1/1] (0.00ns)   --->   "%high_47_read = read i64 @_ssdm_op_Read.ap_auto.i64, i64 %high_47" [../c_sources/dwt_idwt_cdf_5_3.c:238]   --->   Operation 3 'read' 'high_47_read' <Predicate = true> <Delay = 0.00>
ST_1 : Operation 4 [1/1] (0.00ns)   --->   "%high_03_read = read i64 @_ssdm_op_Read.ap_auto.i64, i64 %high_03" [../c_sources/dwt_idwt_cdf_5_3.c:238]   --->   Operation 4 'read' 'high_03_read' <Predicate = true> <Delay = 0.00>
ST_1 : Operation 5 [1/1] (0.00ns)   --->   "%low_47_read = read i64 @_ssdm_op_Read.ap_auto.i64, i64 %low_47" [../c_sources/dwt_idwt_cdf_5_3.c:238]   --->   Operation 5 'read' 'low_47_read' <Predicate = true> <Delay = 0.00>
ST_1 : Operation 6 [1/1] (0.00ns)   --->   "%low_03_read = read i64 @_ssdm_op_Read.ap_auto.i64, i64 %low_03" [../c_sources/dwt_idwt_cdf_5_3.c:238]   --->   Operation 6 'read' 'low_03_read' <Predicate = true> <Delay = 0.00>
ST_1 : Operation 7 [1/1] (0.00ns)   --->   "%in_low = partselect i16 @_ssdm_op_PartSelect.i16.i64.i32.i32, i64 %low_03_read, i32 48, i32 63" [../c_sources/dwt_idwt_cdf_5_3.c:247]   --->   Operation 7 'partselect' 'in_low' <Predicate = true> <Delay = 0.00>
ST_1 : Operation 8 [1/1] (0.00ns)   --->   "%in_low_1 = partselect i16 @_ssdm_op_PartSelect.i16.i64.i32.i32, i64 %low_03_read, i32 32, i32 47" [../c_sources/dwt_idwt_cdf_5_3.c:248]   --->   Operation 8 'partselect' 'in_low_1' <Predicate = true> <Delay = 0.00>
ST_1 : Operation 9 [1/1] (0.00ns)   --->   "%in_low_2 = partselect i16 @_ssdm_op_PartSelect.i16.i64.i32.i32, i64 %low_03_read, i32 16, i32 31" [../c_sources/dwt_idwt_cdf_5_3.c:249]   --->   Operation 9 'partselect' 'in_low_2' <Predicate = true> <Delay = 0.00>
ST_1 : Operation 10 [1/1] (0.00ns)   --->   "%in_low_3 = trunc i64 %low_03_read" [../c_sources/dwt_idwt_cdf_5_3.c:250]   --->   Operation 10 'trunc' 'in_low_3' <Predicate = true> <Delay = 0.00>
ST_1 : Operation 11 [1/1] (0.00ns)   --->   "%in_low_4 = partselect i16 @_ssdm_op_PartSelect.i16.i64.i32.i32, i64 %low_47_read, i32 48, i32 63" [../c_sources/dwt_idwt_cdf_5_3.c:251]   --->   Operation 11 'partselect' 'in_low_4' <Predicate = true> <Delay = 0.00>
ST_1 : Operation 12 [1/1] (0.00ns)   --->   "%in_low_5 = partselect i16 @_ssdm_op_PartSelect.i16.i64.i32.i32, i64 %low_47_read, i32 32, i32 47" [../c_sources/dwt_idwt_cdf_5_3.c:252]   --->   Operation 12 'partselect' 'in_low_5' <Predicate = true> <Delay = 0.00>
ST_1 : Operation 13 [1/1] (0.00ns)   --->   "%in_low_6 = partselect i16 @_ssdm_op_PartSelect.i16.i64.i32.i32, i64 %low_47_read, i32 16, i32 31" [../c_sources/dwt_idwt_cdf_5_3.c:253]   --->   Operation 13 'partselect' 'in_low_6' <Predicate = true> <Delay = 0.00>
ST_1 : Operation 14 [1/1] (0.00ns)   --->   "%in_low_7 = trunc i64 %low_47_read" [../c_sources/dwt_idwt_cdf_5_3.c:254]   --->   Operation 14 'trunc' 'in_low_7' <Predicate = true> <Delay = 0.00>
ST_1 : Operation 15 [1/1] (0.00ns)   --->   "%in_high = partselect i16 @_ssdm_op_PartSelect.i16.i64.i32.i32, i64 %high_03_read, i32 48, i32 63" [../c_sources/dwt_idwt_cdf_5_3.c:256]   --->   Operation 15 'partselect' 'in_high' <Predicate = true> <Delay = 0.00>
ST_1 : Operation 16 [1/1] (0.00ns)   --->   "%in_high_1 = partselect i16 @_ssdm_op_PartSelect.i16.i64.i32.i32, i64 %high_03_read, i32 32, i32 47" [../c_sources/dwt_idwt_cdf_5_3.c:257]   --->   Operation 16 'partselect' 'in_high_1' <Predicate = true> <Delay = 0.00>
ST_1 : Operation 17 [1/1] (0.00ns)   --->   "%in_high_2 = partselect i16 @_ssdm_op_PartSelect.i16.i64.i32.i32, i64 %high_03_read, i32 16, i32 31" [../c_sources/dwt_idwt_cdf_5_3.c:258]   --->   Operation 17 'partselect' 'in_high_2' <Predicate = true> <Delay = 0.00>
ST_1 : Operation 18 [1/1] (0.00ns)   --->   "%in_high_3 = trunc i64 %high_03_read" [../c_sources/dwt_idwt_cdf_5_3.c:259]   --->   Operation 18 'trunc' 'in_high_3' <Predicate = true> <Delay = 0.00>
ST_1 : Operation 19 [1/1] (0.00ns)   --->   "%in_high_4 = partselect i16 @_ssdm_op_PartSelect.i16.i64.i32.i32, i64 %high_47_read, i32 48, i32 63" [../c_sources/dwt_idwt_cdf_5_3.c:260]   --->   Operation 19 'partselect' 'in_high_4' <Predicate = true> <Delay = 0.00>
ST_1 : Operation 20 [1/1] (0.00ns)   --->   "%in_high_5 = partselect i16 @_ssdm_op_PartSelect.i16.i64.i32.i32, i64 %high_47_read, i32 32, i32 47" [../c_sources/dwt_idwt_cdf_5_3.c:261]   --->   Operation 20 'partselect' 'in_high_5' <Predicate = true> <Delay = 0.00>
ST_1 : Operation 21 [1/1] (0.00ns)   --->   "%in_high_6 = partselect i16 @_ssdm_op_PartSelect.i16.i64.i32.i32, i64 %high_47_read, i32 16, i32 31" [../c_sources/dwt_idwt_cdf_5_3.c:262]   --->   Operation 21 'partselect' 'in_high_6' <Predicate = true> <Delay = 0.00>
ST_1 : Operation 22 [1/1] (0.00ns)   --->   "%in_high_7 = trunc i64 %high_47_read" [../c_sources/dwt_idwt_cdf_5_3.c:263]   --->   Operation 22 'trunc' 'in_high_7' <Predicate = true> <Delay = 0.00>
ST_1 : Operation 23 [1/1] (5.62ns)   --->   "%call_ret = call i128 @HW_dwt53_inverse_core, i16 %in_low, i16 %in_low_1, i16 %in_low_2, i16 %in_low_3, i16 %in_low_4, i16 %in_low_5, i16 %in_low_6, i16 %in_low_7, i16 %in_high, i16 %in_high_1, i16 %in_high_2, i16 %in_high_3, i16 %in_high_4, i16 %in_high_5, i16 %in_high_6, i16 %in_high_7" [../c_sources/dwt_idwt_cdf_5_3.c:265]   --->   Operation 23 'call' 'call_ret' <Predicate = true> <Delay = 5.62> <CoreType = "Generic">   --->   Generic Core
ST_1 : Operation 24 [1/1] (0.00ns)   --->   "%out = extractvalue i128 %call_ret" [../c_sources/dwt_idwt_cdf_5_3.c:265]   --->   Operation 24 'extractvalue' 'out' <Predicate = true> <Delay = 0.00>
ST_1 : Operation 25 [1/1] (0.00ns)   --->   "%out_1 = extractvalue i128 %call_ret" [../c_sources/dwt_idwt_cdf_5_3.c:265]   --->   Operation 25 'extractvalue' 'out_1' <Predicate = true> <Delay = 0.00>
ST_1 : Operation 26 [1/1] (0.00ns)   --->   "%out_2 = extractvalue i128 %call_ret" [../c_sources/dwt_idwt_cdf_5_3.c:265]   --->   Operation 26 'extractvalue' 'out_2' <Predicate = true> <Delay = 0.00>
ST_1 : Operation 27 [1/1] (0.00ns)   --->   "%out_3 = extractvalue i128 %call_ret" [../c_sources/dwt_idwt_cdf_5_3.c:265]   --->   Operation 27 'extractvalue' 'out_3' <Predicate = true> <Delay = 0.00>
ST_1 : Operation 28 [1/1] (0.00ns)   --->   "%out_4 = extractvalue i128 %call_ret" [../c_sources/dwt_idwt_cdf_5_3.c:265]   --->   Operation 28 'extractvalue' 'out_4' <Predicate = true> <Delay = 0.00>
ST_1 : Operation 29 [1/1] (0.00ns)   --->   "%out_5 = extractvalue i128 %call_ret" [../c_sources/dwt_idwt_cdf_5_3.c:265]   --->   Operation 29 'extractvalue' 'out_5' <Predicate = true> <Delay = 0.00>
ST_1 : Operation 30 [1/1] (0.00ns)   --->   "%out_6 = extractvalue i128 %call_ret" [../c_sources/dwt_idwt_cdf_5_3.c:265]   --->   Operation 30 'extractvalue' 'out_6' <Predicate = true> <Delay = 0.00>
ST_1 : Operation 31 [1/1] (0.00ns)   --->   "%out_7 = extractvalue i128 %call_ret" [../c_sources/dwt_idwt_cdf_5_3.c:265]   --->   Operation 31 'extractvalue' 'out_7' <Predicate = true> <Delay = 0.00>
ST_1 : Operation 32 [1/1] (0.00ns)   --->   "%out_8 = extractvalue i128 %call_ret" [../c_sources/dwt_idwt_cdf_5_3.c:265]   --->   Operation 32 'extractvalue' 'out_8' <Predicate = true> <Delay = 0.00>
ST_1 : Operation 33 [1/1] (0.00ns)   --->   "%out_9 = extractvalue i128 %call_ret" [../c_sources/dwt_idwt_cdf_5_3.c:265]   --->   Operation 33 'extractvalue' 'out_9' <Predicate = true> <Delay = 0.00>
ST_1 : Operation 34 [1/1] (0.00ns)   --->   "%out_10 = extractvalue i128 %call_ret" [../c_sources/dwt_idwt_cdf_5_3.c:265]   --->   Operation 34 'extractvalue' 'out_10' <Predicate = true> <Delay = 0.00>
ST_1 : Operation 35 [1/1] (0.00ns)   --->   "%out_11 = extractvalue i128 %call_ret" [../c_sources/dwt_idwt_cdf_5_3.c:265]   --->   Operation 35 'extractvalue' 'out_11' <Predicate = true> <Delay = 0.00>
ST_1 : Operation 36 [1/1] (0.00ns)   --->   "%out_12 = extractvalue i128 %call_ret" [../c_sources/dwt_idwt_cdf_5_3.c:265]   --->   Operation 36 'extractvalue' 'out_12' <Predicate = true> <Delay = 0.00>
ST_1 : Operation 37 [1/1] (0.00ns)   --->   "%out_13 = extractvalue i128 %call_ret" [../c_sources/dwt_idwt_cdf_5_3.c:265]   --->   Operation 37 'extractvalue' 'out_13' <Predicate = true> <Delay = 0.00>
ST_1 : Operation 38 [1/1] (0.00ns)   --->   "%out_14 = extractvalue i128 %call_ret" [../c_sources/dwt_idwt_cdf_5_3.c:265]   --->   Operation 38 'extractvalue' 'out_14' <Predicate = true> <Delay = 0.00>
ST_1 : Operation 39 [1/1] (0.00ns)   --->   "%out_15 = extractvalue i128 %call_ret" [../c_sources/dwt_idwt_cdf_5_3.c:265]   --->   Operation 39 'extractvalue' 'out_15' <Predicate = true> <Delay = 0.00>
ST_1 : Operation 40 [1/1] (0.00ns)   --->   "%or_ln = bitconcatenate i64 @_ssdm_op_BitConcatenate.i64.i8.i8.i8.i8.i8.i8.i8.i8, i8 %out, i8 %out_1, i8 %out_2, i8 %out_3, i8 %out_4, i8 %out_5, i8 %out_6, i8 %out_7" [../c_sources/dwt_idwt_cdf_5_3.c:275]   --->   Operation 40 'bitconcatenate' 'or_ln' <Predicate = true> <Delay = 0.00>
ST_1 : Operation 41 [1/1] (0.00ns)   --->   "%write_ln275 = write void @_ssdm_op_Write.ap_auto.i64P0A, i64 %p_out_0, i64 %or_ln" [../c_sources/dwt_idwt_cdf_5_3.c:275]   --->   Operation 41 'write' 'write_ln275' <Predicate = true> <Delay = 0.00>
ST_1 : Operation 42 [1/1] (0.00ns)   --->   "%or_ln1 = bitconcatenate i64 @_ssdm_op_BitConcatenate.i64.i8.i8.i8.i8.i8.i8.i8.i8, i8 %out_8, i8 %out_9, i8 %out_10, i8 %out_11, i8 %out_12, i8 %out_13, i8 %out_14, i8 %out_15" [../c_sources/dwt_idwt_cdf_5_3.c:285]   --->   Operation 42 'bitconcatenate' 'or_ln1' <Predicate = true> <Delay = 0.00>
ST_1 : Operation 43 [1/1] (0.00ns)   --->   "%write_ln285 = write void @_ssdm_op_Write.ap_auto.i64P0A, i64 %p_out_1, i64 %or_ln1" [../c_sources/dwt_idwt_cdf_5_3.c:285]   --->   Operation 43 'write' 'write_ln285' <Predicate = true> <Delay = 0.00>

State 2 <SV = 1> <Delay = 0.00>
ST_2 : Operation 44 [1/1] (0.00ns)   --->   "%spectopmodule_ln238 = spectopmodule void @_ssdm_op_SpecTopModule, void @empty_1" [../c_sources/dwt_idwt_cdf_5_3.c:238]   --->   Operation 44 'spectopmodule' 'spectopmodule_ln238' <Predicate = true> <Delay = 0.00>
ST_2 : Operation 45 [1/1] (0.00ns)   --->   "%speclatency_ln240 = speclatency void @_ssdm_op_SpecLatency, i64 1, i64 65535, void @empty_0" [../c_sources/dwt_idwt_cdf_5_3.c:240]   --->   Operation 45 'speclatency' 'speclatency_ln240' <Predicate = true> <Delay = 0.00>
ST_2 : Operation 46 [1/1] (0.00ns)   --->   "%specbitsmap_ln0 = specbitsmap void @_ssdm_op_SpecBitsMap, i64 %low_03"   --->   Operation 46 'specbitsmap' 'specbitsmap_ln0' <Predicate = true> <Delay = 0.00>
ST_2 : Operation 47 [1/1] (0.00ns)   --->   "%specinterface_ln0 = specinterface void @_ssdm_op_SpecInterface, i64 %low_03, void @empty, i32 0, i32 0, void @empty_0, i32 0, i32 0, void @empty_0, void @empty_0, void @empty_0, i32 0, i32 0, i32 0, i32 0, void @empty_0, void @empty_0, i32 4294967295, i32 0, i32 0"   --->   Operation 47 'specinterface' 'specinterface_ln0' <Predicate = true> <Delay = 0.00>
ST_2 : Operation 48 [1/1] (0.00ns)   --->   "%specbitsmap_ln0 = specbitsmap void @_ssdm_op_SpecBitsMap, i64 %low_47"   --->   Operation 48 'specbitsmap' 'specbitsmap_ln0' <Predicate = true> <Delay = 0.00>
ST_2 : Operation 49 [1/1] (0.00ns)   --->   "%specinterface_ln0 = specinterface void @_ssdm_op_SpecInterface, i64 %low_47, void @empty, i32 0, i32 0, void @empty_0, i32 0, i32 0, void @empty_0, void @empty_0, void @empty_0, i32 0, i32 0, i32 0, i32 0, void @empty_0, void @empty_0, i32 4294967295, i32 0, i32 0"   --->   Operation 49 'specinterface' 'specinterface_ln0' <Predicate = true> <Delay = 0.00>
ST_2 : Operation 50 [1/1] (0.00ns)   --->   "%specbitsmap_ln0 = specbitsmap void @_ssdm_op_SpecBitsMap, i64 %high_03"   --->   Operation 50 'specbitsmap' 'specbitsmap_ln0' <Predicate = true> <Delay = 0.00>
ST_2 : Operation 51 [1/1] (0.00ns)   --->   "%specinterface_ln0 = specinterface void @_ssdm_op_SpecInterface, i64 %high_03, void @empty, i32 0, i32 0, void @empty_0, i32 0, i32 0, void @empty_0, void @empty_0, void @empty_0, i32 0, i32 0, i32 0, i32 0, void @empty_0, void @empty_0, i32 4294967295, i32 0, i32 0"   --->   Operation 51 'specinterface' 'specinterface_ln0' <Predicate = true> <Delay = 0.00>
ST_2 : Operation 52 [1/1] (0.00ns)   --->   "%specbitsmap_ln0 = specbitsmap void @_ssdm_op_SpecBitsMap, i64 %high_47"   --->   Operation 52 'specbitsmap' 'specbitsmap_ln0' <Predicate = true> <Delay = 0.00>
ST_2 : Operation 53 [1/1] (0.00ns)   --->   "%specinterface_ln0 = specinterface void @_ssdm_op_SpecInterface, i64 %high_47, void @empty, i32 0, i32 0, void @empty_0, i32 0, i32 0, void @empty_0, void @empty_0, void @empty_0, i32 0, i32 0, i32 0, i32 0, void @empty_0, void @empty_0, i32 4294967295, i32 0, i32 0"   --->   Operation 53 'specinterface' 'specinterface_ln0' <Predicate = true> <Delay = 0.00>
ST_2 : Operation 54 [1/1] (0.00ns)   --->   "%specbitsmap_ln0 = specbitsmap void @_ssdm_op_SpecBitsMap, i64 %p_out_0"   --->   Operation 54 'specbitsmap' 'specbitsmap_ln0' <Predicate = true> <Delay = 0.00>
ST_2 : Operation 55 [1/1] (0.00ns)   --->   "%specinterface_ln0 = specinterface void @_ssdm_op_SpecInterface, i64 %p_out_0, void @empty, i32 0, i32 0, void @empty_0, i32 0, i32 0, void @empty_0, void @empty_0, void @empty_0, i32 0, i32 0, i32 0, i32 0, void @empty_0, void @empty_0, i32 4294967295, i32 0, i32 0"   --->   Operation 55 'specinterface' 'specinterface_ln0' <Predicate = true> <Delay = 0.00>
ST_2 : Operation 56 [1/1] (0.00ns)   --->   "%specbitsmap_ln0 = specbitsmap void @_ssdm_op_SpecBitsMap, i64 %p_out_1"   --->   Operation 56 'specbitsmap' 'specbitsmap_ln0' <Predicate = true> <Delay = 0.00>
ST_2 : Operation 57 [1/1] (0.00ns)   --->   "%specinterface_ln0 = specinterface void @_ssdm_op_SpecInterface, i64 %p_out_1, void @empty, i32 0, i32 0, void @empty_0, i32 0, i32 0, void @empty_0, void @empty_0, void @empty_0, i32 0, i32 0, i32 0, i32 0, void @empty_0, void @empty_0, i32 4294967295, i32 0, i32 0"   --->   Operation 57 'specinterface' 'specinterface_ln0' <Predicate = true> <Delay = 0.00>
ST_2 : Operation 58 [1/1] (0.00ns)   --->   "%ret_ln286 = ret" [../c_sources/dwt_idwt_cdf_5_3.c:286]   --->   Operation 58 'ret' 'ret_ln286' <Predicate = true> <Delay = 0.00>


============================================================
+ Verbose Summary: Binding
============================================================
STG Binding: 
---------------- STG Properties BEGIN ----------------
- Is combinational: 0
- Is one-state seq: 0
- Is datapath-only: 0
- Is pipelined: 0
- Is top level: 1
Port [ Return ] is wired: 1; IO mode=ap_ctrl_hs:ce=0
Port [ low_03]:  wired=1; compound=0; hidden=0; nouse=0; global=0; static=0; extern=0; dir=0; type=0; pingpong=0; private_global=0; IO mode=ap_none:ce=0
Port [ low_47]:  wired=1; compound=0; hidden=0; nouse=0; global=0; static=0; extern=0; dir=0; type=0; pingpong=0; private_global=0; IO mode=ap_none:ce=0
Port [ high_03]:  wired=1; compound=0; hidden=0; nouse=0; global=0; static=0; extern=0; dir=0; type=0; pingpong=0; private_global=0; IO mode=ap_none:ce=0
Port [ high_47]:  wired=1; compound=0; hidden=0; nouse=0; global=0; static=0; extern=0; dir=0; type=0; pingpong=0; private_global=0; IO mode=ap_none:ce=0
Port [ p_out_0]:  wired=1; compound=0; hidden=0; nouse=0; global=0; static=0; extern=0; dir=1; type=0; pingpong=0; private_global=0; IO mode=ap_vld:ce=0
Port [ p_out_1]:  wired=1; compound=0; hidden=0; nouse=0; global=0; static=0; extern=0; dir=1; type=0; pingpong=0; private_global=0; IO mode=ap_vld:ce=0
---------------- STG Properties END ------------------

---------------- Datapath Model BEGIN ----------------

<LifeTime>
<method=bitvector/>
high_47_read        (read          ) [ 000]
high_03_read        (read          ) [ 000]
low_47_read         (read          ) [ 000]
low_03_read         (read          ) [ 000]
in_low              (partselect    ) [ 000]
in_low_1            (partselect    ) [ 000]
in_low_2            (partselect    ) [ 000]
in_low_3            (trunc         ) [ 000]
in_low_4            (partselect    ) [ 000]
in_low_5            (partselect    ) [ 000]
in_low_6            (partselect    ) [ 000]
in_low_7            (trunc         ) [ 000]
in_high             (partselect    ) [ 000]
in_high_1           (partselect    ) [ 000]
in_high_2           (partselect    ) [ 000]
in_high_3           (trunc         ) [ 000]
in_high_4           (partselect    ) [ 000]
in_high_5           (partselect    ) [ 000]
in_high_6           (partselect    ) [ 000]
in_high_7           (trunc         ) [ 000]
call_ret            (call          ) [ 000]
out                 (extractvalue  ) [ 000]
out_1               (extractvalue  ) [ 000]
out_2               (extractvalue  ) [ 000]
out_3               (extractvalue  ) [ 000]
out_4               (extractvalue  ) [ 000]
out_5               (extractvalue  ) [ 000]
out_6               (extractvalue  ) [ 000]
out_7               (extractvalue  ) [ 000]
out_8               (extractvalue  ) [ 000]
out_9               (extractvalue  ) [ 000]
out_10              (extractvalue  ) [ 000]
out_11              (extractvalue  ) [ 000]
out_12              (extractvalue  ) [ 000]
out_13              (extractvalue  ) [ 000]
out_14              (extractvalue  ) [ 000]
out_15              (extractvalue  ) [ 000]
or_ln               (bitconcatenate) [ 000]
write_ln275         (write         ) [ 000]
or_ln1              (bitconcatenate) [ 000]
write_ln285         (write         ) [ 000]
spectopmodule_ln238 (spectopmodule ) [ 000]
speclatency_ln240   (speclatency   ) [ 000]
specbitsmap_ln0     (specbitsmap   ) [ 000]
specinterface_ln0   (specinterface ) [ 000]
specbitsmap_ln0     (specbitsmap   ) [ 000]
specinterface_ln0   (specinterface ) [ 000]
specbitsmap_ln0     (specbitsmap   ) [ 000]
specinterface_ln0   (specinterface ) [ 000]
specbitsmap_ln0     (specbitsmap   ) [ 000]
specinterface_ln0   (specinterface ) [ 000]
specbitsmap_ln0     (specbitsmap   ) [ 000]
specinterface_ln0   (specinterface ) [ 000]
specbitsmap_ln0     (specbitsmap   ) [ 000]
specinterface_ln0   (specinterface ) [ 000]
ret_ln286           (ret           ) [ 000]
</LifeTime>

<model>

<comp_list>
<comp id="0" class="1000" name="low_03">
<pin_list>
<pin id="1" dir="1" index="0" bw="1" slack="0"/>
</pin_list>
<bind>
<StgValue><ssdm name="low_03"/></StgValue>
</bind>
</comp>

<comp id="2" class="1000" name="low_47">
<pin_list>
<pin id="3" dir="1" index="0" bw="1" slack="0"/>
</pin_list>
<bind>
<StgValue><ssdm name="low_47"/></StgValue>
</bind>
</comp>

<comp id="4" class="1000" name="high_03">
<pin_list>
<pin id="5" dir="1" index="0" bw="1" slack="0"/>
</pin_list>
<bind>
<StgValue><ssdm name="high_03"/></StgValue>
</bind>
</comp>

<comp id="6" class="1000" name="high_47">
<pin_list>
<pin id="7" dir="1" index="0" bw="1" slack="0"/>
</pin_list>
<bind>
<StgValue><ssdm name="high_47"/></StgValue>
</bind>
</comp>

<comp id="8" class="1000" name="p_out_0">
<pin_list>
<pin id="9" dir="1" index="0" bw="1" slack="0"/>
</pin_list>
<bind>
<StgValue><ssdm name="p_out_0"/></StgValue>
</bind>
</comp>

<comp id="10" class="1000" name="p_out_1">
<pin_list>
<pin id="11" dir="1" index="0" bw="1" slack="0"/>
</pin_list>
<bind>
<StgValue><ssdm name="p_out_1"/></StgValue>
</bind>
</comp>

<comp id="12" class="1001" name="const_12">
<pin_list>
<pin id="13" dir="1" index="0" bw="1" slack="0"/>
</pin_list>
<bind>
<StgValue><ssdm name="_ssdm_op_Read.ap_auto.i64"/></StgValue>
</bind>
</comp>

<comp id="14" class="1001" name="const_14">
<pin_list>
<pin id="15" dir="1" index="0" bw="1" slack="0"/>
</pin_list>
<bind>
<StgValue><ssdm name="_ssdm_op_PartSelect.i16.i64.i32.i32"/></StgValue>
</bind>
</comp>

<comp id="16" class="1001" name="const_16">
<pin_list>
<pin id="17" dir="1" index="0" bw="1" slack="0"/>
</pin_list>
<bind>
<StgValue><ssdm name=""/></StgValue>
</bind>
</comp>

<comp id="18" class="1001" name="const_18">
<pin_list>
<pin id="19" dir="1" index="0" bw="1" slack="0"/>
</pin_list>
<bind>
<StgValue><ssdm name=""/></StgValue>
</bind>
</comp>

<comp id="20" class="1001" name="const_20">
<pin_list>
<pin id="21" dir="1" index="0" bw="1" slack="0"/>
</pin_list>
<bind>
<StgValue><ssdm name=""/></StgValue>
</bind>
</comp>

<comp id="22" class="1001" name="const_22">
<pin_list>
<pin id="23" dir="1" index="0" bw="1" slack="0"/>
</pin_list>
<bind>
<StgValue><ssdm name=""/></StgValue>
</bind>
</comp>

<comp id="24" class="1001" name="const_24">
<pin_list>
<pin id="25" dir="1" index="0" bw="1" slack="0"/>
</pin_list>
<bind>
<StgValue><ssdm name=""/></StgValue>
</bind>
</comp>

<comp id="26" class="1001" name="const_26">
<pin_list>
<pin id="27" dir="1" index="0" bw="1" slack="0"/>
</pin_list>
<bind>
<StgValue><ssdm name=""/></StgValue>
</bind>
</comp>

<comp id="28" class="1001" name="const_28">
<pin_list>
<pin id="29" dir="1" index="0" bw="1" slack="0"/>
</pin_list>
<bind>
<StgValue><ssdm name="HW_dwt53_inverse_core"/></StgValue>
</bind>
</comp>

<comp id="30" class="1001" name="const_30">
<pin_list>
<pin id="31" dir="1" index="0" bw="1" slack="0"/>
</pin_list>
<bind>
<StgValue><ssdm name="_ssdm_op_BitConcatenate.i64.i8.i8.i8.i8.i8.i8.i8.i8"/></StgValue>
</bind>
</comp>

<comp id="32" class="1001" name="const_32">
<pin_list>
<pin id="33" dir="1" index="0" bw="1" slack="0"/>
</pin_list>
<bind>
<StgValue><ssdm name="_ssdm_op_Write.ap_auto.i64P0A"/></StgValue>
</bind>
</comp>

<comp id="34" class="1001" name="const_34">
<pin_list>
<pin id="35" dir="1" index="0" bw="1" slack="2147483647"/>
</pin_list>
<bind>
<StgValue><ssdm name="_ssdm_op_SpecTopModule"/></StgValue>
</bind>
</comp>

<comp id="36" class="1001" name="const_36">
<pin_list>
<pin id="37" dir="1" index="0" bw="1" slack="2147483647"/>
</pin_list>
<bind>
<StgValue><ssdm name="empty_1"/></StgValue>
</bind>
</comp>

<comp id="38" class="1001" name="const_38">
<pin_list>
<pin id="39" dir="1" index="0" bw="1" slack="2147483647"/>
</pin_list>
<bind>
<StgValue><ssdm name="_ssdm_op_SpecLatency"/></StgValue>
</bind>
</comp>

<comp id="40" class="1001" name="const_40">
<pin_list>
<pin id="41" dir="1" index="0" bw="1" slack="2147483647"/>
</pin_list>
<bind>
<StgValue><ssdm name=""/></StgValue>
</bind>
</comp>

<comp id="42" class="1001" name="const_42">
<pin_list>
<pin id="43" dir="1" index="0" bw="1" slack="2147483647"/>
</pin_list>
<bind>
<StgValue><ssdm name=""/></StgValue>
</bind>
</comp>

<comp id="44" class="1001" name="const_44">
<pin_list>
<pin id="45" dir="1" index="0" bw="1" slack="2147483647"/>
</pin_list>
<bind>
<StgValue><ssdm name="empty_0"/></StgValue>
</bind>
</comp>

<comp id="46" class="1001" name="const_46">
<pin_list>
<pin id="47" dir="1" index="0" bw="1" slack="2147483647"/>
</pin_list>
<bind>
<StgValue><ssdm name="_ssdm_op_SpecBitsMap"/></StgValue>
</bind>
</comp>

<comp id="48" class="1001" name="const_48">
<pin_list>
<pin id="49" dir="1" index="0" bw="1" slack="2147483647"/>
</pin_list>
<bind>
<StgValue><ssdm name="_ssdm_op_SpecInterface"/></StgValue>
</bind>
</comp>

<comp id="50" class="1001" name="const_50">
<pin_list>
<pin id="51" dir="1" index="0" bw="1" slack="2147483647"/>
</pin_list>
<bind>
<StgValue><ssdm name="empty"/></StgValue>
</bind>
</comp>

<comp id="52" class="1001" name="const_52">
<pin_list>
<pin id="53" dir="1" index="0" bw="1" slack="2147483647"/>
</pin_list>
<bind>
<StgValue><ssdm name=""/></StgValue>
</bind>
</comp>

<comp id="54" class="1001" name="const_54">
<pin_list>
<pin id="55" dir="1" index="0" bw="1" slack="2147483647"/>
</pin_list>
<bind>
<StgValue><ssdm name=""/></StgValue>
</bind>
</comp>

<comp id="56" class="1004" name="high_47_read_read_fu_56">
<pin_list>
<pin id="57" dir="0" index="0" bw="64" slack="0"/>
<pin id="58" dir="0" index="1" bw="64" slack="0"/>
<pin id="59" dir="1" index="2" bw="64" slack="0"/>
</pin_list>
<bind>
<opcode="read(1150) " fcode="read"/>
<opset="high_47_read/1 "/>
</bind>
</comp>

<comp id="62" class="1004" name="high_03_read_read_fu_62">
<pin_list>
<pin id="63" dir="0" index="0" bw="64" slack="0"/>
<pin id="64" dir="0" index="1" bw="64" slack="0"/>
<pin id="65" dir="1" index="2" bw="64" slack="0"/>
</pin_list>
<bind>
<opcode="read(1150) " fcode="read"/>
<opset="high_03_read/1 "/>
</bind>
</comp>

<comp id="68" class="1004" name="low_47_read_read_fu_68">
<pin_list>
<pin id="69" dir="0" index="0" bw="64" slack="0"/>
<pin id="70" dir="0" index="1" bw="64" slack="0"/>
<pin id="71" dir="1" index="2" bw="64" slack="0"/>
</pin_list>
<bind>
<opcode="read(1150) " fcode="read"/>
<opset="low_47_read/1 "/>
</bind>
</comp>

<comp id="74" class="1004" name="low_03_read_read_fu_74">
<pin_list>
<pin id="75" dir="0" index="0" bw="64" slack="0"/>
<pin id="76" dir="0" index="1" bw="64" slack="0"/>
<pin id="77" dir="1" index="2" bw="64" slack="0"/>
</pin_list>
<bind>
<opcode="read(1150) " fcode="read"/>
<opset="low_03_read/1 "/>
</bind>
</comp>

<comp id="80" class="1004" name="write_ln275_write_fu_80">
<pin_list>
<pin id="81" dir="0" index="0" bw="0" slack="0"/>
<pin id="82" dir="0" index="1" bw="64" slack="0"/>
<pin id="83" dir="0" index="2" bw="64" slack="0"/>
<pin id="84" dir="1" index="3" bw="0" slack="2147483647"/>
</pin_list>
<bind>
<opcode="write(1151) " fcode="write"/>
<opset="write_ln275/1 "/>
</bind>
</comp>

<comp id="87" class="1004" name="write_ln285_write_fu_87">
<pin_list>
<pin id="88" dir="0" index="0" bw="0" slack="0"/>
<pin id="89" dir="0" index="1" bw="64" slack="0"/>
<pin id="90" dir="0" index="2" bw="64" slack="0"/>
<pin id="91" dir="1" index="3" bw="0" slack="2147483647"/>
</pin_list>
<bind>
<opcode="write(1151) " fcode="write"/>
<opset="write_ln285/1 "/>
</bind>
</comp>

<comp id="94" class="1004" name="call_ret_HW_dwt53_inverse_core_fu_94">
<pin_list>
<pin id="95" dir="0" index="0" bw="128" slack="0"/>
<pin id="96" dir="0" index="1" bw="16" slack="0"/>
<pin id="97" dir="0" index="2" bw="16" slack="0"/>
<pin id="98" dir="0" index="3" bw="16" slack="0"/>
<pin id="99" dir="0" index="4" bw="16" slack="0"/>
<pin id="100" dir="0" index="5" bw="16" slack="0"/>
<pin id="101" dir="0" index="6" bw="16" slack="0"/>
<pin id="102" dir="0" index="7" bw="16" slack="0"/>
<pin id="103" dir="0" index="8" bw="16" slack="0"/>
<pin id="104" dir="0" index="9" bw="16" slack="0"/>
<pin id="105" dir="0" index="10" bw="16" slack="0"/>
<pin id="106" dir="0" index="11" bw="16" slack="0"/>
<pin id="107" dir="0" index="12" bw="16" slack="0"/>
<pin id="108" dir="0" index="13" bw="16" slack="0"/>
<pin id="109" dir="0" index="14" bw="16" slack="0"/>
<pin id="110" dir="0" index="15" bw="16" slack="0"/>
<pin id="111" dir="0" index="16" bw="16" slack="0"/>
<pin id="112" dir="1" index="17" bw="128" slack="0"/>
</pin_list>
<bind>
<opcode="call(48) " fcode="call"/>
<opset="call_ret/1 "/>
</bind>
</comp>

<comp id="114" class="1004" name="in_low_fu_114">
<pin_list>
<pin id="115" dir="0" index="0" bw="16" slack="0"/>
<pin id="116" dir="0" index="1" bw="64" slack="0"/>
<pin id="117" dir="0" index="2" bw="7" slack="0"/>
<pin id="118" dir="0" index="3" bw="7" slack="0"/>
<pin id="119" dir="1" index="4" bw="16" slack="0"/>
</pin_list>
<bind>
<opcode="partselect(1002) " fcode="partselect"/>
<opset="in_low/1 "/>
</bind>
</comp>

<comp id="125" class="1004" name="in_low_1_fu_125">
<pin_list>
<pin id="126" dir="0" index="0" bw="16" slack="0"/>
<pin id="127" dir="0" index="1" bw="64" slack="0"/>
<pin id="128" dir="0" index="2" bw="7" slack="0"/>
<pin id="129" dir="0" index="3" bw="7" slack="0"/>
<pin id="130" dir="1" index="4" bw="16" slack="0"/>
</pin_list>
<bind>
<opcode="partselect(1002) " fcode="partselect"/>
<opset="in_low_1/1 "/>
</bind>
</comp>

<comp id="136" class="1004" name="in_low_2_fu_136">
<pin_list>
<pin id="137" dir="0" index="0" bw="16" slack="0"/>
<pin id="138" dir="0" index="1" bw="64" slack="0"/>
<pin id="139" dir="0" index="2" bw="6" slack="0"/>
<pin id="140" dir="0" index="3" bw="6" slack="0"/>
<pin id="141" dir="1" index="4" bw="16" slack="0"/>
</pin_list>
<bind>
<opcode="partselect(1002) " fcode="partselect"/>
<opset="in_low_2/1 "/>
</bind>
</comp>

<comp id="147" class="1004" name="in_low_3_fu_147">
<pin_list>
<pin id="148" dir="0" index="0" bw="64" slack="0"/>
<pin id="149" dir="1" index="1" bw="16" slack="0"/>
</pin_list>
<bind>
<opcode="trunc(33) " fcode="trunc"/>
<opset="in_low_3/1 "/>
</bind>
</comp>

<comp id="152" class="1004" name="in_low_4_fu_152">
<pin_list>
<pin id="153" dir="0" index="0" bw="16" slack="0"/>
<pin id="154" dir="0" index="1" bw="64" slack="0"/>
<pin id="155" dir="0" index="2" bw="7" slack="0"/>
<pin id="156" dir="0" index="3" bw="7" slack="0"/>
<pin id="157" dir="1" index="4" bw="16" slack="0"/>
</pin_list>
<bind>
<opcode="partselect(1002) " fcode="partselect"/>
<opset="in_low_4/1 "/>
</bind>
</comp>

<comp id="163" class="1004" name="in_low_5_fu_163">
<pin_list>
<pin id="164" dir="0" index="0" bw="16" slack="0"/>
<pin id="165" dir="0" index="1" bw="64" slack="0"/>
<pin id="166" dir="0" index="2" bw="7" slack="0"/>
<pin id="167" dir="0" index="3" bw="7" slack="0"/>
<pin id="168" dir="1" index="4" bw="16" slack="0"/>
</pin_list>
<bind>
<opcode="partselect(1002) " fcode="partselect"/>
<opset="in_low_5/1 "/>
</bind>
</comp>

<comp id="174" class="1004" name="in_low_6_fu_174">
<pin_list>
<pin id="175" dir="0" index="0" bw="16" slack="0"/>
<pin id="176" dir="0" index="1" bw="64" slack="0"/>
<pin id="177" dir="0" index="2" bw="6" slack="0"/>
<pin id="178" dir="0" index="3" bw="6" slack="0"/>
<pin id="179" dir="1" index="4" bw="16" slack="0"/>
</pin_list>
<bind>
<opcode="partselect(1002) " fcode="partselect"/>
<opset="in_low_6/1 "/>
</bind>
</comp>

<comp id="185" class="1004" name="in_low_7_fu_185">
<pin_list>
<pin id="186" dir="0" index="0" bw="64" slack="0"/>
<pin id="187" dir="1" index="1" bw="16" slack="0"/>
</pin_list>
<bind>
<opcode="trunc(33) " fcode="trunc"/>
<opset="in_low_7/1 "/>
</bind>
</comp>

<comp id="190" class="1004" name="in_high_fu_190">
<pin_list>
<pin id="191" dir="0" index="0" bw="16" slack="0"/>
<pin id="192" dir="0" index="1" bw="64" slack="0"/>
<pin id="193" dir="0" index="2" bw="7" slack="0"/>
<pin id="194" dir="0" index="3" bw="7" slack="0"/>
<pin id="195" dir="1" index="4" bw="16" slack="0"/>
</pin_list>
<bind>
<opcode="partselect(1002) " fcode="partselect"/>
<opset="in_high/1 "/>
</bind>
</comp>

<comp id="201" class="1004" name="in_high_1_fu_201">
<pin_list>
<pin id="202" dir="0" index="0" bw="16" slack="0"/>
<pin id="203" dir="0" index="1" bw="64" slack="0"/>
<pin id="204" dir="0" index="2" bw="7" slack="0"/>
<pin id="205" dir="0" index="3" bw="7" slack="0"/>
<pin id="206" dir="1" index="4" bw="16" slack="0"/>
</pin_list>
<bind>
<opcode="partselect(1002) " fcode="partselect"/>
<opset="in_high_1/1 "/>
</bind>
</comp>

<comp id="212" class="1004" name="in_high_2_fu_212">
<pin_list>
<pin id="213" dir="0" index="0" bw="16" slack="0"/>
<pin id="214" dir="0" index="1" bw="64" slack="0"/>
<pin id="215" dir="0" index="2" bw="6" slack="0"/>
<pin id="216" dir="0" index="3" bw="6" slack="0"/>
<pin id="217" dir="1" index="4" bw="16" slack="0"/>
</pin_list>
<bind>
<opcode="partselect(1002) " fcode="partselect"/>
<opset="in_high_2/1 "/>
</bind>
</comp>

<comp id="223" class="1004" name="in_high_3_fu_223">
<pin_list>
<pin id="224" dir="0" index="0" bw="64" slack="0"/>
<pin id="225" dir="1" index="1" bw="16" slack="0"/>
</pin_list>
<bind>
<opcode="trunc(33) " fcode="trunc"/>
<opset="in_high_3/1 "/>
</bind>
</comp>

<comp id="228" class="1004" name="in_high_4_fu_228">
<pin_list>
<pin id="229" dir="0" index="0" bw="16" slack="0"/>
<pin id="230" dir="0" index="1" bw="64" slack="0"/>
<pin id="231" dir="0" index="2" bw="7" slack="0"/>
<pin id="232" dir="0" index="3" bw="7" slack="0"/>
<pin id="233" dir="1" index="4" bw="16" slack="0"/>
</pin_list>
<bind>
<opcode="partselect(1002) " fcode="partselect"/>
<opset="in_high_4/1 "/>
</bind>
</comp>

<comp id="239" class="1004" name="in_high_5_fu_239">
<pin_list>
<pin id="240" dir="0" index="0" bw="16" slack="0"/>
<pin id="241" dir="0" index="1" bw="64" slack="0"/>
<pin id="242" dir="0" index="2" bw="7" slack="0"/>
<pin id="243" dir="0" index="3" bw="7" slack="0"/>
<pin id="244" dir="1" index="4" bw="16" slack="0"/>
</pin_list>
<bind>
<opcode="partselect(1002) " fcode="partselect"/>
<opset="in_high_5/1 "/>
</bind>
</comp>

<comp id="250" class="1004" name="in_high_6_fu_250">
<pin_list>
<pin id="251" dir="0" index="0" bw="16" slack="0"/>
<pin id="252" dir="0" index="1" bw="64" slack="0"/>
<pin id="253" dir="0" index="2" bw="6" slack="0"/>
<pin id="254" dir="0" index="3" bw="6" slack="0"/>
<pin id="255" dir="1" index="4" bw="16" slack="0"/>
</pin_list>
<bind>
<opcode="partselect(1002) " fcode="partselect"/>
<opset="in_high_6/1 "/>
</bind>
</comp>

<comp id="261" class="1004" name="in_high_7_fu_261">
<pin_list>
<pin id="262" dir="0" index="0" bw="64" slack="0"/>
<pin id="263" dir="1" index="1" bw="16" slack="0"/>
</pin_list>
<bind>
<opcode="trunc(33) " fcode="trunc"/>
<opset="in_high_7/1 "/>
</bind>
</comp>

<comp id="266" class="1004" name="out_fu_266">
<pin_list>
<pin id="267" dir="0" index="0" bw="128" slack="0"/>
<pin id="268" dir="1" index="1" bw="8" slack="0"/>
</pin_list>
<bind>
<opcode="extractvalue(56) " fcode="extractvalue"/>
<opset="out/1 "/>
</bind>
</comp>

<comp id="270" class="1004" name="out_1_fu_270">
<pin_list>
<pin id="271" dir="0" index="0" bw="128" slack="0"/>
<pin id="272" dir="1" index="1" bw="8" slack="0"/>
</pin_list>
<bind>
<opcode="extractvalue(56) " fcode="extractvalue"/>
<opset="out_1/1 "/>
</bind>
</comp>

<comp id="274" class="1004" name="out_2_fu_274">
<pin_list>
<pin id="275" dir="0" index="0" bw="128" slack="0"/>
<pin id="276" dir="1" index="1" bw="8" slack="0"/>
</pin_list>
<bind>
<opcode="extractvalue(56) " fcode="extractvalue"/>
<opset="out_2/1 "/>
</bind>
</comp>

<comp id="278" class="1004" name="out_3_fu_278">
<pin_list>
<pin id="279" dir="0" index="0" bw="128" slack="0"/>
<pin id="280" dir="1" index="1" bw="8" slack="0"/>
</pin_list>
<bind>
<opcode="extractvalue(56) " fcode="extractvalue"/>
<opset="out_3/1 "/>
</bind>
</comp>

<comp id="282" class="1004" name="out_4_fu_282">
<pin_list>
<pin id="283" dir="0" index="0" bw="128" slack="0"/>
<pin id="284" dir="1" index="1" bw="8" slack="0"/>
</pin_list>
<bind>
<opcode="extractvalue(56) " fcode="extractvalue"/>
<opset="out_4/1 "/>
</bind>
</comp>

<comp id="286" class="1004" name="out_5_fu_286">
<pin_list>
<pin id="287" dir="0" index="0" bw="128" slack="0"/>
<pin id="288" dir="1" index="1" bw="8" slack="0"/>
</pin_list>
<bind>
<opcode="extractvalue(56) " fcode="extractvalue"/>
<opset="out_5/1 "/>
</bind>
</comp>

<comp id="290" class="1004" name="out_6_fu_290">
<pin_list>
<pin id="291" dir="0" index="0" bw="128" slack="0"/>
<pin id="292" dir="1" index="1" bw="8" slack="0"/>
</pin_list>
<bind>
<opcode="extractvalue(56) " fcode="extractvalue"/>
<opset="out_6/1 "/>
</bind>
</comp>

<comp id="294" class="1004" name="out_7_fu_294">
<pin_list>
<pin id="295" dir="0" index="0" bw="128" slack="0"/>
<pin id="296" dir="1" index="1" bw="8" slack="0"/>
</pin_list>
<bind>
<opcode="extractvalue(56) " fcode="extractvalue"/>
<opset="out_7/1 "/>
</bind>
</comp>

<comp id="298" class="1004" name="out_8_fu_298">
<pin_list>
<pin id="299" dir="0" index="0" bw="128" slack="0"/>
<pin id="300" dir="1" index="1" bw="8" slack="0"/>
</pin_list>
<bind>
<opcode="extractvalue(56) " fcode="extractvalue"/>
<opset="out_8/1 "/>
</bind>
</comp>

<comp id="302" class="1004" name="out_9_fu_302">
<pin_list>
<pin id="303" dir="0" index="0" bw="128" slack="0"/>
<pin id="304" dir="1" index="1" bw="8" slack="0"/>
</pin_list>
<bind>
<opcode="extractvalue(56) " fcode="extractvalue"/>
<opset="out_9/1 "/>
</bind>
</comp>

<comp id="306" class="1004" name="out_10_fu_306">
<pin_list>
<pin id="307" dir="0" index="0" bw="128" slack="0"/>
<pin id="308" dir="1" index="1" bw="8" slack="0"/>
</pin_list>
<bind>
<opcode="extractvalue(56) " fcode="extractvalue"/>
<opset="out_10/1 "/>
</bind>
</comp>

<comp id="310" class="1004" name="out_11_fu_310">
<pin_list>
<pin id="311" dir="0" index="0" bw="128" slack="0"/>
<pin id="312" dir="1" index="1" bw="8" slack="0"/>
</pin_list>
<bind>
<opcode="extractvalue(56) " fcode="extractvalue"/>
<opset="out_11/1 "/>
</bind>
</comp>

<comp id="314" class="1004" name="out_12_fu_314">
<pin_list>
<pin id="315" dir="0" index="0" bw="128" slack="0"/>
<pin id="316" dir="1" index="1" bw="8" slack="0"/>
</pin_list>
<bind>
<opcode="extractvalue(56) " fcode="extractvalue"/>
<opset="out_12/1 "/>
</bind>
</comp>

<comp id="318" class="1004" name="out_13_fu_318">
<pin_list>
<pin id="319" dir="0" index="0" bw="128" slack="0"/>
<pin id="320" dir="1" index="1" bw="8" slack="0"/>
</pin_list>
<bind>
<opcode="extractvalue(56) " fcode="extractvalue"/>
<opset="out_13/1 "/>
</bind>
</comp>

<comp id="322" class="1004" name="out_14_fu_322">
<pin_list>
<pin id="323" dir="0" index="0" bw="128" slack="0"/>
<pin id="324" dir="1" index="1" bw="8" slack="0"/>
</pin_list>
<bind>
<opcode="extractvalue(56) " fcode="extractvalue"/>
<opset="out_14/1 "/>
</bind>
</comp>

<comp id="326" class="1004" name="out_15_fu_326">
<pin_list>
<pin id="327" dir="0" index="0" bw="128" slack="0"/>
<pin id="328" dir="1" index="1" bw="8" slack="0"/>
</pin_list>
<bind>
<opcode="extractvalue(56) " fcode="extractvalue"/>
<opset="out_15/1 "/>
</bind>
</comp>

<comp id="330" class="1004" name="or_ln_fu_330">
<pin_list>
<pin id="331" dir="0" index="0" bw="64" slack="0"/>
<pin id="332" dir="0" index="1" bw="8" slack="0"/>
<pin id="333" dir="0" index="2" bw="8" slack="0"/>
<pin id="334" dir="0" index="3" bw="8" slack="0"/>
<pin id="335" dir="0" index="4" bw="8" slack="0"/>
<pin id="336" dir="0" index="5" bw="8" slack="0"/>
<pin id="337" dir="0" index="6" bw="8" slack="0"/>
<pin id="338" dir="0" index="7" bw="8" slack="0"/>
<pin id="339" dir="0" index="8" bw="8" slack="0"/>
<pin id="340" dir="1" index="9" bw="64" slack="0"/>
</pin_list>
<bind>
<opcode="bitconcatenate(1004) " fcode="bitconcatenate"/>
<opset="or_ln/1 "/>
</bind>
</comp>

<comp id="351" class="1004" name="or_ln1_fu_351">
<pin_list>
<pin id="352" dir="0" index="0" bw="64" slack="0"/>
<pin id="353" dir="0" index="1" bw="8" slack="0"/>
<pin id="354" dir="0" index="2" bw="8" slack="0"/>
<pin id="355" dir="0" index="3" bw="8" slack="0"/>
<pin id="356" dir="0" index="4" bw="8" slack="0"/>
<pin id="357" dir="0" index="5" bw="8" slack="0"/>
<pin id="358" dir="0" index="6" bw="8" slack="0"/>
<pin id="359" dir="0" index="7" bw="8" slack="0"/>
<pin id="360" dir="0" index="8" bw="8" slack="0"/>
<pin id="361" dir="1" index="9" bw="64" slack="0"/>
</pin_list>
<bind>
<opcode="bitconcatenate(1004) " fcode="bitconcatenate"/>
<opset="or_ln1/1 "/>
</bind>
</comp>

</comp_list>

<net_list>
<net id="60"><net_src comp="12" pin="0"/><net_sink comp="56" pin=0"/></net>

<net id="61"><net_src comp="6" pin="0"/><net_sink comp="56" pin=1"/></net>

<net id="66"><net_src comp="12" pin="0"/><net_sink comp="62" pin=0"/></net>

<net id="67"><net_src comp="4" pin="0"/><net_sink comp="62" pin=1"/></net>

<net id="72"><net_src comp="12" pin="0"/><net_sink comp="68" pin=0"/></net>

<net id="73"><net_src comp="2" pin="0"/><net_sink comp="68" pin=1"/></net>

<net id="78"><net_src comp="12" pin="0"/><net_sink comp="74" pin=0"/></net>

<net id="79"><net_src comp="0" pin="0"/><net_sink comp="74" pin=1"/></net>

<net id="85"><net_src comp="32" pin="0"/><net_sink comp="80" pin=0"/></net>

<net id="86"><net_src comp="8" pin="0"/><net_sink comp="80" pin=1"/></net>

<net id="92"><net_src comp="32" pin="0"/><net_sink comp="87" pin=0"/></net>

<net id="93"><net_src comp="10" pin="0"/><net_sink comp="87" pin=1"/></net>

<net id="113"><net_src comp="28" pin="0"/><net_sink comp="94" pin=0"/></net>

<net id="120"><net_src comp="14" pin="0"/><net_sink comp="114" pin=0"/></net>

<net id="121"><net_src comp="74" pin="2"/><net_sink comp="114" pin=1"/></net>

<net id="122"><net_src comp="16" pin="0"/><net_sink comp="114" pin=2"/></net>

<net id="123"><net_src comp="18" pin="0"/><net_sink comp="114" pin=3"/></net>

<net id="124"><net_src comp="114" pin="4"/><net_sink comp="94" pin=1"/></net>

<net id="131"><net_src comp="14" pin="0"/><net_sink comp="125" pin=0"/></net>

<net id="132"><net_src comp="74" pin="2"/><net_sink comp="125" pin=1"/></net>

<net id="133"><net_src comp="20" pin="0"/><net_sink comp="125" pin=2"/></net>

<net id="134"><net_src comp="22" pin="0"/><net_sink comp="125" pin=3"/></net>

<net id="135"><net_src comp="125" pin="4"/><net_sink comp="94" pin=2"/></net>

<net id="142"><net_src comp="14" pin="0"/><net_sink comp="136" pin=0"/></net>

<net id="143"><net_src comp="74" pin="2"/><net_sink comp="136" pin=1"/></net>

<net id="144"><net_src comp="24" pin="0"/><net_sink comp="136" pin=2"/></net>

<net id="145"><net_src comp="26" pin="0"/><net_sink comp="136" pin=3"/></net>

<net id="146"><net_src comp="136" pin="4"/><net_sink comp="94" pin=3"/></net>

<net id="150"><net_src comp="74" pin="2"/><net_sink comp="147" pin=0"/></net>

<net id="151"><net_src comp="147" pin="1"/><net_sink comp="94" pin=4"/></net>

<net id="158"><net_src comp="14" pin="0"/><net_sink comp="152" pin=0"/></net>

<net id="159"><net_src comp="68" pin="2"/><net_sink comp="152" pin=1"/></net>

<net id="160"><net_src comp="16" pin="0"/><net_sink comp="152" pin=2"/></net>

<net id="161"><net_src comp="18" pin="0"/><net_sink comp="152" pin=3"/></net>

<net id="162"><net_src comp="152" pin="4"/><net_sink comp="94" pin=5"/></net>

<net id="169"><net_src comp="14" pin="0"/><net_sink comp="163" pin=0"/></net>

<net id="170"><net_src comp="68" pin="2"/><net_sink comp="163" pin=1"/></net>

<net id="171"><net_src comp="20" pin="0"/><net_sink comp="163" pin=2"/></net>

<net id="172"><net_src comp="22" pin="0"/><net_sink comp="163" pin=3"/></net>

<net id="173"><net_src comp="163" pin="4"/><net_sink comp="94" pin=6"/></net>

<net id="180"><net_src comp="14" pin="0"/><net_sink comp="174" pin=0"/></net>

<net id="181"><net_src comp="68" pin="2"/><net_sink comp="174" pin=1"/></net>

<net id="182"><net_src comp="24" pin="0"/><net_sink comp="174" pin=2"/></net>

<net id="183"><net_src comp="26" pin="0"/><net_sink comp="174" pin=3"/></net>

<net id="184"><net_src comp="174" pin="4"/><net_sink comp="94" pin=7"/></net>

<net id="188"><net_src comp="68" pin="2"/><net_sink comp="185" pin=0"/></net>

<net id="189"><net_src comp="185" pin="1"/><net_sink comp="94" pin=8"/></net>

<net id="196"><net_src comp="14" pin="0"/><net_sink comp="190" pin=0"/></net>

<net id="197"><net_src comp="62" pin="2"/><net_sink comp="190" pin=1"/></net>

<net id="198"><net_src comp="16" pin="0"/><net_sink comp="190" pin=2"/></net>

<net id="199"><net_src comp="18" pin="0"/><net_sink comp="190" pin=3"/></net>

<net id="200"><net_src comp="190" pin="4"/><net_sink comp="94" pin=9"/></net>

<net id="207"><net_src comp="14" pin="0"/><net_sink comp="201" pin=0"/></net>

<net id="208"><net_src comp="62" pin="2"/><net_sink comp="201" pin=1"/></net>

<net id="209"><net_src comp="20" pin="0"/><net_sink comp="201" pin=2"/></net>

<net id="210"><net_src comp="22" pin="0"/><net_sink comp="201" pin=3"/></net>

<net id="211"><net_src comp="201" pin="4"/><net_sink comp="94" pin=10"/></net>

<net id="218"><net_src comp="14" pin="0"/><net_sink comp="212" pin=0"/></net>

<net id="219"><net_src comp="62" pin="2"/><net_sink comp="212" pin=1"/></net>

<net id="220"><net_src comp="24" pin="0"/><net_sink comp="212" pin=2"/></net>

<net id="221"><net_src comp="26" pin="0"/><net_sink comp="212" pin=3"/></net>

<net id="222"><net_src comp="212" pin="4"/><net_sink comp="94" pin=11"/></net>

<net id="226"><net_src comp="62" pin="2"/><net_sink comp="223" pin=0"/></net>

<net id="227"><net_src comp="223" pin="1"/><net_sink comp="94" pin=12"/></net>

<net id="234"><net_src comp="14" pin="0"/><net_sink comp="228" pin=0"/></net>

<net id="235"><net_src comp="56" pin="2"/><net_sink comp="228" pin=1"/></net>

<net id="236"><net_src comp="16" pin="0"/><net_sink comp="228" pin=2"/></net>

<net id="237"><net_src comp="18" pin="0"/><net_sink comp="228" pin=3"/></net>

<net id="238"><net_src comp="228" pin="4"/><net_sink comp="94" pin=13"/></net>

<net id="245"><net_src comp="14" pin="0"/><net_sink comp="239" pin=0"/></net>

<net id="246"><net_src comp="56" pin="2"/><net_sink comp="239" pin=1"/></net>

<net id="247"><net_src comp="20" pin="0"/><net_sink comp="239" pin=2"/></net>

<net id="248"><net_src comp="22" pin="0"/><net_sink comp="239" pin=3"/></net>

<net id="249"><net_src comp="239" pin="4"/><net_sink comp="94" pin=14"/></net>

<net id="256"><net_src comp="14" pin="0"/><net_sink comp="250" pin=0"/></net>

<net id="257"><net_src comp="56" pin="2"/><net_sink comp="250" pin=1"/></net>

<net id="258"><net_src comp="24" pin="0"/><net_sink comp="250" pin=2"/></net>

<net id="259"><net_src comp="26" pin="0"/><net_sink comp="250" pin=3"/></net>

<net id="260"><net_src comp="250" pin="4"/><net_sink comp="94" pin=15"/></net>

<net id="264"><net_src comp="56" pin="2"/><net_sink comp="261" pin=0"/></net>

<net id="265"><net_src comp="261" pin="1"/><net_sink comp="94" pin=16"/></net>

<net id="269"><net_src comp="94" pin="17"/><net_sink comp="266" pin=0"/></net>

<net id="273"><net_src comp="94" pin="17"/><net_sink comp="270" pin=0"/></net>

<net id="277"><net_src comp="94" pin="17"/><net_sink comp="274" pin=0"/></net>

<net id="281"><net_src comp="94" pin="17"/><net_sink comp="278" pin=0"/></net>

<net id="285"><net_src comp="94" pin="17"/><net_sink comp="282" pin=0"/></net>

<net id="289"><net_src comp="94" pin="17"/><net_sink comp="286" pin=0"/></net>

<net id="293"><net_src comp="94" pin="17"/><net_sink comp="290" pin=0"/></net>

<net id="297"><net_src comp="94" pin="17"/><net_sink comp="294" pin=0"/></net>

<net id="301"><net_src comp="94" pin="17"/><net_sink comp="298" pin=0"/></net>

<net id="305"><net_src comp="94" pin="17"/><net_sink comp="302" pin=0"/></net>

<net id="309"><net_src comp="94" pin="17"/><net_sink comp="306" pin=0"/></net>

<net id="313"><net_src comp="94" pin="17"/><net_sink comp="310" pin=0"/></net>

<net id="317"><net_src comp="94" pin="17"/><net_sink comp="314" pin=0"/></net>

<net id="321"><net_src comp="94" pin="17"/><net_sink comp="318" pin=0"/></net>

<net id="325"><net_src comp="94" pin="17"/><net_sink comp="322" pin=0"/></net>

<net id="329"><net_src comp="94" pin="17"/><net_sink comp="326" pin=0"/></net>

<net id="341"><net_src comp="30" pin="0"/><net_sink comp="330" pin=0"/></net>

<net id="342"><net_src comp="266" pin="1"/><net_sink comp="330" pin=1"/></net>

<net id="343"><net_src comp="270" pin="1"/><net_sink comp="330" pin=2"/></net>

<net id="344"><net_src comp="274" pin="1"/><net_sink comp="330" pin=3"/></net>

<net id="345"><net_src comp="278" pin="1"/><net_sink comp="330" pin=4"/></net>

<net id="346"><net_src comp="282" pin="1"/><net_sink comp="330" pin=5"/></net>

<net id="347"><net_src comp="286" pin="1"/><net_sink comp="330" pin=6"/></net>

<net id="348"><net_src comp="290" pin="1"/><net_sink comp="330" pin=7"/></net>

<net id="349"><net_src comp="294" pin="1"/><net_sink comp="330" pin=8"/></net>

<net id="350"><net_src comp="330" pin="9"/><net_sink comp="80" pin=2"/></net>

<net id="362"><net_src comp="30" pin="0"/><net_sink comp="351" pin=0"/></net>

<net id="363"><net_src comp="298" pin="1"/><net_sink comp="351" pin=1"/></net>

<net id="364"><net_src comp="302" pin="1"/><net_sink comp="351" pin=2"/></net>

<net id="365"><net_src comp="306" pin="1"/><net_sink comp="351" pin=3"/></net>

<net id="366"><net_src comp="310" pin="1"/><net_sink comp="351" pin=4"/></net>

<net id="367"><net_src comp="314" pin="1"/><net_sink comp="351" pin=5"/></net>

<net id="368"><net_src comp="318" pin="1"/><net_sink comp="351" pin=6"/></net>

<net id="369"><net_src comp="322" pin="1"/><net_sink comp="351" pin=7"/></net>

<net id="370"><net_src comp="326" pin="1"/><net_sink comp="351" pin=8"/></net>

<net id="371"><net_src comp="351" pin="9"/><net_sink comp="87" pin=2"/></net>

</net_list>

</model> 
---------------- Datapath Model END ------------------

* FSMD analyzer results:
  - Output states:
	Port: p_out_0 | {1 }
	Port: p_out_1 | {1 }
 - Input state : 
	Port: HW_dwt53_inverse : low_03 | {1 }
	Port: HW_dwt53_inverse : low_47 | {1 }
	Port: HW_dwt53_inverse : high_03 | {1 }
	Port: HW_dwt53_inverse : high_47 | {1 }
  - Chain level:
	State 1
		call_ret : 1
		out : 2
		out_1 : 2
		out_2 : 2
		out_3 : 2
		out_4 : 2
		out_5 : 2
		out_6 : 2
		out_7 : 2
		out_8 : 2
		out_9 : 2
		out_10 : 2
		out_11 : 2
		out_12 : 2
		out_13 : 2
		out_14 : 2
		out_15 : 2
		or_ln : 3
		write_ln275 : 4
		or_ln1 : 3
		write_ln285 : 4
	State 2


============================================================
+ Verbose Summary: Datapath Resource usage 
============================================================

* Functional unit list:
|----------|--------------------------------------|---------|---------|
| Operation|            Functional Unit           |    FF   |   LUT   |
|----------|--------------------------------------|---------|---------|
|   call   | call_ret_HW_dwt53_inverse_core_fu_94 |    0    |   1993  |
|----------|--------------------------------------|---------|---------|
|          |        high_47_read_read_fu_56       |    0    |    0    |
|   read   |        high_03_read_read_fu_62       |    0    |    0    |
|          |        low_47_read_read_fu_68        |    0    |    0    |
|          |        low_03_read_read_fu_74        |    0    |    0    |
|----------|--------------------------------------|---------|---------|
|   write  |        write_ln275_write_fu_80       |    0    |    0    |
|          |        write_ln285_write_fu_87       |    0    |    0    |
|----------|--------------------------------------|---------|---------|
|          |             in_low_fu_114            |    0    |    0    |
|          |            in_low_1_fu_125           |    0    |    0    |
|          |            in_low_2_fu_136           |    0    |    0    |
|          |            in_low_4_fu_152           |    0    |    0    |
|          |            in_low_5_fu_163           |    0    |    0    |
|partselect|            in_low_6_fu_174           |    0    |    0    |
|          |            in_high_fu_190            |    0    |    0    |
|          |           in_high_1_fu_201           |    0    |    0    |
|          |           in_high_2_fu_212           |    0    |    0    |
|          |           in_high_4_fu_228           |    0    |    0    |
|          |           in_high_5_fu_239           |    0    |    0    |
|          |           in_high_6_fu_250           |    0    |    0    |
|----------|--------------------------------------|---------|---------|
|          |            in_low_3_fu_147           |    0    |    0    |
|   trunc  |            in_low_7_fu_185           |    0    |    0    |
|          |           in_high_3_fu_223           |    0    |    0    |
|          |           in_high_7_fu_261           |    0    |    0    |
|----------|--------------------------------------|---------|---------|
|          |              out_fu_266              |    0    |    0    |
|          |             out_1_fu_270             |    0    |    0    |
|          |             out_2_fu_274             |    0    |    0    |
|          |             out_3_fu_278             |    0    |    0    |
|          |             out_4_fu_282             |    0    |    0    |
|          |             out_5_fu_286             |    0    |    0    |
|          |             out_6_fu_290             |    0    |    0    |
|extractvalue|             out_7_fu_294             |    0    |    0    |
|          |             out_8_fu_298             |    0    |    0    |
|          |             out_9_fu_302             |    0    |    0    |
|          |             out_10_fu_306            |    0    |    0    |
|          |             out_11_fu_310            |    0    |    0    |
|          |             out_12_fu_314            |    0    |    0    |
|          |             out_13_fu_318            |    0    |    0    |
|          |             out_14_fu_322            |    0    |    0    |
|          |             out_15_fu_326            |    0    |    0    |
|----------|--------------------------------------|---------|---------|
|bitconcatenate|             or_ln_fu_330             |    0    |    0    |
|          |             or_ln1_fu_351            |    0    |    0    |
|----------|--------------------------------------|---------|---------|
|   Total  |                                      |    0    |   1993  |
|----------|--------------------------------------|---------|---------|

Memories:
N/A

* Register list:
N/A

* Multiplexer (MUX) list: 
|--------|------|------|------|--------|
|  Comp  |  Pin | Size |  BW  | S x BW |
|--------|------|------|------|--------|
|  Total |      |      |      |    0   |
|--------|------|------|------|--------|



* Summary:
+-----------+--------+--------+
|           |   FF   |   LUT  |
+-----------+--------+--------+
|  Function |    0   |  1993  |
|   Memory  |    -   |    -   |
|Multiplexer|    -   |    -   |
|  Register |    -   |    -   |
+-----------+--------+--------+
|   Total   |    0   |  1993  |
+-----------+--------+--------+
