

================================================================
== Vitis HLS Report for 'HW_dwt53_inverse_core'
================================================================
* Date:           Thu Sep 25 08:43:59 2025

* Version:        2024.2 (Build 5238294 on Nov  8 2024)
* Project:        HW_dwt53_inverse
* Solution:       hls (Vivado IP Flow Target)
* Product family: kintexuplus
* Target device:  xcku5p-ffvb676-2-e


================================================================
== Performance Estimates
================================================================
+ Timing: 
    * Summary: 
    +--------+----------+----------+------------+
    |  Clock |  Target  | Estimated| Uncertainty|
    +--------+----------+----------+------------+
    |ap_clk  |  10.00 ns|  5.627 ns|     2.70 ns|
    +--------+----------+----------+------------+

+ Latency: 
    * Summary: 
    +---------+---------+----------+----------+-----+-----+---------+
    |  Latency (cycles) |  Latency (absolute) |  Interval | Pipeline|
    |   min   |   max   |    min   |    max   | min | max |   Type  |
    +---------+---------+----------+----------+-----+-----+---------+
    |        0|        0|      0 ns|      0 ns|    0|    0|       no|
    +---------+---------+----------+----------+-----+-----+---------+

    + Detail: 
        * Instance: 
        N/A

        * Loop: 
        N/A

============================================================
+ Verbose Summary: Synthesis Manager
============================================================
InlineROM: 1
ExposeGlobal: 0
============================================================
+ Verbose Summary: CDFG Model
============================================================
IsTopModel: 0
ResetActiveHigh: 1
IsCombinational: 0
IsDatapathOnly: 0
HasWiredReturn: 1
HasMFsm: 0
HasVarLatency: 0
IsPipeline: 0
IsRtlPipelined: 0
IsInstanceOverlapped: 0
IsDontTouch: 0
HasImplIP: 0
IsGatedGlobalClock: 0


============================================================
+ Verbose Summary: Schedule
============================================================
* Number of FSM states : 1
* Pipeline : 0
* Dataflow Pipeline: 0

* FSM state transitions: 
1 --> 

* FSM state operations: 

State 1 <SV = 0> <Delay = 5.62>
ST_1 : Operation 2 [1/1] (0.00ns)   --->   "%high_read_1 = read i16 @_ssdm_op_Read.ap_auto.i16, i16 %high_read_29" [../c_sources/dwt_idwt_cdf_5_3.c:187]   --->   Operation 2 'read' 'high_read_1' <Predicate = true> <Delay = 0.00>
ST_1 : Operation 3 [1/1] (0.00ns)   --->   "%high_read_2 = read i16 @_ssdm_op_Read.ap_auto.i16, i16 %high_read_28" [../c_sources/dwt_idwt_cdf_5_3.c:187]   --->   Operation 3 'read' 'high_read_2' <Predicate = true> <Delay = 0.00>
ST_1 : Operation 4 [1/1] (0.00ns)   --->   "%high_read_3 = read i16 @_ssdm_op_Read.ap_auto.i16, i16 %high_read_27" [../c_sources/dwt_idwt_cdf_5_3.c:187]   --->   Operation 4 'read' 'high_read_3' <Predicate = true> <Delay = 0.00>
ST_1 : Operation 5 [1/1] (0.00ns)   --->   "%high_read_4 = read i16 @_ssdm_op_Read.ap_auto.i16, i16 %high_read_26" [../c_sources/dwt_idwt_cdf_5_3.c:187]   --->   Operation 5 'read' 'high_read_4' <Predicate = true> <Delay = 0.00>
ST_1 : Operation 6 [1/1] (0.00ns)   --->   "%high_read_5 = read i16 @_ssdm_op_Read.ap_auto.i16, i16 %high_read_25" [../c_sources/dwt_idwt_cdf_5_3.c:187]   --->   Operation 6 'read' 'high_read_5' <Predicate = true> <Delay = 0.00>
ST_1 : Operation 7 [1/1] (0.00ns)   --->   "%high_read_6 = read i16 @_ssdm_op_Read.ap_auto.i16, i16 %high_read_24" [../c_sources/dwt_idwt_cdf_5_3.c:187]   --->   Operation 7 'read' 'high_read_6' <Predicate = true> <Delay = 0.00>
ST_1 : Operation 8 [1/1] (0.00ns)   --->   "%high_read_7 = read i16 @_ssdm_op_Read.ap_auto.i16, i16 %high_read_23" [../c_sources/dwt_idwt_cdf_5_3.c:187]   --->   Operation 8 'read' 'high_read_7' <Predicate = true> <Delay = 0.00>
ST_1 : Operation 9 [1/1] (0.00ns)   --->   "%high_read_15 = read i16 @_ssdm_op_Read.ap_auto.i16, i16 %high_read" [../c_sources/dwt_idwt_cdf_5_3.c:187]   --->   Operation 9 'read' 'high_read_15' <Predicate = true> <Delay = 0.00>
ST_1 : Operation 10 [1/1] (0.00ns)   --->   "%low_read_1 = read i16 @_ssdm_op_Read.ap_auto.i16, i16 %low_read_29" [../c_sources/dwt_idwt_cdf_5_3.c:187]   --->   Operation 10 'read' 'low_read_1' <Predicate = true> <Delay = 0.00>
ST_1 : Operation 11 [1/1] (0.00ns)   --->   "%low_read_2 = read i16 @_ssdm_op_Read.ap_auto.i16, i16 %low_read_28" [../c_sources/dwt_idwt_cdf_5_3.c:187]   --->   Operation 11 'read' 'low_read_2' <Predicate = true> <Delay = 0.00>
ST_1 : Operation 12 [1/1] (0.00ns)   --->   "%low_read_3 = read i16 @_ssdm_op_Read.ap_auto.i16, i16 %low_read_27" [../c_sources/dwt_idwt_cdf_5_3.c:187]   --->   Operation 12 'read' 'low_read_3' <Predicate = true> <Delay = 0.00>
ST_1 : Operation 13 [1/1] (0.00ns)   --->   "%low_read_4 = read i16 @_ssdm_op_Read.ap_auto.i16, i16 %low_read_26" [../c_sources/dwt_idwt_cdf_5_3.c:187]   --->   Operation 13 'read' 'low_read_4' <Predicate = true> <Delay = 0.00>
ST_1 : Operation 14 [1/1] (0.00ns)   --->   "%low_read_5 = read i16 @_ssdm_op_Read.ap_auto.i16, i16 %low_read_25" [../c_sources/dwt_idwt_cdf_5_3.c:187]   --->   Operation 14 'read' 'low_read_5' <Predicate = true> <Delay = 0.00>
ST_1 : Operation 15 [1/1] (0.00ns)   --->   "%low_read_6 = read i16 @_ssdm_op_Read.ap_auto.i16, i16 %low_read_24" [../c_sources/dwt_idwt_cdf_5_3.c:187]   --->   Operation 15 'read' 'low_read_6' <Predicate = true> <Delay = 0.00>
ST_1 : Operation 16 [1/1] (0.00ns)   --->   "%low_read_7 = read i16 @_ssdm_op_Read.ap_auto.i16, i16 %low_read_23" [../c_sources/dwt_idwt_cdf_5_3.c:187]   --->   Operation 16 'read' 'low_read_7' <Predicate = true> <Delay = 0.00>
ST_1 : Operation 17 [1/1] (0.00ns)   --->   "%low_read_15 = read i16 @_ssdm_op_Read.ap_auto.i16, i16 %low_read" [../c_sources/dwt_idwt_cdf_5_3.c:187]   --->   Operation 17 'read' 'low_read_15' <Predicate = true> <Delay = 0.00>
ST_1 : Operation 18 [1/1] (0.00ns)   --->   "%sext_ln189 = sext i16 %low_read_15" [../c_sources/dwt_idwt_cdf_5_3.c:189]   --->   Operation 18 'sext' 'sext_ln189' <Predicate = true> <Delay = 0.00>
ST_1 : Operation 19 [1/1] (0.00ns)   --->   "%sext_ln189_1 = sext i16 %low_read_7" [../c_sources/dwt_idwt_cdf_5_3.c:189]   --->   Operation 19 'sext' 'sext_ln189_1' <Predicate = true> <Delay = 0.00>
ST_1 : Operation 20 [1/1] (0.00ns)   --->   "%sext_ln189_2 = sext i16 %low_read_6" [../c_sources/dwt_idwt_cdf_5_3.c:189]   --->   Operation 20 'sext' 'sext_ln189_2' <Predicate = true> <Delay = 0.00>
ST_1 : Operation 21 [1/1] (0.00ns)   --->   "%sext_ln189_3 = sext i16 %low_read_5" [../c_sources/dwt_idwt_cdf_5_3.c:189]   --->   Operation 21 'sext' 'sext_ln189_3' <Predicate = true> <Delay = 0.00>
ST_1 : Operation 22 [1/1] (0.00ns)   --->   "%sext_ln189_4 = sext i16 %low_read_4" [../c_sources/dwt_idwt_cdf_5_3.c:189]   --->   Operation 22 'sext' 'sext_ln189_4' <Predicate = true> <Delay = 0.00>
ST_1 : Operation 23 [1/1] (0.00ns)   --->   "%sext_ln189_5 = sext i16 %low_read_3" [../c_sources/dwt_idwt_cdf_5_3.c:189]   --->   Operation 23 'sext' 'sext_ln189_5' <Predicate = true> <Delay = 0.00>
ST_1 : Operation 24 [1/1] (0.00ns)   --->   "%sext_ln189_6 = sext i16 %low_read_2" [../c_sources/dwt_idwt_cdf_5_3.c:189]   --->   Operation 24 'sext' 'sext_ln189_6' <Predicate = true> <Delay = 0.00>
ST_1 : Operation 25 [1/1] (0.00ns)   --->   "%sext_ln189_7 = sext i16 %low_read_1" [../c_sources/dwt_idwt_cdf_5_3.c:189]   --->   Operation 25 'sext' 'sext_ln189_7' <Predicate = true> <Delay = 0.00>
ST_1 : Operation 26 [1/1] (0.00ns)   --->   "%sext_ln201 = sext i16 %high_read_15" [../c_sources/dwt_idwt_cdf_5_3.c:201]   --->   Operation 26 'sext' 'sext_ln201' <Predicate = true> <Delay = 0.00>
ST_1 : Operation 27 [1/1] (0.00ns)   --->   "%sext_ln190 = sext i16 %high_read_15" [../c_sources/dwt_idwt_cdf_5_3.c:190]   --->   Operation 27 'sext' 'sext_ln190' <Predicate = true> <Delay = 0.00>
ST_1 : Operation 28 [1/1] (0.00ns)   --->   "%sext_ln202 = sext i16 %high_read_7" [../c_sources/dwt_idwt_cdf_5_3.c:202]   --->   Operation 28 'sext' 'sext_ln202' <Predicate = true> <Delay = 0.00>
ST_1 : Operation 29 [1/1] (0.00ns)   --->   "%sext_ln190_1 = sext i16 %high_read_7" [../c_sources/dwt_idwt_cdf_5_3.c:190]   --->   Operation 29 'sext' 'sext_ln190_1' <Predicate = true> <Delay = 0.00>
ST_1 : Operation 30 [1/1] (0.00ns)   --->   "%sext_ln203 = sext i16 %high_read_6" [../c_sources/dwt_idwt_cdf_5_3.c:203]   --->   Operation 30 'sext' 'sext_ln203' <Predicate = true> <Delay = 0.00>
ST_1 : Operation 31 [1/1] (0.00ns)   --->   "%sext_ln190_2 = sext i16 %high_read_6" [../c_sources/dwt_idwt_cdf_5_3.c:190]   --->   Operation 31 'sext' 'sext_ln190_2' <Predicate = true> <Delay = 0.00>
ST_1 : Operation 32 [1/1] (0.00ns)   --->   "%sext_ln190_3 = sext i16 %high_read_6" [../c_sources/dwt_idwt_cdf_5_3.c:190]   --->   Operation 32 'sext' 'sext_ln190_3' <Predicate = true> <Delay = 0.00>
ST_1 : Operation 33 [1/1] (0.00ns)   --->   "%sext_ln204 = sext i16 %high_read_5" [../c_sources/dwt_idwt_cdf_5_3.c:204]   --->   Operation 33 'sext' 'sext_ln204' <Predicate = true> <Delay = 0.00>
ST_1 : Operation 34 [1/1] (0.00ns)   --->   "%sext_ln190_4 = sext i16 %high_read_5" [../c_sources/dwt_idwt_cdf_5_3.c:190]   --->   Operation 34 'sext' 'sext_ln190_4' <Predicate = true> <Delay = 0.00>
ST_1 : Operation 35 [1/1] (0.00ns)   --->   "%sext_ln190_5 = sext i16 %high_read_5" [../c_sources/dwt_idwt_cdf_5_3.c:190]   --->   Operation 35 'sext' 'sext_ln190_5' <Predicate = true> <Delay = 0.00>
ST_1 : Operation 36 [1/1] (0.00ns)   --->   "%sext_ln205 = sext i16 %high_read_4" [../c_sources/dwt_idwt_cdf_5_3.c:205]   --->   Operation 36 'sext' 'sext_ln205' <Predicate = true> <Delay = 0.00>
ST_1 : Operation 37 [1/1] (0.00ns)   --->   "%sext_ln190_6 = sext i16 %high_read_4" [../c_sources/dwt_idwt_cdf_5_3.c:190]   --->   Operation 37 'sext' 'sext_ln190_6' <Predicate = true> <Delay = 0.00>
ST_1 : Operation 38 [1/1] (0.00ns)   --->   "%sext_ln190_7 = sext i16 %high_read_4" [../c_sources/dwt_idwt_cdf_5_3.c:190]   --->   Operation 38 'sext' 'sext_ln190_7' <Predicate = true> <Delay = 0.00>
ST_1 : Operation 39 [1/1] (0.00ns)   --->   "%sext_ln206 = sext i16 %high_read_3" [../c_sources/dwt_idwt_cdf_5_3.c:206]   --->   Operation 39 'sext' 'sext_ln206' <Predicate = true> <Delay = 0.00>
ST_1 : Operation 40 [1/1] (0.00ns)   --->   "%sext_ln190_8 = sext i16 %high_read_3" [../c_sources/dwt_idwt_cdf_5_3.c:190]   --->   Operation 40 'sext' 'sext_ln190_8' <Predicate = true> <Delay = 0.00>
ST_1 : Operation 41 [1/1] (0.00ns)   --->   "%sext_ln190_9 = sext i16 %high_read_3" [../c_sources/dwt_idwt_cdf_5_3.c:190]   --->   Operation 41 'sext' 'sext_ln190_9' <Predicate = true> <Delay = 0.00>
ST_1 : Operation 42 [1/1] (0.00ns)   --->   "%sext_ln207 = sext i16 %high_read_2" [../c_sources/dwt_idwt_cdf_5_3.c:207]   --->   Operation 42 'sext' 'sext_ln207' <Predicate = true> <Delay = 0.00>
ST_1 : Operation 43 [1/1] (0.00ns)   --->   "%sext_ln190_10 = sext i16 %high_read_2" [../c_sources/dwt_idwt_cdf_5_3.c:190]   --->   Operation 43 'sext' 'sext_ln190_10' <Predicate = true> <Delay = 0.00>
ST_1 : Operation 44 [1/1] (0.00ns)   --->   "%sext_ln190_11 = sext i16 %high_read_2" [../c_sources/dwt_idwt_cdf_5_3.c:190]   --->   Operation 44 'sext' 'sext_ln190_11' <Predicate = true> <Delay = 0.00>
ST_1 : Operation 45 [1/1] (0.00ns)   --->   "%sext_ln208 = sext i16 %high_read_1" [../c_sources/dwt_idwt_cdf_5_3.c:208]   --->   Operation 45 'sext' 'sext_ln208' <Predicate = true> <Delay = 0.00>
ST_1 : Operation 46 [1/1] (0.00ns)   --->   "%sext_ln190_12 = sext i16 %high_read_1" [../c_sources/dwt_idwt_cdf_5_3.c:190]   --->   Operation 46 'sext' 'sext_ln190_12' <Predicate = true> <Delay = 0.00>
ST_1 : Operation 47 [1/1] (0.00ns)   --->   "%sext_ln190_13 = sext i16 %high_read_1" [../c_sources/dwt_idwt_cdf_5_3.c:190]   --->   Operation 47 'sext' 'sext_ln190_13' <Predicate = true> <Delay = 0.00>
ST_1 : Operation 48 [1/1] (0.85ns)   --->   "%add_ln210 = add i17 %sext_ln190, i17 2" [../c_sources/dwt_idwt_cdf_5_3.c:210]   --->   Operation 48 'add' 'add_ln210' <Predicate = true> <Delay = 0.85> <CoreInst = "Adder">   --->   Core 1 'Adder' <Latency = 0> <II = 1> <Delay = 0.85> <FuncUnit> <Opcode : 'add' 'sub'> <InPorts = 2> <OutPorts = 1>
ST_1 : Operation 49 [1/1] (0.00ns)   --->   "%sext_ln210 = sext i17 %add_ln210" [../c_sources/dwt_idwt_cdf_5_3.c:210]   --->   Operation 49 'sext' 'sext_ln210' <Predicate = true> <Delay = 0.00>
ST_1 : Operation 50 [1/1] (0.86ns)   --->   "%add_ln210_1 = add i18 %sext_ln210, i18 %sext_ln190_13" [../c_sources/dwt_idwt_cdf_5_3.c:210]   --->   Operation 50 'add' 'add_ln210_1' <Predicate = true> <Delay = 0.86> <CoreInst = "Adder">   --->   Core 1 'Adder' <Latency = 0> <II = 1> <Delay = 0.86> <FuncUnit> <Opcode : 'add' 'sub'> <InPorts = 2> <OutPorts = 1>
ST_1 : Operation 51 [1/1] (0.00ns)   --->   "%trunc_ln = partselect i16 @_ssdm_op_PartSelect.i16.i18.i32.i32, i18 %add_ln210_1, i32 2, i32 17" [../c_sources/dwt_idwt_cdf_5_3.c:210]   --->   Operation 51 'partselect' 'trunc_ln' <Predicate = true> <Delay = 0.00>
ST_1 : Operation 52 [1/1] (0.00ns)   --->   "%sext_ln210_1 = sext i16 %trunc_ln" [../c_sources/dwt_idwt_cdf_5_3.c:210]   --->   Operation 52 'sext' 'sext_ln210_1' <Predicate = true> <Delay = 0.00>
ST_1 : Operation 53 [1/1] (0.85ns)   --->   "%s = sub i17 %sext_ln189, i17 %sext_ln210_1" [../c_sources/dwt_idwt_cdf_5_3.c:210]   --->   Operation 53 'sub' 's' <Predicate = true> <Delay = 0.85> <CoreInst = "Adder">   --->   Core 1 'Adder' <Latency = 0> <II = 1> <Delay = 0.85> <FuncUnit> <Opcode : 'add' 'sub'> <InPorts = 2> <OutPorts = 1>
ST_1 : Operation 54 [1/1] (0.00ns)   --->   "%sext_ln189_8 = sext i17 %s" [../c_sources/dwt_idwt_cdf_5_3.c:189]   --->   Operation 54 'sext' 'sext_ln189_8' <Predicate = true> <Delay = 0.00>
ST_1 : Operation 55 [1/1] (0.86ns)   --->   "%add_ln211 = add i18 %sext_ln210, i18 %sext_ln190_1" [../c_sources/dwt_idwt_cdf_5_3.c:211]   --->   Operation 55 'add' 'add_ln211' <Predicate = true> <Delay = 0.86> <CoreInst = "Adder">   --->   Core 1 'Adder' <Latency = 0> <II = 1> <Delay = 0.86> <FuncUnit> <Opcode : 'add' 'sub'> <InPorts = 2> <OutPorts = 1>
ST_1 : Operation 56 [1/1] (0.00ns)   --->   "%trunc_ln1 = partselect i16 @_ssdm_op_PartSelect.i16.i18.i32.i32, i18 %add_ln211, i32 2, i32 17" [../c_sources/dwt_idwt_cdf_5_3.c:211]   --->   Operation 56 'partselect' 'trunc_ln1' <Predicate = true> <Delay = 0.00>
ST_1 : Operation 57 [1/1] (0.00ns)   --->   "%sext_ln211 = sext i16 %trunc_ln1" [../c_sources/dwt_idwt_cdf_5_3.c:211]   --->   Operation 57 'sext' 'sext_ln211' <Predicate = true> <Delay = 0.00>
ST_1 : Operation 58 [1/1] (0.85ns)   --->   "%s_1 = sub i17 %sext_ln189_1, i17 %sext_ln211" [../c_sources/dwt_idwt_cdf_5_3.c:211]   --->   Operation 58 'sub' 's_1' <Predicate = true> <Delay = 0.85> <CoreInst = "Adder">   --->   Core 1 'Adder' <Latency = 0> <II = 1> <Delay = 0.85> <FuncUnit> <Opcode : 'add' 'sub'> <InPorts = 2> <OutPorts = 1>
ST_1 : Operation 59 [1/1] (0.00ns)   --->   "%sext_ln189_9 = sext i17 %s_1" [../c_sources/dwt_idwt_cdf_5_3.c:189]   --->   Operation 59 'sext' 'sext_ln189_9' <Predicate = true> <Delay = 0.00>
ST_1 : Operation 60 [1/1] (0.85ns)   --->   "%add_ln212 = add i17 %sext_ln190_3, i17 2" [../c_sources/dwt_idwt_cdf_5_3.c:212]   --->   Operation 60 'add' 'add_ln212' <Predicate = true> <Delay = 0.85> <CoreInst = "Adder">   --->   Core 1 'Adder' <Latency = 0> <II = 1> <Delay = 0.85> <FuncUnit> <Opcode : 'add' 'sub'> <InPorts = 2> <OutPorts = 1>
ST_1 : Operation 61 [1/1] (0.00ns)   --->   "%sext_ln212 = sext i17 %add_ln212" [../c_sources/dwt_idwt_cdf_5_3.c:212]   --->   Operation 61 'sext' 'sext_ln212' <Predicate = true> <Delay = 0.00>
ST_1 : Operation 62 [1/1] (0.86ns)   --->   "%add_ln212_1 = add i18 %sext_ln212, i18 %sext_ln190_1" [../c_sources/dwt_idwt_cdf_5_3.c:212]   --->   Operation 62 'add' 'add_ln212_1' <Predicate = true> <Delay = 0.86> <CoreInst = "Adder">   --->   Core 1 'Adder' <Latency = 0> <II = 1> <Delay = 0.86> <FuncUnit> <Opcode : 'add' 'sub'> <InPorts = 2> <OutPorts = 1>
ST_1 : Operation 63 [1/1] (0.00ns)   --->   "%trunc_ln2 = partselect i16 @_ssdm_op_PartSelect.i16.i18.i32.i32, i18 %add_ln212_1, i32 2, i32 17" [../c_sources/dwt_idwt_cdf_5_3.c:212]   --->   Operation 63 'partselect' 'trunc_ln2' <Predicate = true> <Delay = 0.00>
ST_1 : Operation 64 [1/1] (0.00ns)   --->   "%sext_ln212_1 = sext i16 %trunc_ln2" [../c_sources/dwt_idwt_cdf_5_3.c:212]   --->   Operation 64 'sext' 'sext_ln212_1' <Predicate = true> <Delay = 0.00>
ST_1 : Operation 65 [1/1] (0.85ns)   --->   "%s_2 = sub i17 %sext_ln189_2, i17 %sext_ln212_1" [../c_sources/dwt_idwt_cdf_5_3.c:212]   --->   Operation 65 'sub' 's_2' <Predicate = true> <Delay = 0.85> <CoreInst = "Adder">   --->   Core 1 'Adder' <Latency = 0> <II = 1> <Delay = 0.85> <FuncUnit> <Opcode : 'add' 'sub'> <InPorts = 2> <OutPorts = 1>
ST_1 : Operation 66 [1/1] (0.00ns)   --->   "%sext_ln189_10 = sext i17 %s_2" [../c_sources/dwt_idwt_cdf_5_3.c:189]   --->   Operation 66 'sext' 'sext_ln189_10' <Predicate = true> <Delay = 0.00>
ST_1 : Operation 67 [1/1] (0.85ns)   --->   "%add_ln213 = add i17 %sext_ln190_5, i17 2" [../c_sources/dwt_idwt_cdf_5_3.c:213]   --->   Operation 67 'add' 'add_ln213' <Predicate = true> <Delay = 0.85> <CoreInst = "Adder">   --->   Core 1 'Adder' <Latency = 0> <II = 1> <Delay = 0.85> <FuncUnit> <Opcode : 'add' 'sub'> <InPorts = 2> <OutPorts = 1>
ST_1 : Operation 68 [1/1] (0.00ns)   --->   "%sext_ln213 = sext i17 %add_ln213" [../c_sources/dwt_idwt_cdf_5_3.c:213]   --->   Operation 68 'sext' 'sext_ln213' <Predicate = true> <Delay = 0.00>
ST_1 : Operation 69 [1/1] (0.86ns)   --->   "%add_ln213_1 = add i18 %sext_ln213, i18 %sext_ln190_2" [../c_sources/dwt_idwt_cdf_5_3.c:213]   --->   Operation 69 'add' 'add_ln213_1' <Predicate = true> <Delay = 0.86> <CoreInst = "Adder">   --->   Core 1 'Adder' <Latency = 0> <II = 1> <Delay = 0.86> <FuncUnit> <Opcode : 'add' 'sub'> <InPorts = 2> <OutPorts = 1>
ST_1 : Operation 70 [1/1] (0.00ns)   --->   "%trunc_ln3 = partselect i16 @_ssdm_op_PartSelect.i16.i18.i32.i32, i18 %add_ln213_1, i32 2, i32 17" [../c_sources/dwt_idwt_cdf_5_3.c:213]   --->   Operation 70 'partselect' 'trunc_ln3' <Predicate = true> <Delay = 0.00>
ST_1 : Operation 71 [1/1] (0.00ns)   --->   "%sext_ln213_1 = sext i16 %trunc_ln3" [../c_sources/dwt_idwt_cdf_5_3.c:213]   --->   Operation 71 'sext' 'sext_ln213_1' <Predicate = true> <Delay = 0.00>
ST_1 : Operation 72 [1/1] (0.85ns)   --->   "%s_3 = sub i17 %sext_ln189_3, i17 %sext_ln213_1" [../c_sources/dwt_idwt_cdf_5_3.c:213]   --->   Operation 72 'sub' 's_3' <Predicate = true> <Delay = 0.85> <CoreInst = "Adder">   --->   Core 1 'Adder' <Latency = 0> <II = 1> <Delay = 0.85> <FuncUnit> <Opcode : 'add' 'sub'> <InPorts = 2> <OutPorts = 1>
ST_1 : Operation 73 [1/1] (0.00ns)   --->   "%sext_ln189_11 = sext i17 %s_3" [../c_sources/dwt_idwt_cdf_5_3.c:189]   --->   Operation 73 'sext' 'sext_ln189_11' <Predicate = true> <Delay = 0.00>
ST_1 : Operation 74 [1/1] (0.85ns)   --->   "%add_ln214 = add i17 %sext_ln190_7, i17 2" [../c_sources/dwt_idwt_cdf_5_3.c:214]   --->   Operation 74 'add' 'add_ln214' <Predicate = true> <Delay = 0.85> <CoreInst = "Adder">   --->   Core 1 'Adder' <Latency = 0> <II = 1> <Delay = 0.85> <FuncUnit> <Opcode : 'add' 'sub'> <InPorts = 2> <OutPorts = 1>
ST_1 : Operation 75 [1/1] (0.00ns)   --->   "%sext_ln214 = sext i17 %add_ln214" [../c_sources/dwt_idwt_cdf_5_3.c:214]   --->   Operation 75 'sext' 'sext_ln214' <Predicate = true> <Delay = 0.00>
ST_1 : Operation 76 [1/1] (0.86ns)   --->   "%add_ln214_1 = add i18 %sext_ln214, i18 %sext_ln190_4" [../c_sources/dwt_idwt_cdf_5_3.c:214]   --->   Operation 76 'add' 'add_ln214_1' <Predicate = true> <Delay = 0.86> <CoreInst = "Adder">   --->   Core 1 'Adder' <Latency = 0> <II = 1> <Delay = 0.86> <FuncUnit> <Opcode : 'add' 'sub'> <InPorts = 2> <OutPorts = 1>
ST_1 : Operation 77 [1/1] (0.00ns)   --->   "%trunc_ln4 = partselect i16 @_ssdm_op_PartSelect.i16.i18.i32.i32, i18 %add_ln214_1, i32 2, i32 17" [../c_sources/dwt_idwt_cdf_5_3.c:214]   --->   Operation 77 'partselect' 'trunc_ln4' <Predicate = true> <Delay = 0.00>
ST_1 : Operation 78 [1/1] (0.00ns)   --->   "%sext_ln214_1 = sext i16 %trunc_ln4" [../c_sources/dwt_idwt_cdf_5_3.c:214]   --->   Operation 78 'sext' 'sext_ln214_1' <Predicate = true> <Delay = 0.00>
ST_1 : Operation 79 [1/1] (0.85ns)   --->   "%s_4 = sub i17 %sext_ln189_4, i17 %sext_ln214_1" [../c_sources/dwt_idwt_cdf_5_3.c:214]   --->   Operation 79 'sub' 's_4' <Predicate = true> <Delay = 0.85> <CoreInst = "Adder">   --->   Core 1 'Adder' <Latency = 0> <II = 1> <Delay = 0.85> <FuncUnit> <Opcode : 'add' 'sub'> <InPorts = 2> <OutPorts = 1>
ST_1 : Operation 80 [1/1] (0.00ns)   --->   "%sext_ln189_12 = sext i17 %s_4" [../c_sources/dwt_idwt_cdf_5_3.c:189]   --->   Operation 80 'sext' 'sext_ln189_12' <Predicate = true> <Delay = 0.00>
ST_1 : Operation 81 [1/1] (0.85ns)   --->   "%add_ln215 = add i17 %sext_ln190_9, i17 2" [../c_sources/dwt_idwt_cdf_5_3.c:215]   --->   Operation 81 'add' 'add_ln215' <Predicate = true> <Delay = 0.85> <CoreInst = "Adder">   --->   Core 1 'Adder' <Latency = 0> <II = 1> <Delay = 0.85> <FuncUnit> <Opcode : 'add' 'sub'> <InPorts = 2> <OutPorts = 1>
ST_1 : Operation 82 [1/1] (0.00ns)   --->   "%sext_ln215 = sext i17 %add_ln215" [../c_sources/dwt_idwt_cdf_5_3.c:215]   --->   Operation 82 'sext' 'sext_ln215' <Predicate = true> <Delay = 0.00>
ST_1 : Operation 83 [1/1] (0.86ns)   --->   "%add_ln215_1 = add i18 %sext_ln215, i18 %sext_ln190_6" [../c_sources/dwt_idwt_cdf_5_3.c:215]   --->   Operation 83 'add' 'add_ln215_1' <Predicate = true> <Delay = 0.86> <CoreInst = "Adder">   --->   Core 1 'Adder' <Latency = 0> <II = 1> <Delay = 0.86> <FuncUnit> <Opcode : 'add' 'sub'> <InPorts = 2> <OutPorts = 1>
ST_1 : Operation 84 [1/1] (0.00ns)   --->   "%trunc_ln5 = partselect i16 @_ssdm_op_PartSelect.i16.i18.i32.i32, i18 %add_ln215_1, i32 2, i32 17" [../c_sources/dwt_idwt_cdf_5_3.c:215]   --->   Operation 84 'partselect' 'trunc_ln5' <Predicate = true> <Delay = 0.00>
ST_1 : Operation 85 [1/1] (0.00ns)   --->   "%sext_ln215_1 = sext i16 %trunc_ln5" [../c_sources/dwt_idwt_cdf_5_3.c:215]   --->   Operation 85 'sext' 'sext_ln215_1' <Predicate = true> <Delay = 0.00>
ST_1 : Operation 86 [1/1] (0.85ns)   --->   "%s_5 = sub i17 %sext_ln189_5, i17 %sext_ln215_1" [../c_sources/dwt_idwt_cdf_5_3.c:215]   --->   Operation 86 'sub' 's_5' <Predicate = true> <Delay = 0.85> <CoreInst = "Adder">   --->   Core 1 'Adder' <Latency = 0> <II = 1> <Delay = 0.85> <FuncUnit> <Opcode : 'add' 'sub'> <InPorts = 2> <OutPorts = 1>
ST_1 : Operation 87 [1/1] (0.00ns)   --->   "%sext_ln189_13 = sext i17 %s_5" [../c_sources/dwt_idwt_cdf_5_3.c:189]   --->   Operation 87 'sext' 'sext_ln189_13' <Predicate = true> <Delay = 0.00>
ST_1 : Operation 88 [1/1] (0.85ns)   --->   "%add_ln216 = add i17 %sext_ln190_11, i17 2" [../c_sources/dwt_idwt_cdf_5_3.c:216]   --->   Operation 88 'add' 'add_ln216' <Predicate = true> <Delay = 0.85> <CoreInst = "Adder">   --->   Core 1 'Adder' <Latency = 0> <II = 1> <Delay = 0.85> <FuncUnit> <Opcode : 'add' 'sub'> <InPorts = 2> <OutPorts = 1>
ST_1 : Operation 89 [1/1] (0.00ns)   --->   "%sext_ln216 = sext i17 %add_ln216" [../c_sources/dwt_idwt_cdf_5_3.c:216]   --->   Operation 89 'sext' 'sext_ln216' <Predicate = true> <Delay = 0.00>
ST_1 : Operation 90 [1/1] (0.86ns)   --->   "%add_ln216_1 = add i18 %sext_ln216, i18 %sext_ln190_8" [../c_sources/dwt_idwt_cdf_5_3.c:216]   --->   Operation 90 'add' 'add_ln216_1' <Predicate = true> <Delay = 0.86> <CoreInst = "Adder">   --->   Core 1 'Adder' <Latency = 0> <II = 1> <Delay = 0.86> <FuncUnit> <Opcode : 'add' 'sub'> <InPorts = 2> <OutPorts = 1>
ST_1 : Operation 91 [1/1] (0.00ns)   --->   "%trunc_ln6 = partselect i16 @_ssdm_op_PartSelect.i16.i18.i32.i32, i18 %add_ln216_1, i32 2, i32 17" [../c_sources/dwt_idwt_cdf_5_3.c:216]   --->   Operation 91 'partselect' 'trunc_ln6' <Predicate = true> <Delay = 0.00>
ST_1 : Operation 92 [1/1] (0.00ns)   --->   "%sext_ln216_1 = sext i16 %trunc_ln6" [../c_sources/dwt_idwt_cdf_5_3.c:216]   --->   Operation 92 'sext' 'sext_ln216_1' <Predicate = true> <Delay = 0.00>
ST_1 : Operation 93 [1/1] (0.85ns)   --->   "%s_6 = sub i17 %sext_ln189_6, i17 %sext_ln216_1" [../c_sources/dwt_idwt_cdf_5_3.c:216]   --->   Operation 93 'sub' 's_6' <Predicate = true> <Delay = 0.85> <CoreInst = "Adder">   --->   Core 1 'Adder' <Latency = 0> <II = 1> <Delay = 0.85> <FuncUnit> <Opcode : 'add' 'sub'> <InPorts = 2> <OutPorts = 1>
ST_1 : Operation 94 [1/1] (0.00ns)   --->   "%sext_ln189_14 = sext i17 %s_6" [../c_sources/dwt_idwt_cdf_5_3.c:189]   --->   Operation 94 'sext' 'sext_ln189_14' <Predicate = true> <Delay = 0.00>
ST_1 : Operation 95 [1/1] (0.85ns)   --->   "%add_ln217 = add i17 %sext_ln190_12, i17 2" [../c_sources/dwt_idwt_cdf_5_3.c:217]   --->   Operation 95 'add' 'add_ln217' <Predicate = true> <Delay = 0.85> <CoreInst = "Adder">   --->   Core 1 'Adder' <Latency = 0> <II = 1> <Delay = 0.85> <FuncUnit> <Opcode : 'add' 'sub'> <InPorts = 2> <OutPorts = 1>
ST_1 : Operation 96 [1/1] (0.00ns)   --->   "%sext_ln217 = sext i17 %add_ln217" [../c_sources/dwt_idwt_cdf_5_3.c:217]   --->   Operation 96 'sext' 'sext_ln217' <Predicate = true> <Delay = 0.00>
ST_1 : Operation 97 [1/1] (0.86ns)   --->   "%add_ln217_1 = add i18 %sext_ln217, i18 %sext_ln190_10" [../c_sources/dwt_idwt_cdf_5_3.c:217]   --->   Operation 97 'add' 'add_ln217_1' <Predicate = true> <Delay = 0.86> <CoreInst = "Adder">   --->   Core 1 'Adder' <Latency = 0> <II = 1> <Delay = 0.86> <FuncUnit> <Opcode : 'add' 'sub'> <InPorts = 2> <OutPorts = 1>
ST_1 : Operation 98 [1/1] (0.00ns)   --->   "%trunc_ln7 = partselect i16 @_ssdm_op_PartSelect.i16.i18.i32.i32, i18 %add_ln217_1, i32 2, i32 17" [../c_sources/dwt_idwt_cdf_5_3.c:217]   --->   Operation 98 'partselect' 'trunc_ln7' <Predicate = true> <Delay = 0.00>
ST_1 : Operation 99 [1/1] (0.00ns)   --->   "%sext_ln217_1 = sext i16 %trunc_ln7" [../c_sources/dwt_idwt_cdf_5_3.c:217]   --->   Operation 99 'sext' 'sext_ln217_1' <Predicate = true> <Delay = 0.00>
ST_1 : Operation 100 [1/1] (0.85ns)   --->   "%s_7 = sub i17 %sext_ln189_7, i17 %sext_ln217_1" [../c_sources/dwt_idwt_cdf_5_3.c:217]   --->   Operation 100 'sub' 's_7' <Predicate = true> <Delay = 0.85> <CoreInst = "Adder">   --->   Core 1 'Adder' <Latency = 0> <II = 1> <Delay = 0.85> <FuncUnit> <Opcode : 'add' 'sub'> <InPorts = 2> <OutPorts = 1>
ST_1 : Operation 101 [1/1] (0.00ns)   --->   "%sext_ln189_15 = sext i17 %s_7" [../c_sources/dwt_idwt_cdf_5_3.c:189]   --->   Operation 101 'sext' 'sext_ln189_15' <Predicate = true> <Delay = 0.00>
ST_1 : Operation 102 [1/1] (0.00ns)   --->   "%tmp = partselect i10 @_ssdm_op_PartSelect.i10.i17.i32.i32, i17 %s, i32 7, i32 16" [../c_sources/dwt_idwt_cdf_5_3.c:9->../c_sources/dwt_idwt_cdf_5_3.c:219]   --->   Operation 102 'partselect' 'tmp' <Predicate = true> <Delay = 0.00>
ST_1 : Operation 103 [1/1] (0.78ns)   --->   "%icmp_ln9 = icmp_sgt  i10 %tmp, i10 0" [../c_sources/dwt_idwt_cdf_5_3.c:9->../c_sources/dwt_idwt_cdf_5_3.c:219]   --->   Operation 103 'icmp' 'icmp_ln9' <Predicate = true> <Delay = 0.78> <CoreInst = "Cmp">   --->   Core 9 'Cmp' <Latency = 0> <II = 1> <Delay = 0.78> <FuncUnit> <Opcode : 'seteq' 'setne' 'setle' 'setge' 'setlt' 'setgt'> <InPorts = 2> <OutPorts = 1>
ST_1 : Operation 104 [1/1] (0.86ns)   --->   "%icmp_ln10 = icmp_slt  i17 %s, i17 130944" [../c_sources/dwt_idwt_cdf_5_3.c:10->../c_sources/dwt_idwt_cdf_5_3.c:219]   --->   Operation 104 'icmp' 'icmp_ln10' <Predicate = true> <Delay = 0.86> <CoreInst = "Cmp">   --->   Core 9 'Cmp' <Latency = 0> <II = 1> <Delay = 0.86> <FuncUnit> <Opcode : 'seteq' 'setne' 'setle' 'setge' 'setlt' 'setgt'> <InPorts = 2> <OutPorts = 1>
ST_1 : Operation 105 [1/1] (0.00ns) (grouped into LUT with out node select_ln9_1)   --->   "%trunc_ln11 = trunc i17 %s" [../c_sources/dwt_idwt_cdf_5_3.c:11->../c_sources/dwt_idwt_cdf_5_3.c:219]   --->   Operation 105 'trunc' 'trunc_ln11' <Predicate = (!or_ln9)> <Delay = 0.00>
ST_1 : Operation 106 [1/1] (0.00ns) (grouped into LUT with out node select_ln9_1)   --->   "%select_ln9 = select i1 %icmp_ln9, i8 127, i8 128" [../c_sources/dwt_idwt_cdf_5_3.c:9->../c_sources/dwt_idwt_cdf_5_3.c:219]   --->   Operation 106 'select' 'select_ln9' <Predicate = (or_ln9)> <Delay = 0.00> <CoreInst = "Sel">   --->   Core 73 'Sel' <Latency = 0> <II = 1> <Delay = 0.38> <FuncUnit> <Opcode : 'select'> <InPorts = 3> <OutPorts = 1>
ST_1 : Operation 107 [1/1] (0.00ns) (grouped into LUT with out node select_ln9_1)   --->   "%or_ln9 = or i1 %icmp_ln9, i1 %icmp_ln10" [../c_sources/dwt_idwt_cdf_5_3.c:9->../c_sources/dwt_idwt_cdf_5_3.c:219]   --->   Operation 107 'or' 'or_ln9' <Predicate = true> <Delay = 0.00> <CoreInst = "LogicGate">   --->   Core 74 'LogicGate' <Latency = 0> <II = 1> <Delay = 0.28> <FuncUnit> <Opcode : 'and' 'or' 'xor'> <InPorts = 2> <OutPorts = 1>
ST_1 : Operation 108 [1/1] (0.38ns) (out node of the LUT)   --->   "%select_ln9_1 = select i1 %or_ln9, i8 %select_ln9, i8 %trunc_ln11" [../c_sources/dwt_idwt_cdf_5_3.c:9->../c_sources/dwt_idwt_cdf_5_3.c:219]   --->   Operation 108 'select' 'select_ln9_1' <Predicate = true> <Delay = 0.38> <CoreInst = "Sel">   --->   Core 73 'Sel' <Latency = 0> <II = 1> <Delay = 0.38> <FuncUnit> <Opcode : 'select'> <InPorts = 3> <OutPorts = 1>
ST_1 : Operation 109 [1/1] (0.00ns)   --->   "%tmp_1 = partselect i10 @_ssdm_op_PartSelect.i10.i17.i32.i32, i17 %s_1, i32 7, i32 16" [../c_sources/dwt_idwt_cdf_5_3.c:9->../c_sources/dwt_idwt_cdf_5_3.c:220]   --->   Operation 109 'partselect' 'tmp_1' <Predicate = true> <Delay = 0.00>
ST_1 : Operation 110 [1/1] (0.78ns)   --->   "%icmp_ln9_1 = icmp_sgt  i10 %tmp_1, i10 0" [../c_sources/dwt_idwt_cdf_5_3.c:9->../c_sources/dwt_idwt_cdf_5_3.c:220]   --->   Operation 110 'icmp' 'icmp_ln9_1' <Predicate = true> <Delay = 0.78> <CoreInst = "Cmp">   --->   Core 9 'Cmp' <Latency = 0> <II = 1> <Delay = 0.78> <FuncUnit> <Opcode : 'seteq' 'setne' 'setle' 'setge' 'setlt' 'setgt'> <InPorts = 2> <OutPorts = 1>
ST_1 : Operation 111 [1/1] (0.86ns)   --->   "%icmp_ln10_1 = icmp_slt  i17 %s_1, i17 130944" [../c_sources/dwt_idwt_cdf_5_3.c:10->../c_sources/dwt_idwt_cdf_5_3.c:220]   --->   Operation 111 'icmp' 'icmp_ln10_1' <Predicate = true> <Delay = 0.86> <CoreInst = "Cmp">   --->   Core 9 'Cmp' <Latency = 0> <II = 1> <Delay = 0.86> <FuncUnit> <Opcode : 'seteq' 'setne' 'setle' 'setge' 'setlt' 'setgt'> <InPorts = 2> <OutPorts = 1>
ST_1 : Operation 112 [1/1] (0.00ns) (grouped into LUT with out node select_ln9_3)   --->   "%trunc_ln11_1 = trunc i17 %s_1" [../c_sources/dwt_idwt_cdf_5_3.c:11->../c_sources/dwt_idwt_cdf_5_3.c:220]   --->   Operation 112 'trunc' 'trunc_ln11_1' <Predicate = (!or_ln9_1)> <Delay = 0.00>
ST_1 : Operation 113 [1/1] (0.00ns) (grouped into LUT with out node select_ln9_3)   --->   "%select_ln9_2 = select i1 %icmp_ln9_1, i8 127, i8 128" [../c_sources/dwt_idwt_cdf_5_3.c:9->../c_sources/dwt_idwt_cdf_5_3.c:220]   --->   Operation 113 'select' 'select_ln9_2' <Predicate = (or_ln9_1)> <Delay = 0.00> <CoreInst = "Sel">   --->   Core 73 'Sel' <Latency = 0> <II = 1> <Delay = 0.38> <FuncUnit> <Opcode : 'select'> <InPorts = 3> <OutPorts = 1>
ST_1 : Operation 114 [1/1] (0.00ns) (grouped into LUT with out node select_ln9_3)   --->   "%or_ln9_1 = or i1 %icmp_ln9_1, i1 %icmp_ln10_1" [../c_sources/dwt_idwt_cdf_5_3.c:9->../c_sources/dwt_idwt_cdf_5_3.c:220]   --->   Operation 114 'or' 'or_ln9_1' <Predicate = true> <Delay = 0.00> <CoreInst = "LogicGate">   --->   Core 74 'LogicGate' <Latency = 0> <II = 1> <Delay = 0.28> <FuncUnit> <Opcode : 'and' 'or' 'xor'> <InPorts = 2> <OutPorts = 1>
ST_1 : Operation 115 [1/1] (0.38ns) (out node of the LUT)   --->   "%select_ln9_3 = select i1 %or_ln9_1, i8 %select_ln9_2, i8 %trunc_ln11_1" [../c_sources/dwt_idwt_cdf_5_3.c:9->../c_sources/dwt_idwt_cdf_5_3.c:220]   --->   Operation 115 'select' 'select_ln9_3' <Predicate = true> <Delay = 0.38> <CoreInst = "Sel">   --->   Core 73 'Sel' <Latency = 0> <II = 1> <Delay = 0.38> <FuncUnit> <Opcode : 'select'> <InPorts = 3> <OutPorts = 1>
ST_1 : Operation 116 [1/1] (0.00ns)   --->   "%tmp_2 = partselect i10 @_ssdm_op_PartSelect.i10.i17.i32.i32, i17 %s_2, i32 7, i32 16" [../c_sources/dwt_idwt_cdf_5_3.c:9->../c_sources/dwt_idwt_cdf_5_3.c:221]   --->   Operation 116 'partselect' 'tmp_2' <Predicate = true> <Delay = 0.00>
ST_1 : Operation 117 [1/1] (0.78ns)   --->   "%icmp_ln9_2 = icmp_sgt  i10 %tmp_2, i10 0" [../c_sources/dwt_idwt_cdf_5_3.c:9->../c_sources/dwt_idwt_cdf_5_3.c:221]   --->   Operation 117 'icmp' 'icmp_ln9_2' <Predicate = true> <Delay = 0.78> <CoreInst = "Cmp">   --->   Core 9 'Cmp' <Latency = 0> <II = 1> <Delay = 0.78> <FuncUnit> <Opcode : 'seteq' 'setne' 'setle' 'setge' 'setlt' 'setgt'> <InPorts = 2> <OutPorts = 1>
ST_1 : Operation 118 [1/1] (0.86ns)   --->   "%icmp_ln10_2 = icmp_slt  i17 %s_2, i17 130944" [../c_sources/dwt_idwt_cdf_5_3.c:10->../c_sources/dwt_idwt_cdf_5_3.c:221]   --->   Operation 118 'icmp' 'icmp_ln10_2' <Predicate = true> <Delay = 0.86> <CoreInst = "Cmp">   --->   Core 9 'Cmp' <Latency = 0> <II = 1> <Delay = 0.86> <FuncUnit> <Opcode : 'seteq' 'setne' 'setle' 'setge' 'setlt' 'setgt'> <InPorts = 2> <OutPorts = 1>
ST_1 : Operation 119 [1/1] (0.00ns) (grouped into LUT with out node select_ln9_5)   --->   "%trunc_ln11_2 = trunc i17 %s_2" [../c_sources/dwt_idwt_cdf_5_3.c:11->../c_sources/dwt_idwt_cdf_5_3.c:221]   --->   Operation 119 'trunc' 'trunc_ln11_2' <Predicate = (!or_ln9_2)> <Delay = 0.00>
ST_1 : Operation 120 [1/1] (0.00ns) (grouped into LUT with out node select_ln9_5)   --->   "%select_ln9_4 = select i1 %icmp_ln9_2, i8 127, i8 128" [../c_sources/dwt_idwt_cdf_5_3.c:9->../c_sources/dwt_idwt_cdf_5_3.c:221]   --->   Operation 120 'select' 'select_ln9_4' <Predicate = (or_ln9_2)> <Delay = 0.00> <CoreInst = "Sel">   --->   Core 73 'Sel' <Latency = 0> <II = 1> <Delay = 0.38> <FuncUnit> <Opcode : 'select'> <InPorts = 3> <OutPorts = 1>
ST_1 : Operation 121 [1/1] (0.00ns) (grouped into LUT with out node select_ln9_5)   --->   "%or_ln9_2 = or i1 %icmp_ln9_2, i1 %icmp_ln10_2" [../c_sources/dwt_idwt_cdf_5_3.c:9->../c_sources/dwt_idwt_cdf_5_3.c:221]   --->   Operation 121 'or' 'or_ln9_2' <Predicate = true> <Delay = 0.00> <CoreInst = "LogicGate">   --->   Core 74 'LogicGate' <Latency = 0> <II = 1> <Delay = 0.28> <FuncUnit> <Opcode : 'and' 'or' 'xor'> <InPorts = 2> <OutPorts = 1>
ST_1 : Operation 122 [1/1] (0.38ns) (out node of the LUT)   --->   "%select_ln9_5 = select i1 %or_ln9_2, i8 %select_ln9_4, i8 %trunc_ln11_2" [../c_sources/dwt_idwt_cdf_5_3.c:9->../c_sources/dwt_idwt_cdf_5_3.c:221]   --->   Operation 122 'select' 'select_ln9_5' <Predicate = true> <Delay = 0.38> <CoreInst = "Sel">   --->   Core 73 'Sel' <Latency = 0> <II = 1> <Delay = 0.38> <FuncUnit> <Opcode : 'select'> <InPorts = 3> <OutPorts = 1>
ST_1 : Operation 123 [1/1] (0.00ns)   --->   "%tmp_3 = partselect i10 @_ssdm_op_PartSelect.i10.i17.i32.i32, i17 %s_3, i32 7, i32 16" [../c_sources/dwt_idwt_cdf_5_3.c:9->../c_sources/dwt_idwt_cdf_5_3.c:222]   --->   Operation 123 'partselect' 'tmp_3' <Predicate = true> <Delay = 0.00>
ST_1 : Operation 124 [1/1] (0.78ns)   --->   "%icmp_ln9_3 = icmp_sgt  i10 %tmp_3, i10 0" [../c_sources/dwt_idwt_cdf_5_3.c:9->../c_sources/dwt_idwt_cdf_5_3.c:222]   --->   Operation 124 'icmp' 'icmp_ln9_3' <Predicate = true> <Delay = 0.78> <CoreInst = "Cmp">   --->   Core 9 'Cmp' <Latency = 0> <II = 1> <Delay = 0.78> <FuncUnit> <Opcode : 'seteq' 'setne' 'setle' 'setge' 'setlt' 'setgt'> <InPorts = 2> <OutPorts = 1>
ST_1 : Operation 125 [1/1] (0.86ns)   --->   "%icmp_ln10_3 = icmp_slt  i17 %s_3, i17 130944" [../c_sources/dwt_idwt_cdf_5_3.c:10->../c_sources/dwt_idwt_cdf_5_3.c:222]   --->   Operation 125 'icmp' 'icmp_ln10_3' <Predicate = true> <Delay = 0.86> <CoreInst = "Cmp">   --->   Core 9 'Cmp' <Latency = 0> <II = 1> <Delay = 0.86> <FuncUnit> <Opcode : 'seteq' 'setne' 'setle' 'setge' 'setlt' 'setgt'> <InPorts = 2> <OutPorts = 1>
ST_1 : Operation 126 [1/1] (0.00ns) (grouped into LUT with out node select_ln9_7)   --->   "%trunc_ln11_3 = trunc i17 %s_3" [../c_sources/dwt_idwt_cdf_5_3.c:11->../c_sources/dwt_idwt_cdf_5_3.c:222]   --->   Operation 126 'trunc' 'trunc_ln11_3' <Predicate = (!or_ln9_3)> <Delay = 0.00>
ST_1 : Operation 127 [1/1] (0.00ns) (grouped into LUT with out node select_ln9_7)   --->   "%select_ln9_6 = select i1 %icmp_ln9_3, i8 127, i8 128" [../c_sources/dwt_idwt_cdf_5_3.c:9->../c_sources/dwt_idwt_cdf_5_3.c:222]   --->   Operation 127 'select' 'select_ln9_6' <Predicate = (or_ln9_3)> <Delay = 0.00> <CoreInst = "Sel">   --->   Core 73 'Sel' <Latency = 0> <II = 1> <Delay = 0.38> <FuncUnit> <Opcode : 'select'> <InPorts = 3> <OutPorts = 1>
ST_1 : Operation 128 [1/1] (0.00ns) (grouped into LUT with out node select_ln9_7)   --->   "%or_ln9_3 = or i1 %icmp_ln9_3, i1 %icmp_ln10_3" [../c_sources/dwt_idwt_cdf_5_3.c:9->../c_sources/dwt_idwt_cdf_5_3.c:222]   --->   Operation 128 'or' 'or_ln9_3' <Predicate = true> <Delay = 0.00> <CoreInst = "LogicGate">   --->   Core 74 'LogicGate' <Latency = 0> <II = 1> <Delay = 0.28> <FuncUnit> <Opcode : 'and' 'or' 'xor'> <InPorts = 2> <OutPorts = 1>
ST_1 : Operation 129 [1/1] (0.38ns) (out node of the LUT)   --->   "%select_ln9_7 = select i1 %or_ln9_3, i8 %select_ln9_6, i8 %trunc_ln11_3" [../c_sources/dwt_idwt_cdf_5_3.c:9->../c_sources/dwt_idwt_cdf_5_3.c:222]   --->   Operation 129 'select' 'select_ln9_7' <Predicate = true> <Delay = 0.38> <CoreInst = "Sel">   --->   Core 73 'Sel' <Latency = 0> <II = 1> <Delay = 0.38> <FuncUnit> <Opcode : 'select'> <InPorts = 3> <OutPorts = 1>
ST_1 : Operation 130 [1/1] (0.00ns)   --->   "%tmp_4 = partselect i10 @_ssdm_op_PartSelect.i10.i17.i32.i32, i17 %s_4, i32 7, i32 16" [../c_sources/dwt_idwt_cdf_5_3.c:9->../c_sources/dwt_idwt_cdf_5_3.c:223]   --->   Operation 130 'partselect' 'tmp_4' <Predicate = true> <Delay = 0.00>
ST_1 : Operation 131 [1/1] (0.78ns)   --->   "%icmp_ln9_4 = icmp_sgt  i10 %tmp_4, i10 0" [../c_sources/dwt_idwt_cdf_5_3.c:9->../c_sources/dwt_idwt_cdf_5_3.c:223]   --->   Operation 131 'icmp' 'icmp_ln9_4' <Predicate = true> <Delay = 0.78> <CoreInst = "Cmp">   --->   Core 9 'Cmp' <Latency = 0> <II = 1> <Delay = 0.78> <FuncUnit> <Opcode : 'seteq' 'setne' 'setle' 'setge' 'setlt' 'setgt'> <InPorts = 2> <OutPorts = 1>
ST_1 : Operation 132 [1/1] (0.86ns)   --->   "%icmp_ln10_4 = icmp_slt  i17 %s_4, i17 130944" [../c_sources/dwt_idwt_cdf_5_3.c:10->../c_sources/dwt_idwt_cdf_5_3.c:223]   --->   Operation 132 'icmp' 'icmp_ln10_4' <Predicate = true> <Delay = 0.86> <CoreInst = "Cmp">   --->   Core 9 'Cmp' <Latency = 0> <II = 1> <Delay = 0.86> <FuncUnit> <Opcode : 'seteq' 'setne' 'setle' 'setge' 'setlt' 'setgt'> <InPorts = 2> <OutPorts = 1>
ST_1 : Operation 133 [1/1] (0.00ns) (grouped into LUT with out node select_ln9_9)   --->   "%trunc_ln11_4 = trunc i17 %s_4" [../c_sources/dwt_idwt_cdf_5_3.c:11->../c_sources/dwt_idwt_cdf_5_3.c:223]   --->   Operation 133 'trunc' 'trunc_ln11_4' <Predicate = (!or_ln9_4)> <Delay = 0.00>
ST_1 : Operation 134 [1/1] (0.00ns) (grouped into LUT with out node select_ln9_9)   --->   "%select_ln9_8 = select i1 %icmp_ln9_4, i8 127, i8 128" [../c_sources/dwt_idwt_cdf_5_3.c:9->../c_sources/dwt_idwt_cdf_5_3.c:223]   --->   Operation 134 'select' 'select_ln9_8' <Predicate = (or_ln9_4)> <Delay = 0.00> <CoreInst = "Sel">   --->   Core 73 'Sel' <Latency = 0> <II = 1> <Delay = 0.38> <FuncUnit> <Opcode : 'select'> <InPorts = 3> <OutPorts = 1>
ST_1 : Operation 135 [1/1] (0.00ns) (grouped into LUT with out node select_ln9_9)   --->   "%or_ln9_4 = or i1 %icmp_ln9_4, i1 %icmp_ln10_4" [../c_sources/dwt_idwt_cdf_5_3.c:9->../c_sources/dwt_idwt_cdf_5_3.c:223]   --->   Operation 135 'or' 'or_ln9_4' <Predicate = true> <Delay = 0.00> <CoreInst = "LogicGate">   --->   Core 74 'LogicGate' <Latency = 0> <II = 1> <Delay = 0.28> <FuncUnit> <Opcode : 'and' 'or' 'xor'> <InPorts = 2> <OutPorts = 1>
ST_1 : Operation 136 [1/1] (0.38ns) (out node of the LUT)   --->   "%select_ln9_9 = select i1 %or_ln9_4, i8 %select_ln9_8, i8 %trunc_ln11_4" [../c_sources/dwt_idwt_cdf_5_3.c:9->../c_sources/dwt_idwt_cdf_5_3.c:223]   --->   Operation 136 'select' 'select_ln9_9' <Predicate = true> <Delay = 0.38> <CoreInst = "Sel">   --->   Core 73 'Sel' <Latency = 0> <II = 1> <Delay = 0.38> <FuncUnit> <Opcode : 'select'> <InPorts = 3> <OutPorts = 1>
ST_1 : Operation 137 [1/1] (0.00ns)   --->   "%tmp_5 = partselect i10 @_ssdm_op_PartSelect.i10.i17.i32.i32, i17 %s_5, i32 7, i32 16" [../c_sources/dwt_idwt_cdf_5_3.c:9->../c_sources/dwt_idwt_cdf_5_3.c:224]   --->   Operation 137 'partselect' 'tmp_5' <Predicate = true> <Delay = 0.00>
ST_1 : Operation 138 [1/1] (0.78ns)   --->   "%icmp_ln9_5 = icmp_sgt  i10 %tmp_5, i10 0" [../c_sources/dwt_idwt_cdf_5_3.c:9->../c_sources/dwt_idwt_cdf_5_3.c:224]   --->   Operation 138 'icmp' 'icmp_ln9_5' <Predicate = true> <Delay = 0.78> <CoreInst = "Cmp">   --->   Core 9 'Cmp' <Latency = 0> <II = 1> <Delay = 0.78> <FuncUnit> <Opcode : 'seteq' 'setne' 'setle' 'setge' 'setlt' 'setgt'> <InPorts = 2> <OutPorts = 1>
ST_1 : Operation 139 [1/1] (0.86ns)   --->   "%icmp_ln10_5 = icmp_slt  i17 %s_5, i17 130944" [../c_sources/dwt_idwt_cdf_5_3.c:10->../c_sources/dwt_idwt_cdf_5_3.c:224]   --->   Operation 139 'icmp' 'icmp_ln10_5' <Predicate = true> <Delay = 0.86> <CoreInst = "Cmp">   --->   Core 9 'Cmp' <Latency = 0> <II = 1> <Delay = 0.86> <FuncUnit> <Opcode : 'seteq' 'setne' 'setle' 'setge' 'setlt' 'setgt'> <InPorts = 2> <OutPorts = 1>
ST_1 : Operation 140 [1/1] (0.00ns) (grouped into LUT with out node select_ln9_11)   --->   "%trunc_ln11_5 = trunc i17 %s_5" [../c_sources/dwt_idwt_cdf_5_3.c:11->../c_sources/dwt_idwt_cdf_5_3.c:224]   --->   Operation 140 'trunc' 'trunc_ln11_5' <Predicate = (!or_ln9_5)> <Delay = 0.00>
ST_1 : Operation 141 [1/1] (0.00ns) (grouped into LUT with out node select_ln9_11)   --->   "%select_ln9_10 = select i1 %icmp_ln9_5, i8 127, i8 128" [../c_sources/dwt_idwt_cdf_5_3.c:9->../c_sources/dwt_idwt_cdf_5_3.c:224]   --->   Operation 141 'select' 'select_ln9_10' <Predicate = (or_ln9_5)> <Delay = 0.00> <CoreInst = "Sel">   --->   Core 73 'Sel' <Latency = 0> <II = 1> <Delay = 0.38> <FuncUnit> <Opcode : 'select'> <InPorts = 3> <OutPorts = 1>
ST_1 : Operation 142 [1/1] (0.00ns) (grouped into LUT with out node select_ln9_11)   --->   "%or_ln9_5 = or i1 %icmp_ln9_5, i1 %icmp_ln10_5" [../c_sources/dwt_idwt_cdf_5_3.c:9->../c_sources/dwt_idwt_cdf_5_3.c:224]   --->   Operation 142 'or' 'or_ln9_5' <Predicate = true> <Delay = 0.00> <CoreInst = "LogicGate">   --->   Core 74 'LogicGate' <Latency = 0> <II = 1> <Delay = 0.28> <FuncUnit> <Opcode : 'and' 'or' 'xor'> <InPorts = 2> <OutPorts = 1>
ST_1 : Operation 143 [1/1] (0.38ns) (out node of the LUT)   --->   "%select_ln9_11 = select i1 %or_ln9_5, i8 %select_ln9_10, i8 %trunc_ln11_5" [../c_sources/dwt_idwt_cdf_5_3.c:9->../c_sources/dwt_idwt_cdf_5_3.c:224]   --->   Operation 143 'select' 'select_ln9_11' <Predicate = true> <Delay = 0.38> <CoreInst = "Sel">   --->   Core 73 'Sel' <Latency = 0> <II = 1> <Delay = 0.38> <FuncUnit> <Opcode : 'select'> <InPorts = 3> <OutPorts = 1>
ST_1 : Operation 144 [1/1] (0.00ns)   --->   "%tmp_6 = partselect i10 @_ssdm_op_PartSelect.i10.i17.i32.i32, i17 %s_6, i32 7, i32 16" [../c_sources/dwt_idwt_cdf_5_3.c:9->../c_sources/dwt_idwt_cdf_5_3.c:225]   --->   Operation 144 'partselect' 'tmp_6' <Predicate = true> <Delay = 0.00>
ST_1 : Operation 145 [1/1] (0.78ns)   --->   "%icmp_ln9_6 = icmp_sgt  i10 %tmp_6, i10 0" [../c_sources/dwt_idwt_cdf_5_3.c:9->../c_sources/dwt_idwt_cdf_5_3.c:225]   --->   Operation 145 'icmp' 'icmp_ln9_6' <Predicate = true> <Delay = 0.78> <CoreInst = "Cmp">   --->   Core 9 'Cmp' <Latency = 0> <II = 1> <Delay = 0.78> <FuncUnit> <Opcode : 'seteq' 'setne' 'setle' 'setge' 'setlt' 'setgt'> <InPorts = 2> <OutPorts = 1>
ST_1 : Operation 146 [1/1] (0.86ns)   --->   "%icmp_ln10_6 = icmp_slt  i17 %s_6, i17 130944" [../c_sources/dwt_idwt_cdf_5_3.c:10->../c_sources/dwt_idwt_cdf_5_3.c:225]   --->   Operation 146 'icmp' 'icmp_ln10_6' <Predicate = true> <Delay = 0.86> <CoreInst = "Cmp">   --->   Core 9 'Cmp' <Latency = 0> <II = 1> <Delay = 0.86> <FuncUnit> <Opcode : 'seteq' 'setne' 'setle' 'setge' 'setlt' 'setgt'> <InPorts = 2> <OutPorts = 1>
ST_1 : Operation 147 [1/1] (0.00ns) (grouped into LUT with out node select_ln9_13)   --->   "%trunc_ln11_6 = trunc i17 %s_6" [../c_sources/dwt_idwt_cdf_5_3.c:11->../c_sources/dwt_idwt_cdf_5_3.c:225]   --->   Operation 147 'trunc' 'trunc_ln11_6' <Predicate = (!or_ln9_6)> <Delay = 0.00>
ST_1 : Operation 148 [1/1] (0.00ns) (grouped into LUT with out node select_ln9_13)   --->   "%select_ln9_12 = select i1 %icmp_ln9_6, i8 127, i8 128" [../c_sources/dwt_idwt_cdf_5_3.c:9->../c_sources/dwt_idwt_cdf_5_3.c:225]   --->   Operation 148 'select' 'select_ln9_12' <Predicate = (or_ln9_6)> <Delay = 0.00> <CoreInst = "Sel">   --->   Core 73 'Sel' <Latency = 0> <II = 1> <Delay = 0.38> <FuncUnit> <Opcode : 'select'> <InPorts = 3> <OutPorts = 1>
ST_1 : Operation 149 [1/1] (0.00ns) (grouped into LUT with out node select_ln9_13)   --->   "%or_ln9_6 = or i1 %icmp_ln9_6, i1 %icmp_ln10_6" [../c_sources/dwt_idwt_cdf_5_3.c:9->../c_sources/dwt_idwt_cdf_5_3.c:225]   --->   Operation 149 'or' 'or_ln9_6' <Predicate = true> <Delay = 0.00> <CoreInst = "LogicGate">   --->   Core 74 'LogicGate' <Latency = 0> <II = 1> <Delay = 0.28> <FuncUnit> <Opcode : 'and' 'or' 'xor'> <InPorts = 2> <OutPorts = 1>
ST_1 : Operation 150 [1/1] (0.38ns) (out node of the LUT)   --->   "%select_ln9_13 = select i1 %or_ln9_6, i8 %select_ln9_12, i8 %trunc_ln11_6" [../c_sources/dwt_idwt_cdf_5_3.c:9->../c_sources/dwt_idwt_cdf_5_3.c:225]   --->   Operation 150 'select' 'select_ln9_13' <Predicate = true> <Delay = 0.38> <CoreInst = "Sel">   --->   Core 73 'Sel' <Latency = 0> <II = 1> <Delay = 0.38> <FuncUnit> <Opcode : 'select'> <InPorts = 3> <OutPorts = 1>
ST_1 : Operation 151 [1/1] (0.00ns)   --->   "%tmp_7 = partselect i10 @_ssdm_op_PartSelect.i10.i17.i32.i32, i17 %s_7, i32 7, i32 16" [../c_sources/dwt_idwt_cdf_5_3.c:9->../c_sources/dwt_idwt_cdf_5_3.c:226]   --->   Operation 151 'partselect' 'tmp_7' <Predicate = true> <Delay = 0.00>
ST_1 : Operation 152 [1/1] (0.78ns)   --->   "%icmp_ln9_7 = icmp_sgt  i10 %tmp_7, i10 0" [../c_sources/dwt_idwt_cdf_5_3.c:9->../c_sources/dwt_idwt_cdf_5_3.c:226]   --->   Operation 152 'icmp' 'icmp_ln9_7' <Predicate = true> <Delay = 0.78> <CoreInst = "Cmp">   --->   Core 9 'Cmp' <Latency = 0> <II = 1> <Delay = 0.78> <FuncUnit> <Opcode : 'seteq' 'setne' 'setle' 'setge' 'setlt' 'setgt'> <InPorts = 2> <OutPorts = 1>
ST_1 : Operation 153 [1/1] (0.86ns)   --->   "%icmp_ln10_7 = icmp_slt  i17 %s_7, i17 130944" [../c_sources/dwt_idwt_cdf_5_3.c:10->../c_sources/dwt_idwt_cdf_5_3.c:226]   --->   Operation 153 'icmp' 'icmp_ln10_7' <Predicate = true> <Delay = 0.86> <CoreInst = "Cmp">   --->   Core 9 'Cmp' <Latency = 0> <II = 1> <Delay = 0.86> <FuncUnit> <Opcode : 'seteq' 'setne' 'setle' 'setge' 'setlt' 'setgt'> <InPorts = 2> <OutPorts = 1>
ST_1 : Operation 154 [1/1] (0.00ns) (grouped into LUT with out node select_ln9_15)   --->   "%trunc_ln11_7 = trunc i17 %s_7" [../c_sources/dwt_idwt_cdf_5_3.c:11->../c_sources/dwt_idwt_cdf_5_3.c:226]   --->   Operation 154 'trunc' 'trunc_ln11_7' <Predicate = (!or_ln9_7)> <Delay = 0.00>
ST_1 : Operation 155 [1/1] (0.00ns) (grouped into LUT with out node select_ln9_15)   --->   "%select_ln9_14 = select i1 %icmp_ln9_7, i8 127, i8 128" [../c_sources/dwt_idwt_cdf_5_3.c:9->../c_sources/dwt_idwt_cdf_5_3.c:226]   --->   Operation 155 'select' 'select_ln9_14' <Predicate = (or_ln9_7)> <Delay = 0.00> <CoreInst = "Sel">   --->   Core 73 'Sel' <Latency = 0> <II = 1> <Delay = 0.38> <FuncUnit> <Opcode : 'select'> <InPorts = 3> <OutPorts = 1>
ST_1 : Operation 156 [1/1] (0.00ns) (grouped into LUT with out node select_ln9_15)   --->   "%or_ln9_7 = or i1 %icmp_ln9_7, i1 %icmp_ln10_7" [../c_sources/dwt_idwt_cdf_5_3.c:9->../c_sources/dwt_idwt_cdf_5_3.c:226]   --->   Operation 156 'or' 'or_ln9_7' <Predicate = true> <Delay = 0.00> <CoreInst = "LogicGate">   --->   Core 74 'LogicGate' <Latency = 0> <II = 1> <Delay = 0.28> <FuncUnit> <Opcode : 'and' 'or' 'xor'> <InPorts = 2> <OutPorts = 1>
ST_1 : Operation 157 [1/1] (0.38ns) (out node of the LUT)   --->   "%select_ln9_15 = select i1 %or_ln9_7, i8 %select_ln9_14, i8 %trunc_ln11_7" [../c_sources/dwt_idwt_cdf_5_3.c:9->../c_sources/dwt_idwt_cdf_5_3.c:226]   --->   Operation 157 'select' 'select_ln9_15' <Predicate = true> <Delay = 0.38> <CoreInst = "Sel">   --->   Core 73 'Sel' <Latency = 0> <II = 1> <Delay = 0.38> <FuncUnit> <Opcode : 'select'> <InPorts = 3> <OutPorts = 1>
ST_1 : Operation 158 [1/1] (0.86ns)   --->   "%add_ln228 = add i18 %sext_ln189_8, i18 %sext_ln189_9" [../c_sources/dwt_idwt_cdf_5_3.c:228]   --->   Operation 158 'add' 'add_ln228' <Predicate = true> <Delay = 0.86> <CoreInst = "Adder">   --->   Core 1 'Adder' <Latency = 0> <II = 1> <Delay = 0.86> <FuncUnit> <Opcode : 'add' 'sub'> <InPorts = 2> <OutPorts = 1>
ST_1 : Operation 159 [1/1] (0.00ns)   --->   "%tmp_8 = partselect i17 @_ssdm_op_PartSelect.i17.i18.i32.i32, i18 %add_ln228, i32 1, i32 17" [../c_sources/dwt_idwt_cdf_5_3.c:228]   --->   Operation 159 'partselect' 'tmp_8' <Predicate = true> <Delay = 0.00>
ST_1 : Operation 160 [1/1] (0.00ns)   --->   "%sext_ln228 = sext i17 %tmp_8" [../c_sources/dwt_idwt_cdf_5_3.c:228]   --->   Operation 160 'sext' 'sext_ln228' <Predicate = true> <Delay = 0.00>
ST_1 : Operation 161 [1/1] (0.86ns)   --->   "%add_ln228_1 = add i32 %sext_ln228, i32 %sext_ln201" [../c_sources/dwt_idwt_cdf_5_3.c:228]   --->   Operation 161 'add' 'add_ln228_1' <Predicate = true> <Delay = 0.86> <CoreInst = "Adder">   --->   Core 1 'Adder' <Latency = 0> <II = 1> <Delay = 0.86> <FuncUnit> <Opcode : 'add' 'sub'> <InPorts = 2> <OutPorts = 1>
ST_1 : Operation 162 [1/1] (0.00ns)   --->   "%tmp_9 = partselect i25 @_ssdm_op_PartSelect.i25.i32.i32.i32, i32 %add_ln228_1, i32 7, i32 31" [../c_sources/dwt_idwt_cdf_5_3.c:9->../c_sources/dwt_idwt_cdf_5_3.c:228]   --->   Operation 162 'partselect' 'tmp_9' <Predicate = true> <Delay = 0.00>
ST_1 : Operation 163 [1/1] (0.94ns)   --->   "%icmp_ln9_8 = icmp_sgt  i25 %tmp_9, i25 0" [../c_sources/dwt_idwt_cdf_5_3.c:9->../c_sources/dwt_idwt_cdf_5_3.c:228]   --->   Operation 163 'icmp' 'icmp_ln9_8' <Predicate = true> <Delay = 0.94> <CoreInst = "Cmp">   --->   Core 9 'Cmp' <Latency = 0> <II = 1> <Delay = 0.94> <FuncUnit> <Opcode : 'seteq' 'setne' 'setle' 'setge' 'setlt' 'setgt'> <InPorts = 2> <OutPorts = 1>
ST_1 : Operation 164 [1/1] (0.87ns)   --->   "%icmp_ln10_8 = icmp_slt  i32 %add_ln228_1, i32 4294967168" [../c_sources/dwt_idwt_cdf_5_3.c:10->../c_sources/dwt_idwt_cdf_5_3.c:228]   --->   Operation 164 'icmp' 'icmp_ln10_8' <Predicate = true> <Delay = 0.87> <CoreInst = "Cmp">   --->   Core 9 'Cmp' <Latency = 0> <II = 1> <Delay = 0.87> <FuncUnit> <Opcode : 'seteq' 'setne' 'setle' 'setge' 'setlt' 'setgt'> <InPorts = 2> <OutPorts = 1>
ST_1 : Operation 165 [1/1] (0.00ns) (grouped into LUT with out node select_ln9_17)   --->   "%trunc_ln11_8 = trunc i32 %add_ln228_1" [../c_sources/dwt_idwt_cdf_5_3.c:11->../c_sources/dwt_idwt_cdf_5_3.c:228]   --->   Operation 165 'trunc' 'trunc_ln11_8' <Predicate = (!or_ln9_8)> <Delay = 0.00>
ST_1 : Operation 166 [1/1] (0.00ns) (grouped into LUT with out node select_ln9_17)   --->   "%select_ln9_16 = select i1 %icmp_ln9_8, i8 127, i8 128" [../c_sources/dwt_idwt_cdf_5_3.c:9->../c_sources/dwt_idwt_cdf_5_3.c:228]   --->   Operation 166 'select' 'select_ln9_16' <Predicate = (or_ln9_8)> <Delay = 0.00> <CoreInst = "Sel">   --->   Core 73 'Sel' <Latency = 0> <II = 1> <Delay = 0.38> <FuncUnit> <Opcode : 'select'> <InPorts = 3> <OutPorts = 1>
ST_1 : Operation 167 [1/1] (0.00ns) (grouped into LUT with out node select_ln9_17)   --->   "%or_ln9_8 = or i1 %icmp_ln9_8, i1 %icmp_ln10_8" [../c_sources/dwt_idwt_cdf_5_3.c:9->../c_sources/dwt_idwt_cdf_5_3.c:228]   --->   Operation 167 'or' 'or_ln9_8' <Predicate = true> <Delay = 0.00> <CoreInst = "LogicGate">   --->   Core 74 'LogicGate' <Latency = 0> <II = 1> <Delay = 0.28> <FuncUnit> <Opcode : 'and' 'or' 'xor'> <InPorts = 2> <OutPorts = 1>
ST_1 : Operation 168 [1/1] (0.38ns) (out node of the LUT)   --->   "%select_ln9_17 = select i1 %or_ln9_8, i8 %select_ln9_16, i8 %trunc_ln11_8" [../c_sources/dwt_idwt_cdf_5_3.c:9->../c_sources/dwt_idwt_cdf_5_3.c:228]   --->   Operation 168 'select' 'select_ln9_17' <Predicate = true> <Delay = 0.38> <CoreInst = "Sel">   --->   Core 73 'Sel' <Latency = 0> <II = 1> <Delay = 0.38> <FuncUnit> <Opcode : 'select'> <InPorts = 3> <OutPorts = 1>
ST_1 : Operation 169 [1/1] (0.86ns)   --->   "%add_ln229 = add i18 %sext_ln189_10, i18 %sext_ln189_9" [../c_sources/dwt_idwt_cdf_5_3.c:229]   --->   Operation 169 'add' 'add_ln229' <Predicate = true> <Delay = 0.86> <CoreInst = "Adder">   --->   Core 1 'Adder' <Latency = 0> <II = 1> <Delay = 0.86> <FuncUnit> <Opcode : 'add' 'sub'> <InPorts = 2> <OutPorts = 1>
ST_1 : Operation 170 [1/1] (0.00ns)   --->   "%tmp_10 = partselect i17 @_ssdm_op_PartSelect.i17.i18.i32.i32, i18 %add_ln229, i32 1, i32 17" [../c_sources/dwt_idwt_cdf_5_3.c:229]   --->   Operation 170 'partselect' 'tmp_10' <Predicate = true> <Delay = 0.00>
ST_1 : Operation 171 [1/1] (0.00ns)   --->   "%sext_ln229 = sext i17 %tmp_10" [../c_sources/dwt_idwt_cdf_5_3.c:229]   --->   Operation 171 'sext' 'sext_ln229' <Predicate = true> <Delay = 0.00>
ST_1 : Operation 172 [1/1] (0.86ns)   --->   "%add_ln229_1 = add i32 %sext_ln229, i32 %sext_ln202" [../c_sources/dwt_idwt_cdf_5_3.c:229]   --->   Operation 172 'add' 'add_ln229_1' <Predicate = true> <Delay = 0.86> <CoreInst = "Adder">   --->   Core 1 'Adder' <Latency = 0> <II = 1> <Delay = 0.86> <FuncUnit> <Opcode : 'add' 'sub'> <InPorts = 2> <OutPorts = 1>
ST_1 : Operation 173 [1/1] (0.00ns)   --->   "%tmp_11 = partselect i25 @_ssdm_op_PartSelect.i25.i32.i32.i32, i32 %add_ln229_1, i32 7, i32 31" [../c_sources/dwt_idwt_cdf_5_3.c:9->../c_sources/dwt_idwt_cdf_5_3.c:229]   --->   Operation 173 'partselect' 'tmp_11' <Predicate = true> <Delay = 0.00>
ST_1 : Operation 174 [1/1] (0.94ns)   --->   "%icmp_ln9_9 = icmp_sgt  i25 %tmp_11, i25 0" [../c_sources/dwt_idwt_cdf_5_3.c:9->../c_sources/dwt_idwt_cdf_5_3.c:229]   --->   Operation 174 'icmp' 'icmp_ln9_9' <Predicate = true> <Delay = 0.94> <CoreInst = "Cmp">   --->   Core 9 'Cmp' <Latency = 0> <II = 1> <Delay = 0.94> <FuncUnit> <Opcode : 'seteq' 'setne' 'setle' 'setge' 'setlt' 'setgt'> <InPorts = 2> <OutPorts = 1>
ST_1 : Operation 175 [1/1] (0.87ns)   --->   "%icmp_ln10_9 = icmp_slt  i32 %add_ln229_1, i32 4294967168" [../c_sources/dwt_idwt_cdf_5_3.c:10->../c_sources/dwt_idwt_cdf_5_3.c:229]   --->   Operation 175 'icmp' 'icmp_ln10_9' <Predicate = true> <Delay = 0.87> <CoreInst = "Cmp">   --->   Core 9 'Cmp' <Latency = 0> <II = 1> <Delay = 0.87> <FuncUnit> <Opcode : 'seteq' 'setne' 'setle' 'setge' 'setlt' 'setgt'> <InPorts = 2> <OutPorts = 1>
ST_1 : Operation 176 [1/1] (0.00ns) (grouped into LUT with out node select_ln9_19)   --->   "%trunc_ln11_9 = trunc i32 %add_ln229_1" [../c_sources/dwt_idwt_cdf_5_3.c:11->../c_sources/dwt_idwt_cdf_5_3.c:229]   --->   Operation 176 'trunc' 'trunc_ln11_9' <Predicate = (!or_ln9_9)> <Delay = 0.00>
ST_1 : Operation 177 [1/1] (0.00ns) (grouped into LUT with out node select_ln9_19)   --->   "%select_ln9_18 = select i1 %icmp_ln9_9, i8 127, i8 128" [../c_sources/dwt_idwt_cdf_5_3.c:9->../c_sources/dwt_idwt_cdf_5_3.c:229]   --->   Operation 177 'select' 'select_ln9_18' <Predicate = (or_ln9_9)> <Delay = 0.00> <CoreInst = "Sel">   --->   Core 73 'Sel' <Latency = 0> <II = 1> <Delay = 0.38> <FuncUnit> <Opcode : 'select'> <InPorts = 3> <OutPorts = 1>
ST_1 : Operation 178 [1/1] (0.00ns) (grouped into LUT with out node select_ln9_19)   --->   "%or_ln9_9 = or i1 %icmp_ln9_9, i1 %icmp_ln10_9" [../c_sources/dwt_idwt_cdf_5_3.c:9->../c_sources/dwt_idwt_cdf_5_3.c:229]   --->   Operation 178 'or' 'or_ln9_9' <Predicate = true> <Delay = 0.00> <CoreInst = "LogicGate">   --->   Core 74 'LogicGate' <Latency = 0> <II = 1> <Delay = 0.28> <FuncUnit> <Opcode : 'and' 'or' 'xor'> <InPorts = 2> <OutPorts = 1>
ST_1 : Operation 179 [1/1] (0.38ns) (out node of the LUT)   --->   "%select_ln9_19 = select i1 %or_ln9_9, i8 %select_ln9_18, i8 %trunc_ln11_9" [../c_sources/dwt_idwt_cdf_5_3.c:9->../c_sources/dwt_idwt_cdf_5_3.c:229]   --->   Operation 179 'select' 'select_ln9_19' <Predicate = true> <Delay = 0.38> <CoreInst = "Sel">   --->   Core 73 'Sel' <Latency = 0> <II = 1> <Delay = 0.38> <FuncUnit> <Opcode : 'select'> <InPorts = 3> <OutPorts = 1>
ST_1 : Operation 180 [1/1] (0.86ns)   --->   "%add_ln230 = add i18 %sext_ln189_11, i18 %sext_ln189_10" [../c_sources/dwt_idwt_cdf_5_3.c:230]   --->   Operation 180 'add' 'add_ln230' <Predicate = true> <Delay = 0.86> <CoreInst = "Adder">   --->   Core 1 'Adder' <Latency = 0> <II = 1> <Delay = 0.86> <FuncUnit> <Opcode : 'add' 'sub'> <InPorts = 2> <OutPorts = 1>
ST_1 : Operation 181 [1/1] (0.00ns)   --->   "%tmp_12 = partselect i17 @_ssdm_op_PartSelect.i17.i18.i32.i32, i18 %add_ln230, i32 1, i32 17" [../c_sources/dwt_idwt_cdf_5_3.c:230]   --->   Operation 181 'partselect' 'tmp_12' <Predicate = true> <Delay = 0.00>
ST_1 : Operation 182 [1/1] (0.00ns)   --->   "%sext_ln230 = sext i17 %tmp_12" [../c_sources/dwt_idwt_cdf_5_3.c:230]   --->   Operation 182 'sext' 'sext_ln230' <Predicate = true> <Delay = 0.00>
ST_1 : Operation 183 [1/1] (0.86ns)   --->   "%add_ln230_1 = add i32 %sext_ln230, i32 %sext_ln203" [../c_sources/dwt_idwt_cdf_5_3.c:230]   --->   Operation 183 'add' 'add_ln230_1' <Predicate = true> <Delay = 0.86> <CoreInst = "Adder">   --->   Core 1 'Adder' <Latency = 0> <II = 1> <Delay = 0.86> <FuncUnit> <Opcode : 'add' 'sub'> <InPorts = 2> <OutPorts = 1>
ST_1 : Operation 184 [1/1] (0.00ns)   --->   "%tmp_13 = partselect i25 @_ssdm_op_PartSelect.i25.i32.i32.i32, i32 %add_ln230_1, i32 7, i32 31" [../c_sources/dwt_idwt_cdf_5_3.c:9->../c_sources/dwt_idwt_cdf_5_3.c:230]   --->   Operation 184 'partselect' 'tmp_13' <Predicate = true> <Delay = 0.00>
ST_1 : Operation 185 [1/1] (0.94ns)   --->   "%icmp_ln9_10 = icmp_sgt  i25 %tmp_13, i25 0" [../c_sources/dwt_idwt_cdf_5_3.c:9->../c_sources/dwt_idwt_cdf_5_3.c:230]   --->   Operation 185 'icmp' 'icmp_ln9_10' <Predicate = true> <Delay = 0.94> <CoreInst = "Cmp">   --->   Core 9 'Cmp' <Latency = 0> <II = 1> <Delay = 0.94> <FuncUnit> <Opcode : 'seteq' 'setne' 'setle' 'setge' 'setlt' 'setgt'> <InPorts = 2> <OutPorts = 1>
ST_1 : Operation 186 [1/1] (0.87ns)   --->   "%icmp_ln10_10 = icmp_slt  i32 %add_ln230_1, i32 4294967168" [../c_sources/dwt_idwt_cdf_5_3.c:10->../c_sources/dwt_idwt_cdf_5_3.c:230]   --->   Operation 186 'icmp' 'icmp_ln10_10' <Predicate = true> <Delay = 0.87> <CoreInst = "Cmp">   --->   Core 9 'Cmp' <Latency = 0> <II = 1> <Delay = 0.87> <FuncUnit> <Opcode : 'seteq' 'setne' 'setle' 'setge' 'setlt' 'setgt'> <InPorts = 2> <OutPorts = 1>
ST_1 : Operation 187 [1/1] (0.00ns) (grouped into LUT with out node select_ln9_21)   --->   "%trunc_ln11_10 = trunc i32 %add_ln230_1" [../c_sources/dwt_idwt_cdf_5_3.c:11->../c_sources/dwt_idwt_cdf_5_3.c:230]   --->   Operation 187 'trunc' 'trunc_ln11_10' <Predicate = (!or_ln9_10)> <Delay = 0.00>
ST_1 : Operation 188 [1/1] (0.00ns) (grouped into LUT with out node select_ln9_21)   --->   "%select_ln9_20 = select i1 %icmp_ln9_10, i8 127, i8 128" [../c_sources/dwt_idwt_cdf_5_3.c:9->../c_sources/dwt_idwt_cdf_5_3.c:230]   --->   Operation 188 'select' 'select_ln9_20' <Predicate = (or_ln9_10)> <Delay = 0.00> <CoreInst = "Sel">   --->   Core 73 'Sel' <Latency = 0> <II = 1> <Delay = 0.38> <FuncUnit> <Opcode : 'select'> <InPorts = 3> <OutPorts = 1>
ST_1 : Operation 189 [1/1] (0.00ns) (grouped into LUT with out node select_ln9_21)   --->   "%or_ln9_10 = or i1 %icmp_ln9_10, i1 %icmp_ln10_10" [../c_sources/dwt_idwt_cdf_5_3.c:9->../c_sources/dwt_idwt_cdf_5_3.c:230]   --->   Operation 189 'or' 'or_ln9_10' <Predicate = true> <Delay = 0.00> <CoreInst = "LogicGate">   --->   Core 74 'LogicGate' <Latency = 0> <II = 1> <Delay = 0.28> <FuncUnit> <Opcode : 'and' 'or' 'xor'> <InPorts = 2> <OutPorts = 1>
ST_1 : Operation 190 [1/1] (0.38ns) (out node of the LUT)   --->   "%select_ln9_21 = select i1 %or_ln9_10, i8 %select_ln9_20, i8 %trunc_ln11_10" [../c_sources/dwt_idwt_cdf_5_3.c:9->../c_sources/dwt_idwt_cdf_5_3.c:230]   --->   Operation 190 'select' 'select_ln9_21' <Predicate = true> <Delay = 0.38> <CoreInst = "Sel">   --->   Core 73 'Sel' <Latency = 0> <II = 1> <Delay = 0.38> <FuncUnit> <Opcode : 'select'> <InPorts = 3> <OutPorts = 1>
ST_1 : Operation 191 [1/1] (0.86ns)   --->   "%add_ln231 = add i18 %sext_ln189_12, i18 %sext_ln189_11" [../c_sources/dwt_idwt_cdf_5_3.c:231]   --->   Operation 191 'add' 'add_ln231' <Predicate = true> <Delay = 0.86> <CoreInst = "Adder">   --->   Core 1 'Adder' <Latency = 0> <II = 1> <Delay = 0.86> <FuncUnit> <Opcode : 'add' 'sub'> <InPorts = 2> <OutPorts = 1>
ST_1 : Operation 192 [1/1] (0.00ns)   --->   "%tmp_14 = partselect i17 @_ssdm_op_PartSelect.i17.i18.i32.i32, i18 %add_ln231, i32 1, i32 17" [../c_sources/dwt_idwt_cdf_5_3.c:231]   --->   Operation 192 'partselect' 'tmp_14' <Predicate = true> <Delay = 0.00>
ST_1 : Operation 193 [1/1] (0.00ns)   --->   "%sext_ln231 = sext i17 %tmp_14" [../c_sources/dwt_idwt_cdf_5_3.c:231]   --->   Operation 193 'sext' 'sext_ln231' <Predicate = true> <Delay = 0.00>
ST_1 : Operation 194 [1/1] (0.86ns)   --->   "%add_ln231_1 = add i32 %sext_ln231, i32 %sext_ln204" [../c_sources/dwt_idwt_cdf_5_3.c:231]   --->   Operation 194 'add' 'add_ln231_1' <Predicate = true> <Delay = 0.86> <CoreInst = "Adder">   --->   Core 1 'Adder' <Latency = 0> <II = 1> <Delay = 0.86> <FuncUnit> <Opcode : 'add' 'sub'> <InPorts = 2> <OutPorts = 1>
ST_1 : Operation 195 [1/1] (0.00ns)   --->   "%tmp_15 = partselect i25 @_ssdm_op_PartSelect.i25.i32.i32.i32, i32 %add_ln231_1, i32 7, i32 31" [../c_sources/dwt_idwt_cdf_5_3.c:9->../c_sources/dwt_idwt_cdf_5_3.c:231]   --->   Operation 195 'partselect' 'tmp_15' <Predicate = true> <Delay = 0.00>
ST_1 : Operation 196 [1/1] (0.94ns)   --->   "%icmp_ln9_11 = icmp_sgt  i25 %tmp_15, i25 0" [../c_sources/dwt_idwt_cdf_5_3.c:9->../c_sources/dwt_idwt_cdf_5_3.c:231]   --->   Operation 196 'icmp' 'icmp_ln9_11' <Predicate = true> <Delay = 0.94> <CoreInst = "Cmp">   --->   Core 9 'Cmp' <Latency = 0> <II = 1> <Delay = 0.94> <FuncUnit> <Opcode : 'seteq' 'setne' 'setle' 'setge' 'setlt' 'setgt'> <InPorts = 2> <OutPorts = 1>
ST_1 : Operation 197 [1/1] (0.87ns)   --->   "%icmp_ln10_11 = icmp_slt  i32 %add_ln231_1, i32 4294967168" [../c_sources/dwt_idwt_cdf_5_3.c:10->../c_sources/dwt_idwt_cdf_5_3.c:231]   --->   Operation 197 'icmp' 'icmp_ln10_11' <Predicate = true> <Delay = 0.87> <CoreInst = "Cmp">   --->   Core 9 'Cmp' <Latency = 0> <II = 1> <Delay = 0.87> <FuncUnit> <Opcode : 'seteq' 'setne' 'setle' 'setge' 'setlt' 'setgt'> <InPorts = 2> <OutPorts = 1>
ST_1 : Operation 198 [1/1] (0.00ns) (grouped into LUT with out node select_ln9_23)   --->   "%trunc_ln11_11 = trunc i32 %add_ln231_1" [../c_sources/dwt_idwt_cdf_5_3.c:11->../c_sources/dwt_idwt_cdf_5_3.c:231]   --->   Operation 198 'trunc' 'trunc_ln11_11' <Predicate = (!or_ln9_11)> <Delay = 0.00>
ST_1 : Operation 199 [1/1] (0.00ns) (grouped into LUT with out node select_ln9_23)   --->   "%select_ln9_22 = select i1 %icmp_ln9_11, i8 127, i8 128" [../c_sources/dwt_idwt_cdf_5_3.c:9->../c_sources/dwt_idwt_cdf_5_3.c:231]   --->   Operation 199 'select' 'select_ln9_22' <Predicate = (or_ln9_11)> <Delay = 0.00> <CoreInst = "Sel">   --->   Core 73 'Sel' <Latency = 0> <II = 1> <Delay = 0.38> <FuncUnit> <Opcode : 'select'> <InPorts = 3> <OutPorts = 1>
ST_1 : Operation 200 [1/1] (0.00ns) (grouped into LUT with out node select_ln9_23)   --->   "%or_ln9_11 = or i1 %icmp_ln9_11, i1 %icmp_ln10_11" [../c_sources/dwt_idwt_cdf_5_3.c:9->../c_sources/dwt_idwt_cdf_5_3.c:231]   --->   Operation 200 'or' 'or_ln9_11' <Predicate = true> <Delay = 0.00> <CoreInst = "LogicGate">   --->   Core 74 'LogicGate' <Latency = 0> <II = 1> <Delay = 0.28> <FuncUnit> <Opcode : 'and' 'or' 'xor'> <InPorts = 2> <OutPorts = 1>
ST_1 : Operation 201 [1/1] (0.38ns) (out node of the LUT)   --->   "%select_ln9_23 = select i1 %or_ln9_11, i8 %select_ln9_22, i8 %trunc_ln11_11" [../c_sources/dwt_idwt_cdf_5_3.c:9->../c_sources/dwt_idwt_cdf_5_3.c:231]   --->   Operation 201 'select' 'select_ln9_23' <Predicate = true> <Delay = 0.38> <CoreInst = "Sel">   --->   Core 73 'Sel' <Latency = 0> <II = 1> <Delay = 0.38> <FuncUnit> <Opcode : 'select'> <InPorts = 3> <OutPorts = 1>
ST_1 : Operation 202 [1/1] (0.86ns)   --->   "%add_ln232 = add i18 %sext_ln189_13, i18 %sext_ln189_12" [../c_sources/dwt_idwt_cdf_5_3.c:232]   --->   Operation 202 'add' 'add_ln232' <Predicate = true> <Delay = 0.86> <CoreInst = "Adder">   --->   Core 1 'Adder' <Latency = 0> <II = 1> <Delay = 0.86> <FuncUnit> <Opcode : 'add' 'sub'> <InPorts = 2> <OutPorts = 1>
ST_1 : Operation 203 [1/1] (0.00ns)   --->   "%tmp_16 = partselect i17 @_ssdm_op_PartSelect.i17.i18.i32.i32, i18 %add_ln232, i32 1, i32 17" [../c_sources/dwt_idwt_cdf_5_3.c:232]   --->   Operation 203 'partselect' 'tmp_16' <Predicate = true> <Delay = 0.00>
ST_1 : Operation 204 [1/1] (0.00ns)   --->   "%sext_ln232 = sext i17 %tmp_16" [../c_sources/dwt_idwt_cdf_5_3.c:232]   --->   Operation 204 'sext' 'sext_ln232' <Predicate = true> <Delay = 0.00>
ST_1 : Operation 205 [1/1] (0.86ns)   --->   "%add_ln232_1 = add i32 %sext_ln232, i32 %sext_ln205" [../c_sources/dwt_idwt_cdf_5_3.c:232]   --->   Operation 205 'add' 'add_ln232_1' <Predicate = true> <Delay = 0.86> <CoreInst = "Adder">   --->   Core 1 'Adder' <Latency = 0> <II = 1> <Delay = 0.86> <FuncUnit> <Opcode : 'add' 'sub'> <InPorts = 2> <OutPorts = 1>
ST_1 : Operation 206 [1/1] (0.00ns)   --->   "%tmp_17 = partselect i25 @_ssdm_op_PartSelect.i25.i32.i32.i32, i32 %add_ln232_1, i32 7, i32 31" [../c_sources/dwt_idwt_cdf_5_3.c:9->../c_sources/dwt_idwt_cdf_5_3.c:232]   --->   Operation 206 'partselect' 'tmp_17' <Predicate = true> <Delay = 0.00>
ST_1 : Operation 207 [1/1] (0.94ns)   --->   "%icmp_ln9_12 = icmp_sgt  i25 %tmp_17, i25 0" [../c_sources/dwt_idwt_cdf_5_3.c:9->../c_sources/dwt_idwt_cdf_5_3.c:232]   --->   Operation 207 'icmp' 'icmp_ln9_12' <Predicate = true> <Delay = 0.94> <CoreInst = "Cmp">   --->   Core 9 'Cmp' <Latency = 0> <II = 1> <Delay = 0.94> <FuncUnit> <Opcode : 'seteq' 'setne' 'setle' 'setge' 'setlt' 'setgt'> <InPorts = 2> <OutPorts = 1>
ST_1 : Operation 208 [1/1] (0.87ns)   --->   "%icmp_ln10_12 = icmp_slt  i32 %add_ln232_1, i32 4294967168" [../c_sources/dwt_idwt_cdf_5_3.c:10->../c_sources/dwt_idwt_cdf_5_3.c:232]   --->   Operation 208 'icmp' 'icmp_ln10_12' <Predicate = true> <Delay = 0.87> <CoreInst = "Cmp">   --->   Core 9 'Cmp' <Latency = 0> <II = 1> <Delay = 0.87> <FuncUnit> <Opcode : 'seteq' 'setne' 'setle' 'setge' 'setlt' 'setgt'> <InPorts = 2> <OutPorts = 1>
ST_1 : Operation 209 [1/1] (0.00ns) (grouped into LUT with out node select_ln9_25)   --->   "%trunc_ln11_12 = trunc i32 %add_ln232_1" [../c_sources/dwt_idwt_cdf_5_3.c:11->../c_sources/dwt_idwt_cdf_5_3.c:232]   --->   Operation 209 'trunc' 'trunc_ln11_12' <Predicate = (!or_ln9_12)> <Delay = 0.00>
ST_1 : Operation 210 [1/1] (0.00ns) (grouped into LUT with out node select_ln9_25)   --->   "%select_ln9_24 = select i1 %icmp_ln9_12, i8 127, i8 128" [../c_sources/dwt_idwt_cdf_5_3.c:9->../c_sources/dwt_idwt_cdf_5_3.c:232]   --->   Operation 210 'select' 'select_ln9_24' <Predicate = (or_ln9_12)> <Delay = 0.00> <CoreInst = "Sel">   --->   Core 73 'Sel' <Latency = 0> <II = 1> <Delay = 0.38> <FuncUnit> <Opcode : 'select'> <InPorts = 3> <OutPorts = 1>
ST_1 : Operation 211 [1/1] (0.00ns) (grouped into LUT with out node select_ln9_25)   --->   "%or_ln9_12 = or i1 %icmp_ln9_12, i1 %icmp_ln10_12" [../c_sources/dwt_idwt_cdf_5_3.c:9->../c_sources/dwt_idwt_cdf_5_3.c:232]   --->   Operation 211 'or' 'or_ln9_12' <Predicate = true> <Delay = 0.00> <CoreInst = "LogicGate">   --->   Core 74 'LogicGate' <Latency = 0> <II = 1> <Delay = 0.28> <FuncUnit> <Opcode : 'and' 'or' 'xor'> <InPorts = 2> <OutPorts = 1>
ST_1 : Operation 212 [1/1] (0.38ns) (out node of the LUT)   --->   "%select_ln9_25 = select i1 %or_ln9_12, i8 %select_ln9_24, i8 %trunc_ln11_12" [../c_sources/dwt_idwt_cdf_5_3.c:9->../c_sources/dwt_idwt_cdf_5_3.c:232]   --->   Operation 212 'select' 'select_ln9_25' <Predicate = true> <Delay = 0.38> <CoreInst = "Sel">   --->   Core 73 'Sel' <Latency = 0> <II = 1> <Delay = 0.38> <FuncUnit> <Opcode : 'select'> <InPorts = 3> <OutPorts = 1>
ST_1 : Operation 213 [1/1] (0.86ns)   --->   "%add_ln233 = add i18 %sext_ln189_14, i18 %sext_ln189_13" [../c_sources/dwt_idwt_cdf_5_3.c:233]   --->   Operation 213 'add' 'add_ln233' <Predicate = true> <Delay = 0.86> <CoreInst = "Adder">   --->   Core 1 'Adder' <Latency = 0> <II = 1> <Delay = 0.86> <FuncUnit> <Opcode : 'add' 'sub'> <InPorts = 2> <OutPorts = 1>
ST_1 : Operation 214 [1/1] (0.00ns)   --->   "%tmp_18 = partselect i17 @_ssdm_op_PartSelect.i17.i18.i32.i32, i18 %add_ln233, i32 1, i32 17" [../c_sources/dwt_idwt_cdf_5_3.c:233]   --->   Operation 214 'partselect' 'tmp_18' <Predicate = true> <Delay = 0.00>
ST_1 : Operation 215 [1/1] (0.00ns)   --->   "%sext_ln233 = sext i17 %tmp_18" [../c_sources/dwt_idwt_cdf_5_3.c:233]   --->   Operation 215 'sext' 'sext_ln233' <Predicate = true> <Delay = 0.00>
ST_1 : Operation 216 [1/1] (0.86ns)   --->   "%add_ln233_1 = add i32 %sext_ln233, i32 %sext_ln206" [../c_sources/dwt_idwt_cdf_5_3.c:233]   --->   Operation 216 'add' 'add_ln233_1' <Predicate = true> <Delay = 0.86> <CoreInst = "Adder">   --->   Core 1 'Adder' <Latency = 0> <II = 1> <Delay = 0.86> <FuncUnit> <Opcode : 'add' 'sub'> <InPorts = 2> <OutPorts = 1>
ST_1 : Operation 217 [1/1] (0.00ns)   --->   "%tmp_19 = partselect i25 @_ssdm_op_PartSelect.i25.i32.i32.i32, i32 %add_ln233_1, i32 7, i32 31" [../c_sources/dwt_idwt_cdf_5_3.c:9->../c_sources/dwt_idwt_cdf_5_3.c:233]   --->   Operation 217 'partselect' 'tmp_19' <Predicate = true> <Delay = 0.00>
ST_1 : Operation 218 [1/1] (0.94ns)   --->   "%icmp_ln9_13 = icmp_sgt  i25 %tmp_19, i25 0" [../c_sources/dwt_idwt_cdf_5_3.c:9->../c_sources/dwt_idwt_cdf_5_3.c:233]   --->   Operation 218 'icmp' 'icmp_ln9_13' <Predicate = true> <Delay = 0.94> <CoreInst = "Cmp">   --->   Core 9 'Cmp' <Latency = 0> <II = 1> <Delay = 0.94> <FuncUnit> <Opcode : 'seteq' 'setne' 'setle' 'setge' 'setlt' 'setgt'> <InPorts = 2> <OutPorts = 1>
ST_1 : Operation 219 [1/1] (0.87ns)   --->   "%icmp_ln10_13 = icmp_slt  i32 %add_ln233_1, i32 4294967168" [../c_sources/dwt_idwt_cdf_5_3.c:10->../c_sources/dwt_idwt_cdf_5_3.c:233]   --->   Operation 219 'icmp' 'icmp_ln10_13' <Predicate = true> <Delay = 0.87> <CoreInst = "Cmp">   --->   Core 9 'Cmp' <Latency = 0> <II = 1> <Delay = 0.87> <FuncUnit> <Opcode : 'seteq' 'setne' 'setle' 'setge' 'setlt' 'setgt'> <InPorts = 2> <OutPorts = 1>
ST_1 : Operation 220 [1/1] (0.00ns) (grouped into LUT with out node select_ln9_27)   --->   "%trunc_ln11_13 = trunc i32 %add_ln233_1" [../c_sources/dwt_idwt_cdf_5_3.c:11->../c_sources/dwt_idwt_cdf_5_3.c:233]   --->   Operation 220 'trunc' 'trunc_ln11_13' <Predicate = (!or_ln9_13)> <Delay = 0.00>
ST_1 : Operation 221 [1/1] (0.00ns) (grouped into LUT with out node select_ln9_27)   --->   "%select_ln9_26 = select i1 %icmp_ln9_13, i8 127, i8 128" [../c_sources/dwt_idwt_cdf_5_3.c:9->../c_sources/dwt_idwt_cdf_5_3.c:233]   --->   Operation 221 'select' 'select_ln9_26' <Predicate = (or_ln9_13)> <Delay = 0.00> <CoreInst = "Sel">   --->   Core 73 'Sel' <Latency = 0> <II = 1> <Delay = 0.38> <FuncUnit> <Opcode : 'select'> <InPorts = 3> <OutPorts = 1>
ST_1 : Operation 222 [1/1] (0.00ns) (grouped into LUT with out node select_ln9_27)   --->   "%or_ln9_13 = or i1 %icmp_ln9_13, i1 %icmp_ln10_13" [../c_sources/dwt_idwt_cdf_5_3.c:9->../c_sources/dwt_idwt_cdf_5_3.c:233]   --->   Operation 222 'or' 'or_ln9_13' <Predicate = true> <Delay = 0.00> <CoreInst = "LogicGate">   --->   Core 74 'LogicGate' <Latency = 0> <II = 1> <Delay = 0.28> <FuncUnit> <Opcode : 'and' 'or' 'xor'> <InPorts = 2> <OutPorts = 1>
ST_1 : Operation 223 [1/1] (0.38ns) (out node of the LUT)   --->   "%select_ln9_27 = select i1 %or_ln9_13, i8 %select_ln9_26, i8 %trunc_ln11_13" [../c_sources/dwt_idwt_cdf_5_3.c:9->../c_sources/dwt_idwt_cdf_5_3.c:233]   --->   Operation 223 'select' 'select_ln9_27' <Predicate = true> <Delay = 0.38> <CoreInst = "Sel">   --->   Core 73 'Sel' <Latency = 0> <II = 1> <Delay = 0.38> <FuncUnit> <Opcode : 'select'> <InPorts = 3> <OutPorts = 1>
ST_1 : Operation 224 [1/1] (0.86ns)   --->   "%add_ln234 = add i18 %sext_ln189_15, i18 %sext_ln189_14" [../c_sources/dwt_idwt_cdf_5_3.c:234]   --->   Operation 224 'add' 'add_ln234' <Predicate = true> <Delay = 0.86> <CoreInst = "Adder">   --->   Core 1 'Adder' <Latency = 0> <II = 1> <Delay = 0.86> <FuncUnit> <Opcode : 'add' 'sub'> <InPorts = 2> <OutPorts = 1>
ST_1 : Operation 225 [1/1] (0.00ns)   --->   "%tmp_20 = partselect i17 @_ssdm_op_PartSelect.i17.i18.i32.i32, i18 %add_ln234, i32 1, i32 17" [../c_sources/dwt_idwt_cdf_5_3.c:234]   --->   Operation 225 'partselect' 'tmp_20' <Predicate = true> <Delay = 0.00>
ST_1 : Operation 226 [1/1] (0.00ns)   --->   "%sext_ln234 = sext i17 %tmp_20" [../c_sources/dwt_idwt_cdf_5_3.c:234]   --->   Operation 226 'sext' 'sext_ln234' <Predicate = true> <Delay = 0.00>
ST_1 : Operation 227 [1/1] (0.86ns)   --->   "%add_ln234_1 = add i32 %sext_ln234, i32 %sext_ln207" [../c_sources/dwt_idwt_cdf_5_3.c:234]   --->   Operation 227 'add' 'add_ln234_1' <Predicate = true> <Delay = 0.86> <CoreInst = "Adder">   --->   Core 1 'Adder' <Latency = 0> <II = 1> <Delay = 0.86> <FuncUnit> <Opcode : 'add' 'sub'> <InPorts = 2> <OutPorts = 1>
ST_1 : Operation 228 [1/1] (0.00ns)   --->   "%tmp_21 = partselect i25 @_ssdm_op_PartSelect.i25.i32.i32.i32, i32 %add_ln234_1, i32 7, i32 31" [../c_sources/dwt_idwt_cdf_5_3.c:9->../c_sources/dwt_idwt_cdf_5_3.c:234]   --->   Operation 228 'partselect' 'tmp_21' <Predicate = true> <Delay = 0.00>
ST_1 : Operation 229 [1/1] (0.94ns)   --->   "%icmp_ln9_14 = icmp_sgt  i25 %tmp_21, i25 0" [../c_sources/dwt_idwt_cdf_5_3.c:9->../c_sources/dwt_idwt_cdf_5_3.c:234]   --->   Operation 229 'icmp' 'icmp_ln9_14' <Predicate = true> <Delay = 0.94> <CoreInst = "Cmp">   --->   Core 9 'Cmp' <Latency = 0> <II = 1> <Delay = 0.94> <FuncUnit> <Opcode : 'seteq' 'setne' 'setle' 'setge' 'setlt' 'setgt'> <InPorts = 2> <OutPorts = 1>
ST_1 : Operation 230 [1/1] (0.87ns)   --->   "%icmp_ln10_14 = icmp_slt  i32 %add_ln234_1, i32 4294967168" [../c_sources/dwt_idwt_cdf_5_3.c:10->../c_sources/dwt_idwt_cdf_5_3.c:234]   --->   Operation 230 'icmp' 'icmp_ln10_14' <Predicate = true> <Delay = 0.87> <CoreInst = "Cmp">   --->   Core 9 'Cmp' <Latency = 0> <II = 1> <Delay = 0.87> <FuncUnit> <Opcode : 'seteq' 'setne' 'setle' 'setge' 'setlt' 'setgt'> <InPorts = 2> <OutPorts = 1>
ST_1 : Operation 231 [1/1] (0.00ns) (grouped into LUT with out node select_ln9_29)   --->   "%trunc_ln11_14 = trunc i32 %add_ln234_1" [../c_sources/dwt_idwt_cdf_5_3.c:11->../c_sources/dwt_idwt_cdf_5_3.c:234]   --->   Operation 231 'trunc' 'trunc_ln11_14' <Predicate = (!or_ln9_14)> <Delay = 0.00>
ST_1 : Operation 232 [1/1] (0.00ns) (grouped into LUT with out node select_ln9_29)   --->   "%select_ln9_28 = select i1 %icmp_ln9_14, i8 127, i8 128" [../c_sources/dwt_idwt_cdf_5_3.c:9->../c_sources/dwt_idwt_cdf_5_3.c:234]   --->   Operation 232 'select' 'select_ln9_28' <Predicate = (or_ln9_14)> <Delay = 0.00> <CoreInst = "Sel">   --->   Core 73 'Sel' <Latency = 0> <II = 1> <Delay = 0.38> <FuncUnit> <Opcode : 'select'> <InPorts = 3> <OutPorts = 1>
ST_1 : Operation 233 [1/1] (0.00ns) (grouped into LUT with out node select_ln9_29)   --->   "%or_ln9_14 = or i1 %icmp_ln9_14, i1 %icmp_ln10_14" [../c_sources/dwt_idwt_cdf_5_3.c:9->../c_sources/dwt_idwt_cdf_5_3.c:234]   --->   Operation 233 'or' 'or_ln9_14' <Predicate = true> <Delay = 0.00> <CoreInst = "LogicGate">   --->   Core 74 'LogicGate' <Latency = 0> <II = 1> <Delay = 0.28> <FuncUnit> <Opcode : 'and' 'or' 'xor'> <InPorts = 2> <OutPorts = 1>
ST_1 : Operation 234 [1/1] (0.38ns) (out node of the LUT)   --->   "%select_ln9_29 = select i1 %or_ln9_14, i8 %select_ln9_28, i8 %trunc_ln11_14" [../c_sources/dwt_idwt_cdf_5_3.c:9->../c_sources/dwt_idwt_cdf_5_3.c:234]   --->   Operation 234 'select' 'select_ln9_29' <Predicate = true> <Delay = 0.38> <CoreInst = "Sel">   --->   Core 73 'Sel' <Latency = 0> <II = 1> <Delay = 0.38> <FuncUnit> <Opcode : 'select'> <InPorts = 3> <OutPorts = 1>
ST_1 : Operation 235 [1/1] (0.86ns)   --->   "%add_ln235 = add i18 %sext_ln189_15, i18 %sext_ln189_8" [../c_sources/dwt_idwt_cdf_5_3.c:235]   --->   Operation 235 'add' 'add_ln235' <Predicate = true> <Delay = 0.86> <CoreInst = "Adder">   --->   Core 1 'Adder' <Latency = 0> <II = 1> <Delay = 0.86> <FuncUnit> <Opcode : 'add' 'sub'> <InPorts = 2> <OutPorts = 1>
ST_1 : Operation 236 [1/1] (0.00ns)   --->   "%tmp_22 = partselect i17 @_ssdm_op_PartSelect.i17.i18.i32.i32, i18 %add_ln235, i32 1, i32 17" [../c_sources/dwt_idwt_cdf_5_3.c:235]   --->   Operation 236 'partselect' 'tmp_22' <Predicate = true> <Delay = 0.00>
ST_1 : Operation 237 [1/1] (0.00ns)   --->   "%sext_ln235 = sext i17 %tmp_22" [../c_sources/dwt_idwt_cdf_5_3.c:235]   --->   Operation 237 'sext' 'sext_ln235' <Predicate = true> <Delay = 0.00>
ST_1 : Operation 238 [1/1] (0.86ns)   --->   "%add_ln235_1 = add i32 %sext_ln235, i32 %sext_ln208" [../c_sources/dwt_idwt_cdf_5_3.c:235]   --->   Operation 238 'add' 'add_ln235_1' <Predicate = true> <Delay = 0.86> <CoreInst = "Adder">   --->   Core 1 'Adder' <Latency = 0> <II = 1> <Delay = 0.86> <FuncUnit> <Opcode : 'add' 'sub'> <InPorts = 2> <OutPorts = 1>
ST_1 : Operation 239 [1/1] (0.00ns)   --->   "%tmp_23 = partselect i25 @_ssdm_op_PartSelect.i25.i32.i32.i32, i32 %add_ln235_1, i32 7, i32 31" [../c_sources/dwt_idwt_cdf_5_3.c:9->../c_sources/dwt_idwt_cdf_5_3.c:235]   --->   Operation 239 'partselect' 'tmp_23' <Predicate = true> <Delay = 0.00>
ST_1 : Operation 240 [1/1] (0.94ns)   --->   "%icmp_ln9_15 = icmp_sgt  i25 %tmp_23, i25 0" [../c_sources/dwt_idwt_cdf_5_3.c:9->../c_sources/dwt_idwt_cdf_5_3.c:235]   --->   Operation 240 'icmp' 'icmp_ln9_15' <Predicate = true> <Delay = 0.94> <CoreInst = "Cmp">   --->   Core 9 'Cmp' <Latency = 0> <II = 1> <Delay = 0.94> <FuncUnit> <Opcode : 'seteq' 'setne' 'setle' 'setge' 'setlt' 'setgt'> <InPorts = 2> <OutPorts = 1>
ST_1 : Operation 241 [1/1] (0.87ns)   --->   "%icmp_ln10_15 = icmp_slt  i32 %add_ln235_1, i32 4294967168" [../c_sources/dwt_idwt_cdf_5_3.c:10->../c_sources/dwt_idwt_cdf_5_3.c:235]   --->   Operation 241 'icmp' 'icmp_ln10_15' <Predicate = true> <Delay = 0.87> <CoreInst = "Cmp">   --->   Core 9 'Cmp' <Latency = 0> <II = 1> <Delay = 0.87> <FuncUnit> <Opcode : 'seteq' 'setne' 'setle' 'setge' 'setlt' 'setgt'> <InPorts = 2> <OutPorts = 1>
ST_1 : Operation 242 [1/1] (0.00ns) (grouped into LUT with out node select_ln9_31)   --->   "%trunc_ln11_15 = trunc i32 %add_ln235_1" [../c_sources/dwt_idwt_cdf_5_3.c:11->../c_sources/dwt_idwt_cdf_5_3.c:235]   --->   Operation 242 'trunc' 'trunc_ln11_15' <Predicate = (!or_ln9_15)> <Delay = 0.00>
ST_1 : Operation 243 [1/1] (0.00ns) (grouped into LUT with out node select_ln9_31)   --->   "%select_ln9_30 = select i1 %icmp_ln9_15, i8 127, i8 128" [../c_sources/dwt_idwt_cdf_5_3.c:9->../c_sources/dwt_idwt_cdf_5_3.c:235]   --->   Operation 243 'select' 'select_ln9_30' <Predicate = (or_ln9_15)> <Delay = 0.00> <CoreInst = "Sel">   --->   Core 73 'Sel' <Latency = 0> <II = 1> <Delay = 0.38> <FuncUnit> <Opcode : 'select'> <InPorts = 3> <OutPorts = 1>
ST_1 : Operation 244 [1/1] (0.00ns) (grouped into LUT with out node select_ln9_31)   --->   "%or_ln9_15 = or i1 %icmp_ln9_15, i1 %icmp_ln10_15" [../c_sources/dwt_idwt_cdf_5_3.c:9->../c_sources/dwt_idwt_cdf_5_3.c:235]   --->   Operation 244 'or' 'or_ln9_15' <Predicate = true> <Delay = 0.00> <CoreInst = "LogicGate">   --->   Core 74 'LogicGate' <Latency = 0> <II = 1> <Delay = 0.28> <FuncUnit> <Opcode : 'and' 'or' 'xor'> <InPorts = 2> <OutPorts = 1>
ST_1 : Operation 245 [1/1] (0.38ns) (out node of the LUT)   --->   "%select_ln9_31 = select i1 %or_ln9_15, i8 %select_ln9_30, i8 %trunc_ln11_15" [../c_sources/dwt_idwt_cdf_5_3.c:9->../c_sources/dwt_idwt_cdf_5_3.c:235]   --->   Operation 245 'select' 'select_ln9_31' <Predicate = true> <Delay = 0.38> <CoreInst = "Sel">   --->   Core 73 'Sel' <Latency = 0> <II = 1> <Delay = 0.38> <FuncUnit> <Opcode : 'select'> <InPorts = 3> <OutPorts = 1>
ST_1 : Operation 246 [1/1] (0.00ns)   --->   "%mrv = insertvalue i128 <undef>, i8 %select_ln9_1" [../c_sources/dwt_idwt_cdf_5_3.c:236]   --->   Operation 246 'insertvalue' 'mrv' <Predicate = true> <Delay = 0.00>
ST_1 : Operation 247 [1/1] (0.00ns)   --->   "%mrv_1 = insertvalue i128 %mrv, i8 %select_ln9_17" [../c_sources/dwt_idwt_cdf_5_3.c:236]   --->   Operation 247 'insertvalue' 'mrv_1' <Predicate = true> <Delay = 0.00>
ST_1 : Operation 248 [1/1] (0.00ns)   --->   "%mrv_2 = insertvalue i128 %mrv_1, i8 %select_ln9_3" [../c_sources/dwt_idwt_cdf_5_3.c:236]   --->   Operation 248 'insertvalue' 'mrv_2' <Predicate = true> <Delay = 0.00>
ST_1 : Operation 249 [1/1] (0.00ns)   --->   "%mrv_3 = insertvalue i128 %mrv_2, i8 %select_ln9_19" [../c_sources/dwt_idwt_cdf_5_3.c:236]   --->   Operation 249 'insertvalue' 'mrv_3' <Predicate = true> <Delay = 0.00>
ST_1 : Operation 250 [1/1] (0.00ns)   --->   "%mrv_4 = insertvalue i128 %mrv_3, i8 %select_ln9_5" [../c_sources/dwt_idwt_cdf_5_3.c:236]   --->   Operation 250 'insertvalue' 'mrv_4' <Predicate = true> <Delay = 0.00>
ST_1 : Operation 251 [1/1] (0.00ns)   --->   "%mrv_5 = insertvalue i128 %mrv_4, i8 %select_ln9_21" [../c_sources/dwt_idwt_cdf_5_3.c:236]   --->   Operation 251 'insertvalue' 'mrv_5' <Predicate = true> <Delay = 0.00>
ST_1 : Operation 252 [1/1] (0.00ns)   --->   "%mrv_6 = insertvalue i128 %mrv_5, i8 %select_ln9_7" [../c_sources/dwt_idwt_cdf_5_3.c:236]   --->   Operation 252 'insertvalue' 'mrv_6' <Predicate = true> <Delay = 0.00>
ST_1 : Operation 253 [1/1] (0.00ns)   --->   "%mrv_7 = insertvalue i128 %mrv_6, i8 %select_ln9_23" [../c_sources/dwt_idwt_cdf_5_3.c:236]   --->   Operation 253 'insertvalue' 'mrv_7' <Predicate = true> <Delay = 0.00>
ST_1 : Operation 254 [1/1] (0.00ns)   --->   "%mrv_8 = insertvalue i128 %mrv_7, i8 %select_ln9_9" [../c_sources/dwt_idwt_cdf_5_3.c:236]   --->   Operation 254 'insertvalue' 'mrv_8' <Predicate = true> <Delay = 0.00>
ST_1 : Operation 255 [1/1] (0.00ns)   --->   "%mrv_9 = insertvalue i128 %mrv_8, i8 %select_ln9_25" [../c_sources/dwt_idwt_cdf_5_3.c:236]   --->   Operation 255 'insertvalue' 'mrv_9' <Predicate = true> <Delay = 0.00>
ST_1 : Operation 256 [1/1] (0.00ns)   --->   "%mrv_s = insertvalue i128 %mrv_9, i8 %select_ln9_11" [../c_sources/dwt_idwt_cdf_5_3.c:236]   --->   Operation 256 'insertvalue' 'mrv_s' <Predicate = true> <Delay = 0.00>
ST_1 : Operation 257 [1/1] (0.00ns)   --->   "%mrv_10 = insertvalue i128 %mrv_s, i8 %select_ln9_27" [../c_sources/dwt_idwt_cdf_5_3.c:236]   --->   Operation 257 'insertvalue' 'mrv_10' <Predicate = true> <Delay = 0.00>
ST_1 : Operation 258 [1/1] (0.00ns)   --->   "%mrv_11 = insertvalue i128 %mrv_10, i8 %select_ln9_13" [../c_sources/dwt_idwt_cdf_5_3.c:236]   --->   Operation 258 'insertvalue' 'mrv_11' <Predicate = true> <Delay = 0.00>
ST_1 : Operation 259 [1/1] (0.00ns)   --->   "%mrv_12 = insertvalue i128 %mrv_11, i8 %select_ln9_29" [../c_sources/dwt_idwt_cdf_5_3.c:236]   --->   Operation 259 'insertvalue' 'mrv_12' <Predicate = true> <Delay = 0.00>
ST_1 : Operation 260 [1/1] (0.00ns)   --->   "%mrv_13 = insertvalue i128 %mrv_12, i8 %select_ln9_15" [../c_sources/dwt_idwt_cdf_5_3.c:236]   --->   Operation 260 'insertvalue' 'mrv_13' <Predicate = true> <Delay = 0.00>
ST_1 : Operation 261 [1/1] (0.00ns)   --->   "%mrv_14 = insertvalue i128 %mrv_13, i8 %select_ln9_31" [../c_sources/dwt_idwt_cdf_5_3.c:236]   --->   Operation 261 'insertvalue' 'mrv_14' <Predicate = true> <Delay = 0.00>
ST_1 : Operation 262 [1/1] (0.00ns)   --->   "%ret_ln236 = ret i128 %mrv_14" [../c_sources/dwt_idwt_cdf_5_3.c:236]   --->   Operation 262 'ret' 'ret_ln236' <Predicate = true> <Delay = 0.00>


============================================================
+ Verbose Summary: Timing violations
============================================================
Target clock period: 10.000ns, clock uncertainty: 2.700ns.

 <State 1>: 5.627ns
The critical path consists of the following:
	wire read operation ('high', ../c_sources/dwt_idwt_cdf_5_3.c:187) on port 'high_read' (../c_sources/dwt_idwt_cdf_5_3.c:187) [24]  (0.000 ns)
	'add' operation 17 bit ('add_ln210', ../c_sources/dwt_idwt_cdf_5_3.c:210) [63]  (0.853 ns)
	'add' operation 18 bit ('add_ln211', ../c_sources/dwt_idwt_cdf_5_3.c:211) [70]  (0.863 ns)
	'sub' operation 17 bit ('s', ../c_sources/dwt_idwt_cdf_5_3.c:211) [73]  (0.853 ns)
	'add' operation 18 bit ('add_ln228', ../c_sources/dwt_idwt_cdf_5_3.c:228) [173]  (0.863 ns)
	'add' operation 32 bit ('x', ../c_sources/dwt_idwt_cdf_5_3.c:228) [176]  (0.863 ns)
	'icmp' operation 1 bit ('icmp_ln9_8', ../c_sources/dwt_idwt_cdf_5_3.c:9->../c_sources/dwt_idwt_cdf_5_3.c:228) [178]  (0.945 ns)
	'select' operation 8 bit ('select_ln9_16', ../c_sources/dwt_idwt_cdf_5_3.c:9->../c_sources/dwt_idwt_cdf_5_3.c:228) [181]  (0.000 ns)
	'select' operation 8 bit ('out', ../c_sources/dwt_idwt_cdf_5_3.c:9->../c_sources/dwt_idwt_cdf_5_3.c:228) [183]  (0.387 ns)


============================================================
+ Verbose Summary: Binding
============================================================
N/A
* FSMD analyzer results:
  - Output states:
 - Input state : 
  - Chain level:
	State 1


============================================================
+ Verbose Summary: Datapath Resource usage 
============================================================
N/A
