================================================================
== Design Size Report
================================================================

* Total Instructions per Compilation Phase
+---------------+-----------------------------+--------------+----------------------------------------------------------------------------------------+
| Phase         | Step                        | Instructions | Description                                                                            |
+---------------+-----------------------------+--------------+----------------------------------------------------------------------------------------+
| Compile/Link  |                             | 673          | After all functions are compiled and linked into a single design                       |
|               |                             |              |                                                                                        |
| Unroll/Inline |                             |              | After user unroll and inline pragmas are applied                                       |
|               | (1) unroll                  | 472          | user unroll pragmas are applied                                                        |
|               | (2) simplification          | 389          | simplification of applied user unroll pragmas                                          |
|               | (3) inline                  | 357          | user inline pragmas are applied                                                        |
|               | (4) simplification          | 357          | simplification of applied user inline pragmas                                          |
|               |                             |              |                                                                                        |
| Array/Struct  |                             |              | After user array partition and struct aggregate/disaggregate pragmas are applied       |
|               | (1) array partition         | 360          | user array partition pragmas are applied                                               |
|               | (2) simplification          | 360          | simplification of applied user array partition & struct aggregate/disaggregate pragmas |
|               | (3) aggregate/disaggregate  | 360          | user struct aggregate/disaggregate pragmas are applied                                 |
|               | (4) array reshape           | 360          | apply array reshape pragmas                                                            |
|               | (5) access patterns         | 360          | array access pattern optmizations                                                      |
|               |                             |              |                                                                                        |
| Performance   |                             |              | After transformations are applied to meet performance pragma targets                   |
|               | (1) loop simplification     | 360          | loop and instruction simplification                                                    |
|               | (2) parallelization         | 360          | loops are unrolled or pipelined to meet performance targets                            |
|               | (3) array partition         | 325          | arrays are partitioned to meet performance targets                                     |
|               | (4) simplification          | 325          | simplification of design after performance transformations                             |
|               |                             |              |                                                                                        |
| HW Transforms |                             |              | After hardware transfomations                                                          |
|               | (1) lowering                | 337          | initial conversion to HW specific instructions                                         |
|               | (2) optimizations           | 339          | high level synthesis optimizations                                                     |
+---------------+-----------------------------+--------------+----------------------------------------------------------------------------------------+

* Instructions per Function for each Compilation Phase
+--------------------------+------------------------+----------------+---------------+--------------+-------------+---------------+
| Function                 | Location               | Compile/Link   | Unroll/Inline | Array/Struct | Performance | HW Transforms |
+--------------------------+------------------------+----------------+---------------+--------------+-------------+---------------+
| + HW_dwt53_inverse       | dwt_idwt_cdf_5_3.c:238 | 673            | 357           | 360          | 325         | 339           |
|  + HW_dwt53_inverse_core | dwt_idwt_cdf_5_3.c:187 | 475            | 214           | 217          | 185         | 185           |
|     clamp_i8             | dwt_idwt_cdf_5_3.c:8   | 160 (16 calls) |               |              |             |               |
+--------------------------+------------------------+----------------+---------------+--------------+-------------+---------------+

* Design Size Message Settings
+---------------------------------------------+--------+------------------------------------------------------------------+
| Message Setting                             | Value  | Description                                                      |
+---------------------------------------------+--------+------------------------------------------------------------------+
| config_compile -design_size_maximum_warning | 100000 | Show a warning when total design instructions exceeds this value |
+---------------------------------------------+--------+------------------------------------------------------------------+


