

================================================================
== Vitis HLS Report for 'HW_dwt53_inverse'
================================================================
* Date:           Thu Sep 25 08:43:59 2025

* Version:        2024.2 (Build 5238294 on Nov  8 2024)
* Project:        HW_dwt53_inverse
* Solution:       hls (Vivado IP Flow Target)
* Product family: kintexuplus
* Target device:  xcku5p-ffvb676-2-e


================================================================
== Performance Estimates
================================================================
+ Timing: 
    * Summary: 
    +--------+----------+----------+------------+
    |  Clock |  Target  | Estimated| Uncertainty|
    +--------+----------+----------+------------+
    |ap_clk  |  10.00 ns|  5.627 ns|     2.70 ns|
    +--------+----------+----------+------------+

+ Latency: 
    * Summary: 
    +---------+---------+-----------+-----------+-----+-----+---------+
    |  Latency (cycles) |   Latency (absolute)  |  Interval | Pipeline|
    |   min   |   max   |    min    |    max    | min | max |   Type  |
    +---------+---------+-----------+-----------+-----+-----+---------+
    |        1|        1|  10.000 ns|  10.000 ns|    2|    2|       no|
    +---------+---------+-----------+-----------+-----+-----+---------+

    + Detail: 
        * Instance: 
        +--------------------------------------+-----------------------+---------+---------+----------+----------+-----+-----+---------+
        |                                      |                       |  Latency (cycles) |  Latency (absolute) |  Interval | Pipeline|
        |               Instance               |         Module        |   min   |   max   |    min   |    max   | min | max |   Type  |
        +--------------------------------------+-----------------------+---------+---------+----------+----------+-----+-----+---------+
        |call_ret_HW_dwt53_inverse_core_fu_94  |HW_dwt53_inverse_core  |        0|        0|      0 ns|      0 ns|    0|    0|       no|
        +--------------------------------------+-----------------------+---------+---------+----------+----------+-----+-----+---------+

        * Loop: 
        N/A



================================================================
== Utilization Estimates
================================================================
* Summary: 
+-----------------+---------+------+--------+--------+-----+
|       Name      | BRAM_18K|  DSP |   FF   |   LUT  | URAM|
+-----------------+---------+------+--------+--------+-----+
|DSP              |        -|     -|       -|       -|    -|
|Expression       |        -|     -|       -|       -|    -|
|FIFO             |        -|     -|       -|       -|    -|
|Instance         |        -|     -|       0|    2272|    -|
|Memory           |        -|     -|       -|       -|    -|
|Multiplexer      |        -|     -|       0|      14|    -|
|Register         |        -|     -|       2|       -|    -|
+-----------------+---------+------+--------+--------+-----+
|Total            |        0|     0|       2|    2286|    0|
+-----------------+---------+------+--------+--------+-----+
|Available        |      960|  1824|  433920|  216960|   64|
+-----------------+---------+------+--------+--------+-----+
|Utilization (%)  |        0|     0|      ~0|       1|    0|
+-----------------+---------+------+--------+--------+-----+

+ Detail: 
    * Instance: 
    +--------------------------------------+-----------------------+---------+----+---+------+-----+
    |               Instance               |         Module        | BRAM_18K| DSP| FF|  LUT | URAM|
    +--------------------------------------+-----------------------+---------+----+---+------+-----+
    |call_ret_HW_dwt53_inverse_core_fu_94  |HW_dwt53_inverse_core  |        0|   0|  0|  2272|    0|
    +--------------------------------------+-----------------------+---------+----+---+------+-----+
    |Total                                 |                       |        0|   0|  0|  2272|    0|
    +--------------------------------------+-----------------------+---------+----+---+------+-----+

    * DSP: 
    N/A

    * Memory: 
    N/A

    * FIFO: 
    N/A

    * Expression: 
    N/A

    * Multiplexer: 
    +-----------+----+-----------+-----+-----------+
    |    Name   | LUT| Input Size| Bits| Total Bits|
    +-----------+----+-----------+-----+-----------+
    |ap_NS_fsm  |  14|          3|    1|          3|
    +-----------+----+-----------+-----+-----------+
    |Total      |  14|          3|    1|          3|
    +-----------+----+-----------+-----+-----------+

    * Register: 
    +-----------+---+----+-----+-----------+
    |    Name   | FF| LUT| Bits| Const Bits|
    +-----------+---+----+-----+-----------+
    |ap_CS_fsm  |  2|   0|    2|          0|
    +-----------+---+----+-----+-----------+
    |Total      |  2|   0|    2|          0|
    +-----------+---+----+-----+-----------+



================================================================
== Interface
================================================================
* Summary: 
+----------------+-----+-----+------------+------------------+--------------+
|    RTL Ports   | Dir | Bits|  Protocol  |   Source Object  |    C Type    |
+----------------+-----+-----+------------+------------------+--------------+
|ap_clk          |   in|    1|  ap_ctrl_hs|  HW_dwt53_inverse|  return value|
|ap_rst          |   in|    1|  ap_ctrl_hs|  HW_dwt53_inverse|  return value|
|ap_start        |   in|    1|  ap_ctrl_hs|  HW_dwt53_inverse|  return value|
|ap_done         |  out|    1|  ap_ctrl_hs|  HW_dwt53_inverse|  return value|
|ap_idle         |  out|    1|  ap_ctrl_hs|  HW_dwt53_inverse|  return value|
|ap_ready        |  out|    1|  ap_ctrl_hs|  HW_dwt53_inverse|  return value|
|low_03          |   in|   64|     ap_none|            low_03|        scalar|
|low_47          |   in|   64|     ap_none|            low_47|        scalar|
|high_03         |   in|   64|     ap_none|           high_03|        scalar|
|high_47         |   in|   64|     ap_none|           high_47|        scalar|
|p_out_0         |  out|   64|      ap_vld|           p_out_0|       pointer|
|p_out_0_ap_vld  |  out|    1|      ap_vld|           p_out_0|       pointer|
|p_out_1         |  out|   64|      ap_vld|           p_out_1|       pointer|
|p_out_1_ap_vld  |  out|    1|      ap_vld|           p_out_1|       pointer|
+----------------+-----+-----+------------+------------------+--------------+

